<html>
<body>
<pre>
<h1>µVision Build Log</h1>
<h2>Project:</h2>
D:\Ïðîåêòû\Óëüòðà-ìèêðîí\firmware\STM32_USB-FS-Device_Lib_V4.0.0\Projects\VirtualComport_Loopback\MDK-ARM\VirtualComport_Loopback.uvproj
Project File Date:  01/21/2013

<h2>Output:</h2>
Build target 'STM32L152-EVAL'
compiling usb_pwr.c...
linking...
Program Size: Code=5904 RO-data=456 RW-data=308 ZI-data=1148  
".\STM32L152-EVAL\STM32L152-EVAL.axf" - 0 Error(s), 0 Warning(s).
</pre>
</body>
</html>

compiling stm32_it.c...
compiling system_stm32l1xx.c...
assembling startup_stm32l1xx_md.s...
compiling usb_core.c...
compiling usb_init.c...
compiling usb_int.c...
compiling usb_mem.c...
compiling usb_regs.c...
compiling usb_sil.c...
compiling stm32l1xx_usart.c...
compiling stm32l1xx_exti.c...
compiling stm32l1xx_flash.c...
compiling stm32l1xx_gpio.c...
compiling stm32l1xx_i2c.c...
compiling stm32l1xx_rcc.c...
compiling stm32l1xx_spi.c...
compiling stm32l1xx_syscfg.c...
compiling stm32l1xx_dma.c...
compiling stm32l1xx_sdio.c...
compiling stm32l152_eval.c...
linking...
Program Size: Code=5904 RO-data=456 RW-data=308 ZI-data=1148  
".\STM32L152-EVAL\STM32L152-EVAL.axf" - 0 Error(s), 0 Warning(s).
ing stm32l1xx_sdio.c...
compiling stm32l1xx_spi.c...
compiling stm32l1xx_syscfg.c...
compiling stm32l1xx_tim.c...
compiling stm32l1xx_usart.c...
compiling stm32l1xx_wwdg.c...
compiling misc.c...
compiling usb_core.c...
compiling usb_init.c...
compiling usb_int.c...
compiling usb_mem.c...
compiling usb_regs.c...
compiling usb_sil.c...
compiling stm32l1xx_usart.c...
compiling stm32l1xx_exti.c...
compiling stm32l1xx_flash.c...
compiling stm32l1xx_gpio.c...
compiling stm32l1xx_i2c.c...
compiling stm32l1xx_rcc.c...
compiling stm32l1xx_spi.c...
compiling stm32l1xx_syscfg.c...
compiling stm32l1xx_dma.c...
compiling stm32l1xx_sdio.c...
compiling stm32l152_eval.c...
linking...
.\STM32L152-EVAL\STM32L152-EVAL.axf: Warning: L6304W: Duplicate input file .\stm32l152-eval\misc.o ignored.
.\STM32L152-EVAL\STM32L152-EVAL.axf: Warning: L6304W: Duplicate input file .\stm32l152-eval\stm32l1xx_usart.o ignored.
.\STM32L152-EVAL\STM32L152-EVAL.axf: Warning: L6304W: Duplicate input file .\stm32l152-eval\stm32l1xx_exti.o ignored.
.\STM32L152-EVAL\STM32L152-EVAL.axf: Warning: L6304W: Duplicate input file .\stm32l152-eval\stm32l1xx_flash.o ignored.
.\STM32L152-EVAL\STM32L152-EVAL.axf: Warning: L6304W: Duplicate input file .\stm32l152-eval\stm32l1xx_gpio.o ignored.
.\STM32L152-EVAL\STM32L152-EVAL.axf: Warning: L6304W: Duplicate input file .\stm32l152-eval\stm32l1xx_i2c.o ignored.
.\STM32L152-EVAL\STM32L152-EVAL.axf: Warning: L6304W: Duplicate input file .\stm32l152-eval\stm32l1xx_rcc.o ignored.
.\STM32L152-EVAL\STM32L152-EVAL.axf: Warning: L6304W: Duplicate input file .\stm32l152-eval\stm32l1xx_spi.o ignored.
.\STM32L152-EVAL\STM32L152-EVAL.axf: Warning: L6304W: Duplicate input file .\stm32l152-eval\stm32l1xx_syscfg.o ignored.
.\STM32L152-EVAL\STM32L152-EVAL.axf: Warning: L6304W: Duplicate input file .\stm32l152-eval\stm32l1xx_dma.o ignored.
.\STM32L152-EVAL\STM32L152-EVAL.axf: Warning: L6304W: Duplicate input file .\stm32l152-eval\stm32l1xx_sdio.o ignored.
Program Size: Code=5904 RO-data=456 RW-data=308 ZI-data=1148  
Finished: 0 information, 11 warning and 0 error messages.
".\STM32L152-EVAL\STM32L152-EVAL.axf" - 0 Error(s), 11 Warning(s).
