<html>
<body>
<pre>
<h1>µVision Build Log</h1>
<h2>Project:</h2>
D:\Проекты\Ультра-микрон\firmware\STM32_USB-FS-Device_Lib_V4.0.0\Projects\Virtual_COM_Port\MDK-ARM\VirtualCOMPort.uvproj
Project File Date:  01/21/2013

<h2>Output:</h2>
Build target 'STM32L152D-EVAL'
compiling misc.c...
compiling hw_config.c...
compiling main.c...
compiling usb_desc.c...
compiling usb_endp.c...
compiling usb_istr.c...
compiling usb_prop.c...
compiling usb_pwr.c...
compiling stm32_it.c...
compiling system_stm32l1xx.c...
..\src\system_stm32l1xx.c(283): warning:  #177-D: function "SetSysClock" was declared but never referenced
  static void SetSysClock(void)
..\src\system_stm32l1xx.c: 1 warning, 0 errors
assembling startup_stm32l1xx_hd.s...
compiling usb_core.c...
compiling usb_init.c...
compiling usb_int.c...
compiling usb_mem.c...
compiling usb_regs.c...
compiling usb_sil.c...
compiling stm32l1xx_usart.c...
compiling stm32l1xx_exti.c...
compiling stm32l1xx_flash.c...
compiling stm32l1xx_gpio.c...
compiling stm32l1xx_i2c.c...
compiling stm32l1xx_rcc.c...
compiling stm32l1xx_spi.c...
compiling stm32l1xx_syscfg.c...
compiling stm32l1xx_dma.c...
compiling stm32l1xx_sdio.c...
compiling stm32l152d_eval.c...
linking...
Program Size: Code=7080 RO-data=616 RW-data=392 ZI-data=3216  
".\STM32L152D-EVAL\STM32L152D-EVAL.axf" - 0 Error(s), 1 Warning(s).
