Product: MDK-ARM Professional 5.10
Component: ARM Compiler 5.04 update 1 (build 49)
Tool: armlink [5040049]

==============================================================================

Section Cross References

    hw_config.o(i.Enter_LowPowerMode) refers to usb_pwr.o(.data) for bDeviceState
    hw_config.o(i.Get_SerialNum) refers to hw_config.o(i.IntToUnicode) for IntToUnicode
    hw_config.o(i.Get_SerialNum) refers to usb_desc.o(.data) for Virtual_Com_Port_StringSerial
    hw_config.o(i.Handle_USBAsynchXfer) refers to usb_mem.o(i.UserToPMABufferCopy) for UserToPMABufferCopy
    hw_config.o(i.Handle_USBAsynchXfer) refers to usb_regs.o(i.SetEPTxCount) for SetEPTxCount
    hw_config.o(i.Handle_USBAsynchXfer) refers to usb_regs.o(i.SetEPTxValid) for SetEPTxValid
    hw_config.o(i.Handle_USBAsynchXfer) refers to hw_config.o(.data) for .data
    hw_config.o(i.Handle_USBAsynchXfer) refers to hw_config.o(.bss) for .bss
    hw_config.o(i.Leave_LowPowerMode) refers to system_stm32l1xx.o(i.SystemInit) for SystemInit
    hw_config.o(i.Leave_LowPowerMode) refers to usb_init.o(.bss) for Device_Info
    hw_config.o(i.Leave_LowPowerMode) refers to usb_pwr.o(.data) for bDeviceState
    hw_config.o(i.Set_System) refers to stm32l1xx_rcc.o(i.RCC_APB2PeriphClockCmd) for RCC_APB2PeriphClockCmd
    hw_config.o(i.Set_System) refers to stm32l1xx_exti.o(i.EXTI_ClearITPendingBit) for EXTI_ClearITPendingBit
    hw_config.o(i.Set_System) refers to stm32l1xx_exti.o(i.EXTI_Init) for EXTI_Init
    hw_config.o(i.Set_System) refers to hw_config.o(.data) for .data
    hw_config.o(i.Set_USBClock) refers to stm32l1xx_rcc.o(i.RCC_APB1PeriphClockCmd) for RCC_APB1PeriphClockCmd
    hw_config.o(i.USART_Config) refers to hw_config.o(i.USART_Config_Default) for USART_Config_Default
    hw_config.o(i.USART_Config) refers to stm32l152_eval.o(i.STM_EVAL_COMInit) for STM_EVAL_COMInit
    hw_config.o(i.USART_Config) refers to usb_prop.o(.data) for linecoding
    hw_config.o(i.USART_Config) refers to hw_config.o(.bss) for .bss
    hw_config.o(i.USART_Config_Default) refers to stm32l152_eval.o(i.STM_EVAL_COMInit) for STM_EVAL_COMInit
    hw_config.o(i.USART_Config_Default) refers to stm32l1xx_usart.o(i.USART_ITConfig) for USART_ITConfig
    hw_config.o(i.USART_Config_Default) refers to hw_config.o(.bss) for .bss
    hw_config.o(i.USART_To_USB_Send_Data) refers to stm32l1xx_usart.o(i.USART_ReceiveData) for USART_ReceiveData
    hw_config.o(i.USART_To_USB_Send_Data) refers to usb_prop.o(.data) for linecoding
    hw_config.o(i.USART_To_USB_Send_Data) refers to hw_config.o(.bss) for .bss
    hw_config.o(i.USART_To_USB_Send_Data) refers to hw_config.o(.data) for .data
    hw_config.o(i.USB_Cable_Config) refers to stm32l1xx_syscfg.o(i.SYSCFG_USBPuCmd) for SYSCFG_USBPuCmd
    hw_config.o(i.USB_Interrupts_Config) refers to misc.o(i.NVIC_PriorityGroupConfig) for NVIC_PriorityGroupConfig
    hw_config.o(i.USB_Interrupts_Config) refers to misc.o(i.NVIC_Init) for NVIC_Init
    hw_config.o(i.USB_To_USART_Send_Data) refers to stm32l1xx_usart.o(i.USART_SendData) for USART_SendData
    hw_config.o(i.USB_To_USART_Send_Data) refers to stm32l1xx_usart.o(i.USART_GetFlagStatus) for USART_GetFlagStatus
    main.o(i.main) refers to misc.o(i.NVIC_SetVectorTable) for NVIC_SetVectorTable
    main.o(i.main) refers to hw_config.o(i.Set_System) for Set_System
    main.o(i.main) refers to hw_config.o(i.Set_USBClock) for Set_USBClock
    main.o(i.main) refers to hw_config.o(i.USB_Interrupts_Config) for USB_Interrupts_Config
    main.o(i.main) refers to usb_init.o(i.USB_Init) for USB_Init
    usb_endp.o(i.EP1_IN_Callback) refers to usb_mem.o(i.UserToPMABufferCopy) for UserToPMABufferCopy
    usb_endp.o(i.EP1_IN_Callback) refers to usb_regs.o(i.SetEPTxCount) for SetEPTxCount
    usb_endp.o(i.EP1_IN_Callback) refers to usb_regs.o(i.SetEPTxValid) for SetEPTxValid
    usb_endp.o(i.EP1_IN_Callback) refers to hw_config.o(.data) for USB_Tx_State
    usb_endp.o(i.EP1_IN_Callback) refers to hw_config.o(.bss) for USART_Rx_Buffer
    usb_endp.o(i.EP3_OUT_Callback) refers to usb_sil.o(i.USB_SIL_Read) for USB_SIL_Read
    usb_endp.o(i.EP3_OUT_Callback) refers to hw_config.o(i.USB_To_USART_Send_Data) for USB_To_USART_Send_Data
    usb_endp.o(i.EP3_OUT_Callback) refers to usb_regs.o(i.SetEPRxValid) for SetEPRxValid
    usb_endp.o(i.EP3_OUT_Callback) refers to usb_endp.o(.bss) for .bss
    usb_endp.o(i.SOF_Callback) refers to hw_config.o(i.Handle_USBAsynchXfer) for Handle_USBAsynchXfer
    usb_endp.o(i.SOF_Callback) refers to usb_pwr.o(.data) for bDeviceState
    usb_endp.o(i.SOF_Callback) refers to usb_endp.o(.data) for .data
    usb_istr.o(i.USB_Istr) refers to usb_endp.o(i.SOF_Callback) for SOF_Callback
    usb_istr.o(i.USB_Istr) refers to usb_int.o(i.CTR_LP) for CTR_LP
    usb_istr.o(i.USB_Istr) refers to usb_pwr.o(i.Resume) for Resume
    usb_istr.o(i.USB_Istr) refers to usb_pwr.o(i.Suspend) for Suspend
    usb_istr.o(i.USB_Istr) refers to usb_istr.o(.data) for .data
[...]
    stm32l152_eval.o(i.sEE_LowLevel_Init) refers to stm32l1xx_rcc.o(i.RCC_APB1PeriphResetCmd) for RCC_APB1PeriphResetCmd
    stm32l152_eval.o(i.sEE_LowLevel_Init) refers to stm32l1xx_gpio.o(i.GPIO_PinAFConfig) for GPIO_PinAFConfig
    stm32l152_eval.o(i.sEE_LowLevel_Init) refers to stm32l1xx_gpio.o(i.GPIO_Init) for GPIO_Init
    stm32l152_eval.o(i.sEE_LowLevel_Init) refers to misc.o(i.NVIC_Init) for NVIC_Init
    stm32l152_eval.o(i.sEE_LowLevel_Init) refers to stm32l1xx_dma.o(i.DMA_DeInit) for DMA_DeInit
    stm32l152_eval.o(i.sEE_LowLevel_Init) refers to stm32l1xx_dma.o(i.DMA_Init) for DMA_Init
    stm32l152_eval.o(i.sEE_LowLevel_Init) refers to stm32l1xx_dma.o(i.DMA_ITConfig) for DMA_ITConfig
    stm32l152_eval.o(i.sEE_LowLevel_Init) refers to stm32l152_eval.o(.bss) for .bss
    entry.o(.ARM.Collect$$$$00000000) refers (Special) to entry10a.o(.ARM.Collect$$$$0000000D) for __rt_final_cpp
    entry.o(.ARM.Collect$$$$00000000) refers (Special) to entry11a.o(.ARM.Collect$$$$0000000F) for __rt_final_exit
    entry.o(.ARM.Collect$$$$00000000) refers (Special) to entry7b.o(.ARM.Collect$$$$00000008) for _main_clock
    entry.o(.ARM.Collect$$$$00000000) refers (Special) to entry8b.o(.ARM.Collect$$$$0000000A) for _main_cpp_init
    entry.o(.ARM.Collect$$$$00000000) refers (Special) to entry9a.o(.ARM.Collect$$$$0000000B) for _main_init
    entry.o(.ARM.Collect$$$$00000000) refers (Special) to entry5.o(.ARM.Collect$$$$00000004) for _main_scatterload
    entry.o(.ARM.Collect$$$$00000000) refers (Special) to entry2.o(.ARM.Collect$$$$00000001) for _main_stk
    entry2.o(.ARM.Collect$$$$00000001) refers to entry2.o(.ARM.Collect$$$$00002712) for __lit__00000000
    entry2.o(.ARM.Collect$$$$00002712) refers to startup_stm32l1xx_md.o(STACK) for __initial_sp
    entry2.o(__vectab_stack_and_reset_area) refers to startup_stm32l1xx_md.o(STACK) for __initial_sp
    entry2.o(__vectab_stack_and_reset_area) refers to entry.o(.ARM.Collect$$$$00000000) for __main
    entry5.o(.ARM.Collect$$$$00000004) refers to init.o(.text) for __scatterload
    entry9a.o(.ARM.Collect$$$$0000000B) refers to main.o(i.main) for main
    entry9b.o(.ARM.Collect$$$$0000000C) refers to main.o(i.main) for main
    init.o(.text) refers to entry5.o(.ARM.Collect$$$$00000004) for __main_after_scatterload


==============================================================================

Removing Unused input sections from the image.

    Removing misc.o(.rev16_text), (4 bytes).
    Removing misc.o(.revsh_text), (4 bytes).
    Removing misc.o(i.NVIC_SystemLPConfig), (24 bytes).
    Removing misc.o(i.SysTick_CLKSourceConfig), (24 bytes).
    Removing hw_config.o(.rev16_text), (4 bytes).
    Removing hw_config.o(.revsh_text), (4 bytes).
    Removing hw_config.o(i.Enter_LowPowerMode), (12 bytes).
    Removing hw_config.o(.data), (1 bytes).
    Removing main.o(.rev16_text), (4 bytes).
    Removing main.o(.revsh_text), (4 bytes).
    Removing usb_desc.o(.rev16_text), (4 bytes).
    Removing usb_desc.o(.revsh_text), (4 bytes).
    Removing usb_endp.o(.rev16_text), (4 bytes).
    Removing usb_endp.o(.revsh_text), (4 bytes).
    Removing usb_istr.o(.rev16_text), (4 bytes).
    Removing usb_istr.o(.revsh_text), (4 bytes).
    Removing usb_prop.o(.rev16_text), (4 bytes).
    Removing usb_prop.o(.revsh_text), (4 bytes).
    Removing usb_pwr.o(.rev16_text), (4 bytes).
    Removing usb_pwr.o(.revsh_text), (4 bytes).
    Removing usb_pwr.o(i.PowerOff), (32 bytes).
    Removing stm32_it.o(.rev16_text), (4 bytes).
    Removing stm32_it.o(.revsh_text), (4 bytes).
    Removing system_stm32l1xx.o(.rev16_text), (4 bytes).
    Removing system_stm32l1xx.o(.revsh_text), (4 bytes).
    Removing system_stm32l1xx.o(i.SystemCoreClockUpdate), (140 bytes).
    Removing system_stm32l1xx.o(.data), (29 bytes).
    Removing startup_stm32l1xx_md.o(HEAP), (512 bytes).
    Removing usb_core.o(.rev16_text), (4 bytes).
    Removing usb_core.o(.revsh_text), (4 bytes).
    Removing usb_init.o(.rev16_text), (4 bytes).
    Removing usb_init.o(.revsh_text), (4 bytes).
    Removing usb_init.o(.data), (2 bytes).
    Removing usb_int.o(.rev16_text), (4 bytes).
    Removing usb_int.o(.revsh_text), (4 bytes).
    Removing usb_int.o(i.CTR_HP), (128 bytes).
    Removing usb_mem.o(.rev16_text), (4 bytes).
    Removing usb_mem.o(.revsh_text), (4 bytes).
    Removing usb_regs.o(.rev16_text), (4 bytes).
    Removing usb_regs.o(.revsh_text), (4 bytes).
    Removing usb_regs.o(i.ClearEPDoubleBuff), (32 bytes).
    Removing usb_regs.o(i.ClearEP_CTR_RX), (28 bytes).
    Removing usb_regs.o(i.ClearEP_CTR_TX), (28 bytes).
    Removing usb_regs.o(i.ClearEP_KIND), (32 bytes).
    Removing usb_regs.o(i.FreeUserBuffer), (52 bytes).
    Removing usb_regs.o(i.GetBTABLE), (12 bytes).
    Removing usb_regs.o(i.GetCNTR), (12 bytes).
    Removing usb_regs.o(i.GetDADDR), (12 bytes).
    Removing usb_regs.o(i.GetENDPOINT), (20 bytes).
    Removing usb_regs.o(i.GetEPAddress), (20 bytes).
    Removing usb_regs.o(i.GetEPDblBuf0Addr), (28 bytes).
    Removing usb_regs.o(i.GetEPDblBuf0Count), (32 bytes).
    Removing usb_regs.o(i.GetEPDblBuf1Addr), (32 bytes).
    Removing usb_regs.o(i.GetEPDblBuf1Count), (32 bytes).
    Removing usb_regs.o(i.GetEPDblBufDir), (60 bytes).
    Removing usb_regs.o(i.GetEPRxStatus), (24 bytes).
    Removing usb_regs.o(i.GetEPTxCount), (32 bytes).
    Removing usb_regs.o(i.GetEPTxStatus), (24 bytes).
    Removing usb_regs.o(i.GetEPType), (24 bytes).
    Removing usb_regs.o(i.GetFNR), (12 bytes).
    Removing usb_regs.o(i.GetISTR), (12 bytes).
    Removing usb_regs.o(i.GetRxStallStatus), (28 bytes).
    Removing usb_regs.o(i.GetTxStallStatus), (28 bytes).
    Removing usb_regs.o(i.SetCNTR), (12 bytes).
    Removing usb_regs.o(i.SetDADDR), (12 bytes).
    Removing usb_regs.o(i.SetDouBleBuffEPStall), (44 bytes).
    Removing usb_regs.o(i.SetENDPOINT), (16 bytes).
    Removing usb_regs.o(i.SetEPAddress), (36 bytes).
    Removing usb_regs.o(i.SetEPCountRxReg), (38 bytes).
    Removing usb_regs.o(i.SetEPDblBuf0Addr), (32 bytes).
    Removing usb_regs.o(i.SetEPDblBuf0Count), (92 bytes).
    Removing usb_regs.o(i.SetEPDblBuf1Addr), (32 bytes).
    Removing usb_regs.o(i.SetEPDblBuf1Count), (92 bytes).
    Removing usb_regs.o(i.SetEPDblBuffAddr), (52 bytes).
    Removing usb_regs.o(i.SetEPDblBuffCount), (164 bytes).
    Removing usb_regs.o(i.SetEPDoubleBuff), (32 bytes).
    Removing usb_regs.o(i.SetEP_KIND), (32 bytes).
    Removing usb_regs.o(i.SetISTR), (12 bytes).
    Removing usb_regs.o(i.Set_Status_Out), (32 bytes).
    Removing usb_regs.o(i.ToWord), (6 bytes).
    Removing usb_regs.o(i.ToggleDTOG_RX), (32 bytes).
    Removing usb_regs.o(i.ToggleDTOG_TX), (32 bytes).
    Removing usb_sil.o(.rev16_text), (4 bytes).
    Removing usb_sil.o(.revsh_text), (4 bytes).
    Removing usb_sil.o(i.USB_SIL_Write), (38 bytes).
    Removing stm32l1xx_usart.o(.rev16_text), (4 bytes).
    Removing stm32l1xx_usart.o(.revsh_text), (4 bytes).
    Removing stm32l1xx_usart.o(i.USART_ClearFlag), (6 bytes).
    Removing stm32l1xx_usart.o(i.USART_ClearITPendingBit), (12 bytes).
    Removing stm32l1xx_usart.o(i.USART_ClockInit), (28 bytes).
    Removing stm32l1xx_usart.o(i.USART_ClockStructInit), (12 bytes).
    Removing stm32l1xx_usart.o(i.USART_DMACmd), (16 bytes).
    Removing stm32l1xx_usart.o(i.USART_DeInit), (116 bytes).
    Removing stm32l1xx_usart.o(i.USART_HalfDuplexCmd), (20 bytes).
    Removing stm32l1xx_usart.o(i.USART_IrDACmd), (20 bytes).
    Removing stm32l1xx_usart.o(i.USART_IrDAConfig), (16 bytes).
    Removing stm32l1xx_usart.o(i.USART_LINBreakDetectLengthConfig), (16 bytes).
    Removing stm32l1xx_usart.o(i.USART_LINCmd), (20 bytes).
    Removing stm32l1xx_usart.o(i.USART_OneBitMethodCmd), (20 bytes).
    Removing stm32l1xx_usart.o(i.USART_OverSampling8Cmd), (20 bytes).
    Removing stm32l1xx_usart.o(i.USART_ReceiverWakeUpCmd), (20 bytes).
    Removing stm32l1xx_usart.o(i.USART_SendBreak), (10 bytes).
    Removing stm32l1xx_usart.o(i.USART_SetAddress), (16 bytes).
    Removing stm32l1xx_usart.o(i.USART_SetGuardTime), (16 bytes).
    Removing stm32l1xx_usart.o(i.USART_SetPrescaler), (16 bytes).
    Removing stm32l1xx_usart.o(i.USART_SmartCardCmd), (20 bytes).
    Removing stm32l1xx_usart.o(i.USART_SmartCardNACKCmd), (20 bytes).
    Removing stm32l1xx_usart.o(i.USART_StructInit), (22 bytes).
    Removing stm32l1xx_usart.o(i.USART_WakeUpConfig), (16 bytes).
    Removing stm32l1xx_exti.o(.rev16_text), (4 bytes).
    Removing stm32l1xx_exti.o(.revsh_text), (4 bytes).
    Removing stm32l1xx_exti.o(i.EXTI_ClearFlag), (12 bytes).
    Removing stm32l1xx_exti.o(i.EXTI_DeInit), (36 bytes).
    Removing stm32l1xx_exti.o(i.EXTI_GenerateSWInterrupt), (16 bytes).
    Removing stm32l1xx_exti.o(i.EXTI_GetFlagStatus), (20 bytes).
    Removing stm32l1xx_exti.o(i.EXTI_GetITStatus), (32 bytes).
    Removing stm32l1xx_exti.o(i.EXTI_StructInit), (14 bytes).
    Removing stm32l1xx_flash.o(.rev16_text), (4 bytes).
    Removing stm32l1xx_flash.o(.revsh_text), (4 bytes).
    Removing stm32l1xx_flash.o(i.DATA_EEPROM_EraseByte), (22 bytes).
    Removing stm32l1xx_flash.o(i.DATA_EEPROM_EraseHalfWord), (22 bytes).
    Removing stm32l1xx_flash.o(i.DATA_EEPROM_EraseWord), (22 bytes).
    Removing stm32l1xx_flash.o(i.DATA_EEPROM_FastProgramByte), (84 bytes).
    Removing stm32l1xx_flash.o(i.DATA_EEPROM_FastProgramHalfWord), (112 bytes).
    Removing stm32l1xx_flash.o(i.DATA_EEPROM_FastProgramWord), (48 bytes).
    Removing stm32l1xx_flash.o(i.DATA_EEPROM_FixedTimeProgramCmd), (28 bytes).
    Removing stm32l1xx_flash.o(i.DATA_EEPROM_Lock), (16 bytes).
    Removing stm32l1xx_flash.o(i.DATA_EEPROM_ProgramByte), (70 bytes).
    Removing stm32l1xx_flash.o(i.DATA_EEPROM_ProgramHalfWord), (96 bytes).
    Removing stm32l1xx_flash.o(i.DATA_EEPROM_ProgramWord), (34 bytes).
    Removing stm32l1xx_flash.o(i.DATA_EEPROM_Unlock), (36 bytes).
    Removing stm32l1xx_flash.o(i.FLASH_ClearFlag), (12 bytes).
    Removing stm32l1xx_flash.o(i.FLASH_ErasePage), (68 bytes).
    Removing stm32l1xx_flash.o(i.FLASH_FastProgramWord), (34 bytes).
    Removing stm32l1xx_flash.o(i.FLASH_GetFlagStatus), (20 bytes).
    Removing stm32l1xx_flash.o(i.FLASH_GetStatus), (40 bytes).
    Removing stm32l1xx_flash.o(i.FLASH_ITConfig), (24 bytes).
    Removing stm32l1xx_flash.o(i.FLASH_Lock), (16 bytes).
    Removing stm32l1xx_flash.o(i.FLASH_OB_BORConfig), (56 bytes).
    Removing stm32l1xx_flash.o(i.FLASH_OB_BootConfig), (56 bytes).
    Removing stm32l1xx_flash.o(i.FLASH_OB_GetBOR), (16 bytes).
    Removing stm32l1xx_flash.o(i.FLASH_OB_GetRDP), (20 bytes).
    Removing stm32l1xx_flash.o(i.FLASH_OB_GetUser), (16 bytes).
    Removing stm32l1xx_flash.o(i.FLASH_OB_GetWRP), (12 bytes).
    Removing stm32l1xx_flash.o(i.FLASH_OB_GetWRP1), (12 bytes).
    Removing stm32l1xx_flash.o(i.FLASH_OB_GetWRP2), (12 bytes).
    Removing stm32l1xx_flash.o(i.FLASH_OB_Launch), (16 bytes).
    Removing stm32l1xx_flash.o(i.FLASH_OB_Lock), (16 bytes).
    Removing stm32l1xx_flash.o(i.FLASH_OB_RDPConfig), (44 bytes).
    Removing stm32l1xx_flash.o(i.FLASH_OB_Unlock), (40 bytes).
    Removing stm32l1xx_flash.o(i.FLASH_OB_UserConfig), (60 bytes).
    Removing stm32l1xx_flash.o(i.FLASH_OB_WRP1Config), (84 bytes).
    Removing stm32l1xx_flash.o(i.FLASH_OB_WRP2Config), (84 bytes).
    Removing stm32l1xx_flash.o(i.FLASH_OB_WRPConfig), (84 bytes).
    Removing stm32l1xx_flash.o(i.FLASH_PrefetchBufferCmd), (28 bytes).
    Removing stm32l1xx_flash.o(i.FLASH_ReadAccess64Cmd), (28 bytes).
    Removing stm32l1xx_flash.o(i.FLASH_SLEEPPowerDownCmd), (28 bytes).
    Removing stm32l1xx_flash.o(i.FLASH_SetLatency), (20 bytes).
    Removing stm32l1xx_flash.o(i.FLASH_Unlock), (40 bytes).
    Removing stm32l1xx_flash.o(i.FLASH_WaitForLastOperation), (58 bytes).
    Removing stm32l1xx_gpio.o(.rev16_text), (4 bytes).
    Removing stm32l1xx_gpio.o(.revsh_text), (4 bytes).
    Removing stm32l1xx_gpio.o(i.GPIO_DeInit), (204 bytes).
    Removing stm32l1xx_gpio.o(i.GPIO_PinLockConfig), (24 bytes).
    Removing stm32l1xx_gpio.o(i.GPIO_ReadInputData), (4 bytes).
    Removing stm32l1xx_gpio.o(i.GPIO_ReadInputDataBit), (14 bytes).
    Removing stm32l1xx_gpio.o(i.GPIO_ReadOutputData), (4 bytes).
    Removing stm32l1xx_gpio.o(i.GPIO_ReadOutputDataBit), (14 bytes).
    Removing stm32l1xx_gpio.o(i.GPIO_ResetBits), (4 bytes).
    Removing stm32l1xx_gpio.o(i.GPIO_SetBits), (4 bytes).
    Removing stm32l1xx_gpio.o(i.GPIO_StructInit), (18 bytes).
    Removing stm32l1xx_gpio.o(i.GPIO_ToggleBits), (8 bytes).
    Removing stm32l1xx_gpio.o(i.GPIO_Write), (4 bytes).
    Removing stm32l1xx_gpio.o(i.GPIO_WriteBit), (10 bytes).
    Removing stm32l1xx_i2c.o(.rev16_text), (4 bytes).
    Removing stm32l1xx_i2c.o(.revsh_text), (4 bytes).
    Removing stm32l1xx_i2c.o(i.I2C_ARPCmd), (20 bytes).
    Removing stm32l1xx_i2c.o(i.I2C_AcknowledgeConfig), (20 bytes).
    Removing stm32l1xx_i2c.o(i.I2C_CalculatePEC), (20 bytes).
    Removing stm32l1xx_i2c.o(i.I2C_CheckEvent), (24 bytes).
    Removing stm32l1xx_i2c.o(i.I2C_ClearFlag), (6 bytes).
    Removing stm32l1xx_i2c.o(i.I2C_ClearITPendingBit), (6 bytes).
    Removing stm32l1xx_i2c.o(i.I2C_Cmd), (20 bytes).
    Removing stm32l1xx_i2c.o(i.I2C_DMACmd), (20 bytes).
    Removing stm32l1xx_i2c.o(i.I2C_DMALastTransferCmd), (20 bytes).
    Removing stm32l1xx_i2c.o(i.I2C_DeInit), (44 bytes).
    Removing stm32l1xx_i2c.o(i.I2C_DualAddressCmd), (20 bytes).
    Removing stm32l1xx_i2c.o(i.I2C_FastModeDutyCycleConfig), (22 bytes).
    Removing stm32l1xx_i2c.o(i.I2C_GeneralCallCmd), (20 bytes).
    Removing stm32l1xx_i2c.o(i.I2C_GenerateSTART), (20 bytes).
    Removing stm32l1xx_i2c.o(i.I2C_GenerateSTOP), (20 bytes).
    Removing stm32l1xx_i2c.o(i.I2C_GetFlagStatus), (42 bytes).
    Removing stm32l1xx_i2c.o(i.I2C_GetITStatus), (36 bytes).
    Removing stm32l1xx_i2c.o(i.I2C_GetLastEvent), (14 bytes).
    Removing stm32l1xx_i2c.o(i.I2C_GetPEC), (6 bytes).
    Removing stm32l1xx_i2c.o(i.I2C_ITConfig), (16 bytes).
    Removing stm32l1xx_i2c.o(i.I2C_Init), (184 bytes).
    Removing stm32l1xx_i2c.o(i.I2C_NACKPositionConfig), (22 bytes).
    Removing stm32l1xx_i2c.o(i.I2C_OwnAddress2Config), (16 bytes).
    Removing stm32l1xx_i2c.o(i.I2C_PECPositionConfig), (22 bytes).
    Removing stm32l1xx_i2c.o(i.I2C_ReadRegister), (10 bytes).
    Removing stm32l1xx_i2c.o(i.I2C_ReceiveData), (6 bytes).
    Removing stm32l1xx_i2c.o(i.I2C_SMBusAlertConfig), (22 bytes).
    Removing stm32l1xx_i2c.o(i.I2C_Send7bitAddress), (16 bytes).
    Removing stm32l1xx_i2c.o(i.I2C_SendData), (4 bytes).
    Removing stm32l1xx_i2c.o(i.I2C_SoftwareResetCmd), (20 bytes).
    Removing stm32l1xx_i2c.o(i.I2C_StretchClockCmd), (20 bytes).
    Removing stm32l1xx_i2c.o(i.I2C_StructInit), (28 bytes).
    Removing stm32l1xx_i2c.o(i.I2C_TransmitPEC), (20 bytes).
    Removing stm32l1xx_rcc.o(.rev16_text), (4 bytes).
    Removing stm32l1xx_rcc.o(.revsh_text), (4 bytes).
    Removing stm32l1xx_rcc.o(i.RCC_AHBPeriphClockLPModeCmd), (24 bytes).
    Removing stm32l1xx_rcc.o(i.RCC_AHBPeriphResetCmd), (24 bytes).
    Removing stm32l1xx_rcc.o(i.RCC_APB1PeriphClockLPModeCmd), (24 bytes).
    Removing stm32l1xx_rcc.o(i.RCC_APB1PeriphResetCmd), (24 bytes).
    Removing stm32l1xx_rcc.o(i.RCC_APB2PeriphClockLPModeCmd), (24 bytes).
    Removing stm32l1xx_rcc.o(i.RCC_APB2PeriphResetCmd), (24 bytes).
    Removing stm32l1xx_rcc.o(i.RCC_AdjustHSICalibrationValue), (20 bytes).
    Removing stm32l1xx_rcc.o(i.RCC_AdjustMSICalibrationValue), (12 bytes).
    Removing stm32l1xx_rcc.o(i.RCC_ClearFlag), (16 bytes).
    Removing stm32l1xx_rcc.o(i.RCC_ClearITPendingBit), (12 bytes).
    Removing stm32l1xx_rcc.o(i.RCC_ClockSecuritySystemCmd), (12 bytes).
    Removing stm32l1xx_rcc.o(i.RCC_DeInit), (68 bytes).
    Removing stm32l1xx_rcc.o(i.RCC_GetFlagStatus), (40 bytes).
    Removing stm32l1xx_rcc.o(i.RCC_GetITStatus), (20 bytes).
    Removing stm32l1xx_rcc.o(i.RCC_GetSYSCLKSource), (16 bytes).
    Removing stm32l1xx_rcc.o(i.RCC_HCLKConfig), (20 bytes).
    Removing stm32l1xx_rcc.o(i.RCC_HSEConfig), (16 bytes).
    Removing stm32l1xx_rcc.o(i.RCC_HSICmd), (12 bytes).
    Removing stm32l1xx_rcc.o(i.RCC_ITConfig), (24 bytes).
    Removing stm32l1xx_rcc.o(i.RCC_LSEClockSecuritySystemCmd), (12 bytes).
    Removing stm32l1xx_rcc.o(i.RCC_LSEConfig), (16 bytes).
    Removing stm32l1xx_rcc.o(i.RCC_LSICmd), (12 bytes).
    Removing stm32l1xx_rcc.o(i.RCC_MCOConfig), (12 bytes).
    Removing stm32l1xx_rcc.o(i.RCC_MSICmd), (12 bytes).
    Removing stm32l1xx_rcc.o(i.RCC_MSIRangeConfig), (20 bytes).
    Removing stm32l1xx_rcc.o(i.RCC_PCLK1Config), (20 bytes).
    Removing stm32l1xx_rcc.o(i.RCC_PCLK2Config), (20 bytes).
    Removing stm32l1xx_rcc.o(i.RCC_PLLCmd), (12 bytes).
    Removing stm32l1xx_rcc.o(i.RCC_PLLConfig), (16 bytes).
    Removing stm32l1xx_rcc.o(i.RCC_RTCCLKCmd), (12 bytes).
    Removing stm32l1xx_rcc.o(i.RCC_RTCCLKConfig), (52 bytes).
    Removing stm32l1xx_rcc.o(i.RCC_RTCResetCmd), (12 bytes).
    Removing stm32l1xx_rcc.o(i.RCC_SYSCLKConfig), (20 bytes).
    Removing stm32l1xx_rcc.o(i.RCC_WaitForHSEStartUp), (44 bytes).
    Removing stm32l1xx_spi.o(.rev16_text), (4 bytes).
    Removing stm32l1xx_spi.o(.revsh_text), (4 bytes).
    Removing stm32l1xx_spi.o(i.I2S_Cmd), (20 bytes).
    Removing stm32l1xx_spi.o(i.I2S_Init), (152 bytes).
    Removing stm32l1xx_spi.o(i.I2S_StructInit), (18 bytes).
    Removing stm32l1xx_spi.o(i.SPI_BiDirectionalLineConfig), (22 bytes).
    Removing stm32l1xx_spi.o(i.SPI_CalculateCRC), (20 bytes).
    Removing stm32l1xx_spi.o(i.SPI_Cmd), (20 bytes).
    Removing stm32l1xx_spi.o(i.SPI_DataSizeConfig), (16 bytes).
    Removing stm32l1xx_spi.o(i.SPI_GetCRC), (12 bytes).
    Removing stm32l1xx_spi.o(i.SPI_GetCRCPolynomial), (4 bytes).
    Removing stm32l1xx_spi.o(i.SPI_I2S_ClearFlag), (6 bytes).
    Removing stm32l1xx_spi.o(i.SPI_I2S_ClearITPendingBit), (14 bytes).
    Removing stm32l1xx_spi.o(i.SPI_I2S_DMACmd), (16 bytes).
    Removing stm32l1xx_spi.o(i.SPI_I2S_DeInit), (84 bytes).
    Removing stm32l1xx_spi.o(i.SPI_I2S_GetFlagStatus), (14 bytes).
    Removing stm32l1xx_spi.o(i.SPI_I2S_GetITStatus), (42 bytes).
    Removing stm32l1xx_spi.o(i.SPI_I2S_ITConfig), (24 bytes).
    Removing stm32l1xx_spi.o(i.SPI_I2S_ReceiveData), (4 bytes).
    Removing stm32l1xx_spi.o(i.SPI_I2S_SendData), (4 bytes).
    Removing stm32l1xx_spi.o(i.SPI_Init), (56 bytes).
    Removing stm32l1xx_spi.o(i.SPI_NSSInternalSoftwareConfig), (24 bytes).
    Removing stm32l1xx_spi.o(i.SPI_SSOutputCmd), (20 bytes).
    Removing stm32l1xx_spi.o(i.SPI_StructInit), (24 bytes).
    Removing stm32l1xx_spi.o(i.SPI_TransmitCRC), (10 bytes).
    Removing stm32l1xx_syscfg.o(.rev16_text), (4 bytes).
    Removing stm32l1xx_syscfg.o(.revsh_text), (4 bytes).
    Removing stm32l1xx_syscfg.o(i.SYSCFG_DeInit), (22 bytes).
    Removing stm32l1xx_syscfg.o(i.SYSCFG_EXTILineConfig), (40 bytes).
    Removing stm32l1xx_syscfg.o(i.SYSCFG_GetBootMode), (16 bytes).
    Removing stm32l1xx_syscfg.o(i.SYSCFG_MemoryRemapConfig), (12 bytes).
    Removing stm32l1xx_syscfg.o(i.SYSCFG_RIChannelSpeedConfig), (24 bytes).
    Removing stm32l1xx_syscfg.o(i.SYSCFG_RIDeInit), (36 bytes).
    Removing stm32l1xx_syscfg.o(i.SYSCFG_RIHysteresisConfig), (88 bytes).
    Removing stm32l1xx_syscfg.o(i.SYSCFG_RIIOSwitchConfig), (52 bytes).
    Removing stm32l1xx_syscfg.o(i.SYSCFG_RIResistorConfig), (24 bytes).
    Removing stm32l1xx_syscfg.o(i.SYSCFG_RISwitchControlModeCmd), (28 bytes).
    Removing stm32l1xx_syscfg.o(i.SYSCFG_RITIMInputCaptureConfig), (64 bytes).
    Removing stm32l1xx_syscfg.o(i.SYSCFG_RITIMSelect), (20 bytes).
    Removing stm32l1xx_dma.o(.rev16_text), (4 bytes).
    Removing stm32l1xx_dma.o(.revsh_text), (4 bytes).
    Removing stm32l1xx_dma.o(i.DMA_ClearFlag), (24 bytes).
    Removing stm32l1xx_dma.o(i.DMA_ClearITPendingBit), (24 bytes).
    Removing stm32l1xx_dma.o(i.DMA_Cmd), (22 bytes).
    Removing stm32l1xx_dma.o(i.DMA_DeInit), (228 bytes).
    Removing stm32l1xx_dma.o(i.DMA_GetCurrDataCounter), (6 bytes).
    Removing stm32l1xx_dma.o(i.DMA_GetFlagStatus), (32 bytes).
    Removing stm32l1xx_dma.o(i.DMA_GetITStatus), (32 bytes).
    Removing stm32l1xx_dma.o(i.DMA_ITConfig), (16 bytes).
    Removing stm32l1xx_dma.o(i.DMA_Init), (58 bytes).
    Removing stm32l1xx_dma.o(i.DMA_SetCurrDataCounter), (4 bytes).
    Removing stm32l1xx_dma.o(i.DMA_StructInit), (26 bytes).
    Removing stm32l1xx_sdio.o(.rev16_text), (4 bytes).
    Removing stm32l1xx_sdio.o(.revsh_text), (4 bytes).
    Removing stm32l1xx_sdio.o(i.SDIO_CEATAITCmd), (16 bytes).
    Removing stm32l1xx_sdio.o(i.SDIO_ClearFlag), (12 bytes).
    Removing stm32l1xx_sdio.o(i.SDIO_ClearITPendingBit), (12 bytes).
    Removing stm32l1xx_sdio.o(i.SDIO_ClockCmd), (12 bytes).
    Removing stm32l1xx_sdio.o(i.SDIO_CmdStructInit), (14 bytes).
    Removing stm32l1xx_sdio.o(i.SDIO_CommandCompletionCmd), (12 bytes).
    Removing stm32l1xx_sdio.o(i.SDIO_DMACmd), (12 bytes).
    Removing stm32l1xx_sdio.o(i.SDIO_DataConfig), (48 bytes).
    Removing stm32l1xx_sdio.o(i.SDIO_DataStructInit), (20 bytes).
    Removing stm32l1xx_sdio.o(i.SDIO_DeInit), (24 bytes).
    Removing stm32l1xx_sdio.o(i.SDIO_GetCommandResponse), (12 bytes).
    Removing stm32l1xx_sdio.o(i.SDIO_GetDataCounter), (12 bytes).
    Removing stm32l1xx_sdio.o(i.SDIO_GetFIFOCount), (12 bytes).
    Removing stm32l1xx_sdio.o(i.SDIO_GetFlagStatus), (20 bytes).
    Removing stm32l1xx_sdio.o(i.SDIO_GetITStatus), (20 bytes).
    Removing stm32l1xx_sdio.o(i.SDIO_GetPowerState), (16 bytes).
    Removing stm32l1xx_sdio.o(i.SDIO_GetResponse), (16 bytes).
    Removing stm32l1xx_sdio.o(i.SDIO_ITConfig), (24 bytes).
    Removing stm32l1xx_sdio.o(i.SDIO_Init), (44 bytes).
    Removing stm32l1xx_sdio.o(i.SDIO_ReadData), (12 bytes).
    Removing stm32l1xx_sdio.o(i.SDIO_SendCEATACmd), (12 bytes).
    Removing stm32l1xx_sdio.o(i.SDIO_SendCommand), (40 bytes).
    Removing stm32l1xx_sdio.o(i.SDIO_SendSDIOSuspendCmd), (12 bytes).
    Removing stm32l1xx_sdio.o(i.SDIO_SetPowerState), (12 bytes).
    Removing stm32l1xx_sdio.o(i.SDIO_SetSDIOOperation), (12 bytes).
    Removing stm32l1xx_sdio.o(i.SDIO_SetSDIOReadWaitMode), (12 bytes).
    Removing stm32l1xx_sdio.o(i.SDIO_StartSDIOReadWait), (12 bytes).
    Removing stm32l1xx_sdio.o(i.SDIO_StopSDIOReadWait), (12 bytes).
    Removing stm32l1xx_sdio.o(i.SDIO_StructInit), (16 bytes).
    Removing stm32l1xx_sdio.o(i.SDIO_WriteData), (12 bytes).
    Removing stm32l152_eval.o(.rev16_text), (4 bytes).
    Removing stm32l152_eval.o(.revsh_text), (4 bytes).
    Removing stm32l152_eval.o(i.LM75_LowLevel_DeInit), (88 bytes).
    Removing stm32l152_eval.o(i.LM75_LowLevel_Init), (116 bytes).
    Removing stm32l152_eval.o(i.SD_LowLevel_DeInit), (116 bytes).
    Removing stm32l152_eval.o(i.SD_LowLevel_Init), (256 bytes).
    Removing stm32l152_eval.o(i.STM_EVAL_LEDInit), (80 bytes).
    Removing stm32l152_eval.o(i.STM_EVAL_LEDOff), (24 bytes).
    Removing stm32l152_eval.o(i.STM_EVAL_LEDOn), (24 bytes).
    Removing stm32l152_eval.o(i.STM_EVAL_LEDToggle), (28 bytes).
    Removing stm32l152_eval.o(i.STM_EVAL_PBGetState), (24 bytes).
    Removing stm32l152_eval.o(i.STM_EVAL_PBInit), (160 bytes).
    Removing stm32l152_eval.o(i.sEE_LowLevel_DMAConfig), (44 bytes).
    Removing stm32l152_eval.o(i.sEE_LowLevel_DeInit), (156 bytes).
    Removing stm32l152_eval.o(i.sEE_LowLevel_Init), (268 bytes).
    Removing stm32l152_eval.o(.bss), (44 bytes).

345 unused section(s) (total 10132 bytes) removed from the image.

==============================================================================

Image Symbol Table

    Local Symbols

    Symbol Name                              Value     Ov Type        Size  Object(Section)

    ../clib/../cmprslib/zerorunl2.c          0x00000000   Number         0  __dczerorl2.o ABSOLUTE
    ../clib/microlib/init/entry.s            0x00000000   Number         0  entry9a.o ABSOLUTE
    ../clib/microlib/init/entry.s            0x00000000   Number         0  entry8b.o ABSOLUTE
    ../clib/microlib/init/entry.s            0x00000000   Number         0  entry8a.o ABSOLUTE
    ../clib/microlib/init/entry.s            0x00000000   Number         0  entry7b.o ABSOLUTE
    ../clib/microlib/init/entry.s            0x00000000   Number         0  entry5.o ABSOLUTE
    ../clib/microlib/init/entry.s            0x00000000   Number         0  entry2.o ABSOLUTE
    ../clib/microlib/init/entry.s            0x00000000   Number         0  entry.o ABSOLUTE
    ../clib/microlib/init/entry.s            0x00000000   Number         0  entry11b.o ABSOLUTE
    ../clib/microlib/init/entry.s            0x00000000   Number         0  entry7a.o ABSOLUTE
    ../clib/microlib/init/entry.s            0x00000000   Number         0  entry11a.o ABSOLUTE
    ../clib/microlib/init/entry.s            0x00000000   Number         0  entry10b.o ABSOLUTE
    ../clib/microlib/init/entry.s            0x00000000   Number         0  entry10a.o ABSOLUTE
    ../clib/microlib/init/entry.s            0x00000000   Number         0  entry9b.o ABSOLUTE
    ..\..\..\Libraries\CMSIS\Device\ST\STM32L1xx\Source\Templates\arm\startup_stm32l1xx_md.s 0x00000000   Number         0  startup_stm32l1xx_md.o ABSOLUTE
    ..\..\..\Libraries\STM32F10x_StdPeriph_Driver\src\misc.c 0x00000000   Number         0  misc.o ABSOLUTE
    ..\..\..\Libraries\STM32L1xx_StdPeriph_Driver\src\stm32l1xx_dma.c 0x00000000   Number         0  stm32l1xx_dma.o ABSOLUTE
    ..\..\..\Libraries\STM32L1xx_StdPeriph_Driver\src\stm32l1xx_exti.c 0x00000000   Number         0  stm32l1xx_exti.o ABSOLUTE
    ..\..\..\Libraries\STM32L1xx_StdPeriph_Driver\src\stm32l1xx_flash.c 0x00000000   Number         0  stm32l1xx_flash.o ABSOLUTE
    ..\..\..\Libraries\STM32L1xx_StdPeriph_Driver\src\stm32l1xx_gpio.c 0x00000000   Number         0  stm32l1xx_gpio.o ABSOLUTE
    ..\..\..\Libraries\STM32L1xx_StdPeriph_Driver\src\stm32l1xx_i2c.c 0x00000000   Number         0  stm32l1xx_i2c.o ABSOLUTE
    ..\..\..\Libraries\STM32L1xx_StdPeriph_Driver\src\stm32l1xx_rcc.c 0x00000000   Number         0  stm32l1xx_rcc.o ABSOLUTE
    ..\..\..\Libraries\STM32L1xx_StdPeriph_Driver\src\stm32l1xx_sdio.c 0x00000000   Number         0  stm32l1xx_sdio.o ABSOLUTE
    ..\..\..\Libraries\STM32L1xx_StdPeriph_Driver\src\stm32l1xx_spi.c 0x00000000   Number         0  stm32l1xx_spi.o ABSOLUTE
    ..\..\..\Libraries\STM32L1xx_StdPeriph_Driver\src\stm32l1xx_syscfg.c 0x00000000   Number         0  stm32l1xx_syscfg.o ABSOLUTE
    ..\..\..\Libraries\STM32L1xx_StdPeriph_Driver\src\stm32l1xx_usart.c 0x00000000   Number         0  stm32l1xx_usart.o ABSOLUTE
    ..\..\..\Libraries\STM32_USB-FS-Device_Driver\src\usb_core.c 0x00000000   Number         0  usb_core.o ABSOLUTE
    ..\..\..\Libraries\STM32_USB-FS-Device_Driver\src\usb_init.c 0x00000000   Number         0  usb_init.o ABSOLUTE
    ..\..\..\Libraries\STM32_USB-FS-Device_Driver\src\usb_int.c 0x00000000   Number         0  usb_int.o ABSOLUTE
    ..\..\..\Libraries\STM32_USB-FS-Device_Driver\src\usb_mem.c 0x00000000   Number         0  usb_mem.o ABSOLUTE
    ..\..\..\Libraries\STM32_USB-FS-Device_Driver\src\usb_regs.c 0x00000000   Number         0  usb_regs.o ABSOLUTE
    ..\..\..\Libraries\STM32_USB-FS-Device_Driver\src\usb_sil.c 0x00000000   Number         0  usb_sil.o ABSOLUTE
    ..\..\..\Utilities\STM32_EVAL\STM32L152_EVAL\stm32l152_eval.c 0x00000000   Number         0  stm32l152_eval.o ABSOLUTE
    ..\\..\\..\\Libraries\\STM32F10x_StdPeriph_Driver\\src\\misc.c 0x00000000   Number         0  misc.o ABSOLUTE
    ..\\..\\..\\Libraries\\STM32L1xx_StdPeriph_Driver\\src\\stm32l1xx_dma.c 0x00000000   Number         0  stm32l1xx_dma.o ABSOLUTE
    ..\\..\\..\\Libraries\\STM32L1xx_StdPeriph_Driver\\src\\stm32l1xx_exti.c 0x00000000   Number         0  stm32l1xx_exti.o ABSOLUTE
    ..\\..\\..\\Libraries\\STM32L1xx_StdPeriph_Driver\\src\\stm32l1xx_flash.c 0x00000000   Number         0  stm32l1xx_flash.o ABSOLUTE
    ..\\..\\..\\Libraries\\STM32L1xx_StdPeriph_Driver\\src\\stm32l1xx_gpio.c 0x00000000   Number         0  stm32l1xx_gpio.o ABSOLUTE
    ..\\..\\..\\Libraries\\STM32L1xx_StdPeriph_Driver\\src\\stm32l1xx_i2c.c 0x00000000   Number         0  stm32l1xx_i2c.o ABSOLUTE
    ..\\..\\..\\Libraries\\STM32L1xx_StdPeriph_Driver\\src\\stm32l1xx_rcc.c 0x00000000   Number         0  stm32l1xx_rcc.o ABSOLUTE
    ..\\..\\..\\Libraries\\STM32L1xx_StdPeriph_Driver\\src\\stm32l1xx_sdio.c 0x00000000   Number         0  stm32l1xx_sdio.o ABSOLUTE
    ..\\..\\..\\Libraries\\STM32L1xx_StdPeriph_Driver\\src\\stm32l1xx_spi.c 0x00000000   Number         0  stm32l1xx_spi.o ABSOLUTE
    ..\\..\\..\\Libraries\\STM32L1xx_StdPeriph_Driver\\src\\stm32l1xx_syscfg.c 0x00000000   Number         0  stm32l1xx_syscfg.o ABSOLUTE
    ..\\..\\..\\Libraries\\STM32L1xx_StdPeriph_Driver\\src\\stm32l1xx_usart.c 0x00000000   Number         0  stm32l1xx_usart.o ABSOLUTE
    ..\\..\\..\\Libraries\\STM32_USB-FS-Device_Driver\\src\\usb_core.c 0x00000000   Number         0  usb_core.o ABSOLUTE
    ..\\..\\..\\Libraries\\STM32_USB-FS-Device_Driver\\src\\usb_init.c 0x00000000   Number         0  usb_init.o ABSOLUTE
    ..\\..\\..\\Libraries\\STM32_USB-FS-Device_Driver\\src\\usb_int.c 0x00000000   Number         0  usb_int.o ABSOLUTE
    ..\\..\\..\\Libraries\\STM32_USB-FS-Device_Driver\\src\\usb_mem.c 0x00000000   Number         0  usb_mem.o ABSOLUTE
    ..\\..\\..\\Libraries\\STM32_USB-FS-Device_Driver\\src\\usb_regs.c 0x00000000   Number         0  usb_regs.o ABSOLUTE
    ..\\..\\..\\Libraries\\STM32_USB-FS-Device_Driver\\src\\usb_sil.c 0x00000000   Number         0  usb_sil.o ABSOLUTE
    ..\\..\\..\\Utilities\\STM32_EVAL\\STM32L152_EVAL\\stm32l152_eval.c 0x00000000   Number         0  stm32l152_eval.o ABSOLUTE
    ..\\src\\hw_config.c                     0x00000000   Number         0  hw_config.o ABSOLUTE
    ..\\src\\main.c                          0x00000000   Number         0  main.o ABSOLUTE
    ..\\src\\stm32_it.c                      0x00000000   Number         0  stm32_it.o ABSOLUTE
    ..\\src\\system_stm32l1xx.c              0x00000000   Number         0  system_stm32l1xx.o ABSOLUTE
    ..\\src\\usb_desc.c                      0x00000000   Number         0  usb_desc.o ABSOLUTE
    ..\\src\\usb_endp.c                      0x00000000   Number         0  usb_endp.o ABSOLUTE
    ..\\src\\usb_istr.c                      0x00000000   Number         0  usb_istr.o ABSOLUTE
    ..\\src\\usb_prop.c                      0x00000000   Number         0  usb_prop.o ABSOLUTE
    ..\\src\\usb_pwr.c                       0x00000000   Number         0  usb_pwr.o ABSOLUTE
    ..\src\hw_config.c                       0x00000000   Number         0  hw_config.o ABSOLUTE
    ..\src\main.c                            0x00000000   Number         0  main.o ABSOLUTE
    ..\src\stm32_it.c                        0x00000000   Number         0  stm32_it.o ABSOLUTE
    ..\src\system_stm32l1xx.c                0x00000000   Number         0  system_stm32l1xx.o ABSOLUTE
    ..\src\usb_desc.c                        0x00000000   Number         0  usb_desc.o ABSOLUTE
    ..\src\usb_endp.c                        0x00000000   Number         0  usb_endp.o ABSOLUTE
    ..\src\usb_istr.c                        0x00000000   Number         0  usb_istr.o ABSOLUTE
    ..\src\usb_prop.c                        0x00000000   Number         0  usb_prop.o ABSOLUTE
    ..\src\usb_pwr.c                         0x00000000   Number         0  usb_pwr.o ABSOLUTE
    dc.s                                     0x00000000   Number         0  dc.o ABSOLUTE
    handlers.s                               0x00000000   Number         0  handlers.o ABSOLUTE
    init.s                                   0x00000000   Number         0  init.o ABSOLUTE
    RESET                                    0x08003000   Section      244  startup_stm32l1xx_md.o(RESET)
    .ARM.Collect$$$$00000000                 0x080030f4   Section        0  entry.o(.ARM.Collect$$$$00000000)
    .ARM.Collect$$$$00000001                 0x080030f4   Section        4  entry2.o(.ARM.Collect$$$$00000001)
    .ARM.Collect$$$$00000004                 0x080030f8   Section        4  entry5.o(.ARM.Collect$$$$00000004)
    .ARM.Collect$$$$00000008                 0x080030fc   Section        0  entry7b.o(.ARM.Collect$$$$00000008)
    .ARM.Collect$$$$0000000A                 0x080030fc   Section        0  entry8b.o(.ARM.Collect$$$$0000000A)
    .ARM.Collect$$$$0000000B                 0x080030fc   Section        8  entry9a.o(.ARM.Collect$$$$0000000B)
    .ARM.Collect$$$$0000000D                 0x08003104   Section        0  entry10a.o(.ARM.Collect$$$$0000000D)
    .ARM.Collect$$$$0000000F                 0x08003104   Section        0  entry11a.o(.ARM.Collect$$$$0000000F)
    .ARM.Collect$$$$00002712                 0x08003104   Section        4  entry2.o(.ARM.Collect$$$$00002712)
    __lit__00000000                          0x08003104   Data           4  entry2.o(.ARM.Collect$$$$00002712)
    .text                                    0x08003108   Section       36  startup_stm32l1xx_md.o(.text)
    .text                                    0x0800312c   Section       36  init.o(.text)
    .text                                    0x08003150   Section        0  __dczerorl2.o(.text)
    i.BusFault_Handler                       0x080031a6   Section        0  stm32_it.o(i.BusFault_Handler)
    i.ByteSwap                               0x080031a8   Section        0  usb_regs.o(i.ByteSwap)
    i.CTR_LP                                 0x080031b4   Section        0  usb_int.o(i.CTR_LP)
    i.ClearDTOG_RX                           0x08003310   Section        0  usb_regs.o(i.ClearDTOG_RX)
    i.ClearDTOG_TX                           0x08003338   Section        0  usb_regs.o(i.ClearDTOG_TX)
    i.Clear_Status_Out                       0x08003360   Section        0  usb_regs.o(i.Clear_Status_Out)
    i.DataStageIn                            0x08003380   Section        0  usb_core.o(i.DataStageIn)
    DataStageIn                              0x08003381   Thumb Code   156  usb_core.o(i.DataStageIn)
    i.DataStageOut                           0x08003434   Section        0  usb_core.o(i.DataStageOut)
    DataStageOut                             0x08003435   Thumb Code   142  usb_core.o(i.DataStageOut)
    i.Data_Setup0                            0x080034d8   Section        0  usb_core.o(i.Data_Setup0)
    Data_Setup0                              0x080034d9   Thumb Code   376  usb_core.o(i.Data_Setup0)
    i.DebugMon_Handler                       0x08003674   Section        0  stm32_it.o(i.DebugMon_Handler)
    i.EP1_IN_Callback                        0x08003678   Section        0  usb_endp.o(i.EP1_IN_Callback)
    i.EP3_OUT_Callback                       0x080036dc   Section        0  usb_endp.o(i.EP3_OUT_Callback)
    i.EXTI_ClearITPendingBit                 0x080036fc   Section        0  stm32l1xx_exti.o(i.EXTI_ClearITPendingBit)
    i.EXTI_Init                              0x08003708   Section        0  stm32l1xx_exti.o(i.EXTI_Init)
    i.GPIO_Init                              0x08003778   Section        0  stm32l1xx_gpio.o(i.GPIO_Init)
    i.GPIO_PinAFConfig                       0x08003816   Section        0  stm32l1xx_gpio.o(i.GPIO_PinAFConfig)
    i.GetEPRxAddr                            0x08003838   Section        0  usb_regs.o(i.GetEPRxAddr)
    i.GetEPRxCount                           0x08003858   Section        0  usb_regs.o(i.GetEPRxCount)
    i.GetEPTxAddr                            0x08003878   Section        0  usb_regs.o(i.GetEPTxAddr)
    i.Get_SerialNum                          0x08003894   Section        0  hw_config.o(i.Get_SerialNum)
    i.Handle_USBAsynchXfer                   0x080038c4   Section        0  hw_config.o(i.Handle_USBAsynchXfer)
    i.HardFault_Handler                      0x0800393c   Section        0  stm32_it.o(i.HardFault_Handler)
    i.In0_Process                            0x08003940   Section        0  usb_core.o(i.In0_Process)
    i.IntToUnicode                           0x0800399c   Section        0  hw_config.o(i.IntToUnicode)
    IntToUnicode                             0x0800399d   Thumb Code    56  hw_config.o(i.IntToUnicode)
    i.Leave_LowPowerMode                     0x080039d4   Section        0  hw_config.o(i.Leave_LowPowerMode)
    i.MemManage_Handler                      0x080039f0   Section        0  stm32_it.o(i.MemManage_Handler)
    i.NMI_Handler                            0x080039f2   Section        0  stm32_it.o(i.NMI_Handler)
    i.NOP_Process                            0x080039f4   Section        0  usb_core.o(i.NOP_Process)
    i.NVIC_Init                              0x080039f8   Section        0  misc.o(i.NVIC_Init)
    i.NVIC_PriorityGroupConfig               0x08003a5c   Section        0  misc.o(i.NVIC_PriorityGroupConfig)
    i.NVIC_SetVectorTable                    0x08003a70   Section        0  misc.o(i.NVIC_SetVectorTable)
    i.NoData_Setup0                          0x08003a84   Section        0  usb_core.o(i.NoData_Setup0)
    NoData_Setup0                            0x08003a85   Thumb Code   190  usb_core.o(i.NoData_Setup0)
    i.Out0_Process                           0x08003b58   Section        0  usb_core.o(i.Out0_Process)
    i.PMAToUserBufferCopy                    0x08003ba0   Section        0  usb_mem.o(i.PMAToUserBufferCopy)
    i.PendSV_Handler                         0x08003bc0   Section        0  stm32_it.o(i.PendSV_Handler)
    i.Post0_Process                          0x08003bc4   Section        0  usb_core.o(i.Post0_Process)
    i.PowerOn                                0x08003c08   Section        0  usb_pwr.o(i.PowerOn)
    i.RCC_AHBPeriphClockCmd                  0x08003c34   Section        0  stm32l1xx_rcc.o(i.RCC_AHBPeriphClockCmd)
    i.RCC_APB1PeriphClockCmd                 0x08003c4c   Section        0  stm32l1xx_rcc.o(i.RCC_APB1PeriphClockCmd)
    i.RCC_APB2PeriphClockCmd                 0x08003c64   Section        0  stm32l1xx_rcc.o(i.RCC_APB2PeriphClockCmd)
    i.RCC_GetClocksFreq                      0x08003c7c   Section        0  stm32l1xx_rcc.o(i.RCC_GetClocksFreq)
    i.Resume                                 0x08003d24   Section        0  usb_pwr.o(i.Resume)
    i.Resume_Init                            0x08003db8   Section        0  usb_pwr.o(i.Resume_Init)
    i.SOF_Callback                           0x08003dd8   Section        0  usb_endp.o(i.SOF_Callback)
    i.STM_EVAL_COMInit                       0x08003e00   Section        0  stm32l152_eval.o(i.STM_EVAL_COMInit)
    i.SVC_Handler                            0x08003eb8   Section        0  stm32_it.o(i.SVC_Handler)
    i.SYSCFG_USBPuCmd                        0x08003ebc   Section        0  stm32l1xx_syscfg.o(i.SYSCFG_USBPuCmd)
    i.SetBTABLE                              0x08003ed8   Section        0  usb_regs.o(i.SetBTABLE)
    i.SetDeviceAddress                       0x08003ee8   Section        0  usb_core.o(i.SetDeviceAddress)
    i.SetEPRxAddr                            0x08003f30   Section        0  usb_regs.o(i.SetEPRxAddr)
    i.SetEPRxCount                           0x08003f50   Section        0  usb_regs.o(i.SetEPRxCount)
    i.SetEPRxStatus                          0x08003f90   Section        0  usb_regs.o(i.SetEPRxStatus)
    i.SetEPRxValid                           0x08003fc0   Section        0  usb_regs.o(i.SetEPRxValid)
    i.SetEPTxAddr                            0x08003fe4   Section        0  usb_regs.o(i.SetEPTxAddr)
    i.SetEPTxCount                           0x08004004   Section        0  usb_regs.o(i.SetEPTxCount)
    i.SetEPTxStatus                          0x08004020   Section        0  usb_regs.o(i.SetEPTxStatus)
    i.SetEPTxValid                           0x08004050   Section        0  usb_regs.o(i.SetEPTxValid)
    i.SetEPType                              0x08004074   Section        0  usb_regs.o(i.SetEPType)
    i.Set_System                             0x08004090   Section        0  hw_config.o(i.Set_System)
    i.Set_USBClock                           0x080040c0   Section        0  hw_config.o(i.Set_USBClock)
    i.Setup0_Process                         0x080040c8   Section        0  usb_core.o(i.Setup0_Process)
    i.Standard_ClearFeature                  0x08004130   Section        0  usb_core.o(i.Standard_ClearFeature)
    i.Standard_GetConfiguration              0x0800422c   Section        0  usb_core.o(i.Standard_GetConfiguration)
    i.Standard_GetDescriptorData             0x08004254   Section        0  usb_core.o(i.Standard_GetDescriptorData)
    i.Standard_GetInterface                  0x08004270   Section        0  usb_core.o(i.Standard_GetInterface)
    i.Standard_GetStatus                     0x08004298   Section        0  usb_core.o(i.Standard_GetStatus)
    i.Standard_SetConfiguration              0x0800432c   Section        0  usb_core.o(i.Standard_SetConfiguration)
    i.Standard_SetDeviceFeature              0x08004364   Section        0  usb_core.o(i.Standard_SetDeviceFeature)
    i.Standard_SetEndPointFeature            0x08004388   Section        0  usb_core.o(i.Standard_SetEndPointFeature)
    i.Standard_SetInterface                  0x08004410   Section        0  usb_core.o(i.Standard_SetInterface)
    i.Suspend                                0x08004458   Section        0  usb_pwr.o(i.Suspend)
    i.SysTick_Handler                        0x0800451c   Section        0  stm32_it.o(i.SysTick_Handler)
    i.SystemInit                             0x0800451e   Section        0  system_stm32l1xx.o(i.SystemInit)
    i.USART2_IRQHandler                      0x08004520   Section        0  stm32_it.o(i.USART2_IRQHandler)
    i.USART_Cmd                              0x08004550   Section        0  stm32l1xx_usart.o(i.USART_Cmd)
    i.USART_Config                           0x08004564   Section        0  hw_config.o(i.USART_Config)
    i.USART_Config_Default                   0x080045e8   Section        0  hw_config.o(i.USART_Config_Default)
    i.USART_GetFlagStatus                    0x08004624   Section        0  stm32l1xx_usart.o(i.USART_GetFlagStatus)
    i.USART_GetITStatus                      0x08004632   Section        0  stm32l1xx_usart.o(i.USART_GetITStatus)
    i.USART_ITConfig                         0x08004670   Section        0  stm32l1xx_usart.o(i.USART_ITConfig)
    i.USART_Init                             0x080046a0   Section        0  stm32l1xx_usart.o(i.USART_Init)
    i.USART_ReceiveData                      0x08004744   Section        0  stm32l1xx_usart.o(i.USART_ReceiveData)
    i.USART_SendData                         0x0800474c   Section        0  stm32l1xx_usart.o(i.USART_SendData)
    i.USART_To_USB_Send_Data                 0x08004754   Section        0  hw_config.o(i.USART_To_USB_Send_Data)
    i.USB_Cable_Config                       0x080047a0   Section        0  hw_config.o(i.USB_Cable_Config)
    i.USB_FS_WKUP_IRQHandler                 0x080047a8   Section        0  stm32_it.o(i.USB_FS_WKUP_IRQHandler)
    i.USB_Init                               0x080047b0   Section        0  usb_init.o(i.USB_Init)
    i.USB_Interrupts_Config                  0x080047d8   Section        0  hw_config.o(i.USB_Interrupts_Config)
    i.USB_Istr                               0x08004828   Section        0  usb_istr.o(i.USB_Istr)
    i.USB_LP_IRQHandler                      0x08004978   Section        0  stm32_it.o(i.USB_LP_IRQHandler)
    i.USB_SIL_Init                           0x0800497c   Section        0  usb_sil.o(i.USB_SIL_Init)
    i.USB_SIL_Read                           0x0800499c   Section        0  usb_sil.o(i.USB_SIL_Read)
    i.USB_To_USART_Send_Data                 0x080049c0   Section        0  hw_config.o(i.USB_To_USART_Send_Data)
    i.UsageFault_Handler                     0x080049f0   Section        0  stm32_it.o(i.UsageFault_Handler)
    i.UserToPMABufferCopy                    0x080049f4   Section        0  usb_mem.o(i.UserToPMABufferCopy)
    i.Virtual_Com_Port_Data_Setup            0x08004a20   Section        0  usb_prop.o(i.Virtual_Com_Port_Data_Setup)
    i.Virtual_Com_Port_GetConfigDescriptor   0x08004a74   Section        0  usb_prop.o(i.Virtual_Com_Port_GetConfigDescriptor)
    i.Virtual_Com_Port_GetDeviceDescriptor   0x08004a80   Section        0  usb_prop.o(i.Virtual_Com_Port_GetDeviceDescriptor)
    i.Virtual_Com_Port_GetLineCoding         0x08004a8c   Section        0  usb_prop.o(i.Virtual_Com_Port_GetLineCoding)
    i.Virtual_Com_Port_GetStringDescriptor   0x08004aa8   Section        0  usb_prop.o(i.Virtual_Com_Port_GetStringDescriptor)
    i.Virtual_Com_Port_Get_Interface_Setting 0x08004ac8   Section        0  usb_prop.o(i.Virtual_Com_Port_Get_Interface_Setting)
    i.Virtual_Com_Port_NoData_Setup          0x08004ad8   Section        0  usb_prop.o(i.Virtual_Com_Port_NoData_Setup)
    i.Virtual_Com_Port_Reset                 0x08004afc   Section        0  usb_prop.o(i.Virtual_Com_Port_Reset)
    i.Virtual_Com_Port_SetConfiguration      0x08004bdc   Section        0  usb_prop.o(i.Virtual_Com_Port_SetConfiguration)
    i.Virtual_Com_Port_SetDeviceAddress      0x08004bf4   Section        0  usb_prop.o(i.Virtual_Com_Port_SetDeviceAddress)
    i.Virtual_Com_Port_SetLineCoding         0x08004c00   Section        0  usb_prop.o(i.Virtual_Com_Port_SetLineCoding)
    i.Virtual_Com_Port_Status_In             0x08004c1c   Section        0  usb_prop.o(i.Virtual_Com_Port_Status_In)
    i.Virtual_Com_Port_Status_Out            0x08004c34   Section        0  usb_prop.o(i.Virtual_Com_Port_Status_Out)
    i.Virtual_Com_Port_init                  0x08004c38   Section        0  usb_prop.o(i.Virtual_Com_Port_init)
    i.__scatterload_copy                     0x08004c60   Section       14  handlers.o(i.__scatterload_copy)
    i.__scatterload_null                     0x08004c6e   Section        2  handlers.o(i.__scatterload_null)
    i.__scatterload_zeroinit                 0x08004c70   Section       14  handlers.o(i.__scatterload_zeroinit)
    i.main                                   0x08004c7e   Section        0  main.o(i.main)
    .constdata                               0x08004c9c   Section       18  usb_desc.o(.constdata)
    .constdata                               0x08004cae   Section       67  usb_desc.o(.constdata)
    .constdata                               0x08004cf1   Section        4  usb_desc.o(.constdata)
    .constdata                               0x08004cf5   Section       38  usb_desc.o(.constdata)
    .constdata                               0x08004d1b   Section       50  usb_desc.o(.constdata)
    .constdata                               0x08004d50   Section      132  stm32l152_eval.o(.constdata)
    .data                                    0x20000000   Section       24  hw_config.o(.data)
    .data                                    0x20000018   Section       26  usb_desc.o(.data)
    .data                                    0x20000034   Section        4  usb_endp.o(.data)
    FrameCount                               0x20000034   Data           4  usb_endp.o(.data)
    .data                                    0x20000038   Section       12  usb_istr.o(.data)
    .data                                    0x20000044   Section       28  usb_istr.o(.data)
    .data                                    0x20000060   Section       28  usb_istr.o(.data)
    .data                                    0x2000007c   Section      108  usb_prop.o(.data)
    .data                                    0x200000e8   Section        2  usb_prop.o(.data)
    .data                                    0x200000ec   Section       36  usb_prop.o(.data)
    .data                                    0x20000110   Section        4  usb_pwr.o(.data)
    .data                                    0x20000114   Section        1  usb_pwr.o(.data)
    .data                                    0x20000118   Section        8  usb_pwr.o(.data)
    .data                                    0x20000120   Section        4  usb_core.o(.data)
    .data                                    0x20000124   Section        1  usb_init.o(.data)
    .data                                    0x20000128   Section       12  usb_init.o(.data)
    .data                                    0x20000134   Section        2  usb_init.o(.data)
    .data                                    0x20000136   Section        4  usb_int.o(.data)
    .data                                    0x2000013a   Section       25  stm32l1xx_rcc.o(.data)
    PLLMulTable                              0x2000013a   Data           9  stm32l1xx_rcc.o(.data)
    APBAHBPrescTable                         0x20000143   Data          16  stm32l1xx_rcc.o(.data)
    .data                                    0x20000154   Section       64  stm32l152_eval.o(.data)
    .bss                                     0x20000194   Section     2064  hw_config.o(.bss)
    .bss                                     0x200009a4   Section       64  usb_endp.o(.bss)
    .bss                                     0x200009e4   Section       32  usb_pwr.o(.bss)
    .bss                                     0x20000a04   Section       28  usb_init.o(.bss)
    STACK                                    0x20000a20   Section     1024  startup_stm32l1xx_md.o(STACK)

    Global Symbols

    Symbol Name                              Value     Ov Type        Size  Object(Section)

    BuildAttributes$$THM_ISAv4$P$D$K$B$S$PE$A:L22UL41UL21$X:L11$S22US41US21$IEEE1$IW$USESV6$~STKCKD$USESV7$~SHL$OSPACE$EBA8$MICROLIB$REQ8$PRES8$EABIv2 0x00000000   Number         0  anon$$obj.o ABSOLUTE
    __ARM_use_no_argv                        0x00000000   Number         0  main.o ABSOLUTE
    __cpp_initialize__aeabi_                  - Undefined Weak Reference
    __cxa_finalize                            - Undefined Weak Reference
    _clock_init                               - Undefined Weak Reference
    _microlib_exit                            - Undefined Weak Reference
    __Vectors_Size                           0x000000f4   Number         0  startup_stm32l1xx_md.o ABSOLUTE
    __Vectors                                0x08003000   Data           4  startup_stm32l1xx_md.o(RESET)
    __Vectors_End                            0x080030f4   Data           0  startup_stm32l1xx_md.o(RESET)
    __main                                   0x080030f5   Thumb Code     0  entry.o(.ARM.Collect$$$$00000000)
    _main_stk                                0x080030f5   Thumb Code     0  entry2.o(.ARM.Collect$$$$00000001)
    _main_scatterload                        0x080030f9   Thumb Code     0  entry5.o(.ARM.Collect$$$$00000004)
    __main_after_scatterload                 0x080030fd   Thumb Code     0  entry5.o(.ARM.Collect$$$$00000004)
    _main_clock                              0x080030fd   Thumb Code     0  entry7b.o(.ARM.Collect$$$$00000008)
    _main_cpp_init                           0x080030fd   Thumb Code     0  entry8b.o(.ARM.Collect$$$$0000000A)
    _main_init                               0x080030fd   Thumb Code     0  entry9a.o(.ARM.Collect$$$$0000000B)
    __rt_final_cpp                           0x08003105   Thumb Code     0  entry10a.o(.ARM.Collect$$$$0000000D)
    __rt_final_exit                          0x08003105   Thumb Code     0  entry11a.o(.ARM.Collect$$$$0000000F)
    Reset_Handler                            0x08003109   Thumb Code     8  startup_stm32l1xx_md.o(.text)
    ADC1_IRQHandler                          0x08003123   Thumb Code     0  startup_stm32l1xx_md.o(.text)
    COMP_IRQHandler                          0x08003123   Thumb Code     0  startup_stm32l1xx_md.o(.text)
    DAC_IRQHandler                           0x08003123   Thumb Code     0  startup_stm32l1xx_md.o(.text)
    DMA1_Channel1_IRQHandler                 0x08003123   Thumb Code     0  startup_stm32l1xx_md.o(.text)
    DMA1_Channel2_IRQHandler                 0x08003123   Thumb Code     0  startup_stm32l1xx_md.o(.text)
    DMA1_Channel3_IRQHandler                 0x08003123   Thumb Code     0  startup_stm32l1xx_md.o(.text)
    DMA1_Channel4_IRQHandler                 0x08003123   Thumb Code     0  startup_stm32l1xx_md.o(.text)
    DMA1_Channel5_IRQHandler                 0x08003123   Thumb Code     0  startup_stm32l1xx_md.o(.text)
    DMA1_Channel6_IRQHandler                 0x08003123   Thumb Code     0  startup_stm32l1xx_md.o(.text)
    DMA1_Channel7_IRQHandler                 0x08003123   Thumb Code     0  startup_stm32l1xx_md.o(.text)
    EXTI0_IRQHandler                         0x08003123   Thumb Code     0  startup_stm32l1xx_md.o(.text)
    EXTI15_10_IRQHandler                     0x08003123   Thumb Code     0  startup_stm32l1xx_md.o(.text)
    EXTI1_IRQHandler                         0x08003123   Thumb Code     0  startup_stm32l1xx_md.o(.text)
    EXTI2_IRQHandler                         0x08003123   Thumb Code     0  startup_stm32l1xx_md.o(.text)
    EXTI3_IRQHandler                         0x08003123   Thumb Code     0  startup_stm32l1xx_md.o(.text)
    EXTI4_IRQHandler                         0x08003123   Thumb Code     0  startup_stm32l1xx_md.o(.text)
    EXTI9_5_IRQHandler                       0x08003123   Thumb Code     0  startup_stm32l1xx_md.o(.text)
    FLASH_IRQHandler                         0x08003123   Thumb Code     0  startup_stm32l1xx_md.o(.text)
    I2C1_ER_IRQHandler                       0x08003123   Thumb Code     0  startup_stm32l1xx_md.o(.text)
    I2C1_EV_IRQHandler                       0x08003123   Thumb Code     0  startup_stm32l1xx_md.o(.text)
    I2C2_ER_IRQHandler                       0x08003123   Thumb Code     0  startup_stm32l1xx_md.o(.text)
    I2C2_EV_IRQHandler                       0x08003123   Thumb Code     0  startup_stm32l1xx_md.o(.text)
    LCD_IRQHandler                           0x08003123   Thumb Code     0  startup_stm32l1xx_md.o(.text)
    PVD_IRQHandler                           0x08003123   Thumb Code     0  startup_stm32l1xx_md.o(.text)
    RCC_IRQHandler                           0x08003123   Thumb Code     0  startup_stm32l1xx_md.o(.text)
    RTC_Alarm_IRQHandler                     0x08003123   Thumb Code     0  startup_stm32l1xx_md.o(.text)
    RTC_WKUP_IRQHandler                      0x08003123   Thumb Code     0  startup_stm32l1xx_md.o(.text)
    SPI1_IRQHandler                          0x08003123   Thumb Code     0  startup_stm32l1xx_md.o(.text)
    SPI2_IRQHandler                          0x08003123   Thumb Code     0  startup_stm32l1xx_md.o(.text)
    TAMPER_STAMP_IRQHandler                  0x08003123   Thumb Code     0  startup_stm32l1xx_md.o(.text)
    TIM10_IRQHandler                         0x08003123   Thumb Code     0  startup_stm32l1xx_md.o(.text)
    TIM11_IRQHandler                         0x08003123   Thumb Code     0  startup_stm32l1xx_md.o(.text)
    TIM2_IRQHandler                          0x08003123   Thumb Code     0  startup_stm32l1xx_md.o(.text)
    TIM3_IRQHandler                          0x08003123   Thumb Code     0  startup_stm32l1xx_md.o(.text)
    TIM4_IRQHandler                          0x08003123   Thumb Code     0  startup_stm32l1xx_md.o(.text)
    TIM6_IRQHandler                          0x08003123   Thumb Code     0  startup_stm32l1xx_md.o(.text)
    TIM7_IRQHandler                          0x08003123   Thumb Code     0  startup_stm32l1xx_md.o(.text)
    TIM9_IRQHandler                          0x08003123   Thumb Code     0  startup_stm32l1xx_md.o(.text)
    USART1_IRQHandler                        0x08003123   Thumb Code     0  startup_stm32l1xx_md.o(.text)
    USART3_IRQHandler                        0x08003123   Thumb Code     0  startup_stm32l1xx_md.o(.text)
    USB_HP_IRQHandler                        0x08003123   Thumb Code     0  startup_stm32l1xx_md.o(.text)
    WWDG_IRQHandler                          0x08003123   Thumb Code     0  startup_stm32l1xx_md.o(.text)
    __scatterload                            0x0800312d   Thumb Code    28  init.o(.text)
    __scatterload_rt2                        0x0800312d   Thumb Code     0  init.o(.text)
    __decompress                             0x08003151   Thumb Code     0  __dczerorl2.o(.text)
    __decompress1                            0x08003151   Thumb Code    86  __dczerorl2.o(.text)
    BusFault_Handler                         0x080031a7   Thumb Code     2  stm32_it.o(i.BusFault_Handler)
    ByteSwap                                 0x080031a9   Thumb Code    10  usb_regs.o(i.ByteSwap)
    CTR_LP                                   0x080031b5   Thumb Code   318  usb_int.o(i.CTR_LP)
    ClearDTOG_RX                             0x08003311   Thumb Code    36  usb_regs.o(i.ClearDTOG_RX)
    ClearDTOG_TX                             0x08003339   Thumb Code    36  usb_regs.o(i.ClearDTOG_TX)
    Clear_Status_Out                         0x08003361   Thumb Code    28  usb_regs.o(i.Clear_Status_Out)
    DebugMon_Handler                         0x08003675   Thumb Code     2  stm32_it.o(i.DebugMon_Handler)
    EP1_IN_Callback                          0x08003679   Thumb Code    82  usb_endp.o(i.EP1_IN_Callback)
    EP3_OUT_Callback                         0x080036dd   Thumb Code    28  usb_endp.o(i.EP3_OUT_Callback)
    EXTI_ClearITPendingBit                   0x080036fd   Thumb Code     6  stm32l1xx_exti.o(i.EXTI_ClearITPendingBit)
    EXTI_Init                                0x08003709   Thumb Code   108  stm32l1xx_exti.o(i.EXTI_Init)
    GPIO_Init                                0x08003779   Thumb Code   158  stm32l1xx_gpio.o(i.GPIO_Init)
    GPIO_PinAFConfig                         0x08003817   Thumb Code    32  stm32l1xx_gpio.o(i.GPIO_PinAFConfig)
    GetEPRxAddr                              0x08003839   Thumb Code    22  usb_regs.o(i.GetEPRxAddr)
    GetEPRxCount                             0x08003859   Thumb Code    24  usb_regs.o(i.GetEPRxCount)
    GetEPTxAddr                              0x08003879   Thumb Code    20  usb_regs.o(i.GetEPTxAddr)
    Get_SerialNum                            0x08003895   Thumb Code    40  hw_config.o(i.Get_SerialNum)
    Handle_USBAsynchXfer                     0x080038c5   Thumb Code   110  hw_config.o(i.Handle_USBAsynchXfer)
    HardFault_Handler                        0x0800393d   Thumb Code     2  stm32_it.o(i.HardFault_Handler)
    In0_Process                              0x08003941   Thumb Code    80  usb_core.o(i.In0_Process)
    Leave_LowPowerMode                       0x080039d5   Thumb Code    20  hw_config.o(i.Leave_LowPowerMode)
    MemManage_Handler                        0x080039f1   Thumb Code     2  stm32_it.o(i.MemManage_Handler)
    NMI_Handler                              0x080039f3   Thumb Code     2  stm32_it.o(i.NMI_Handler)
    NOP_Process                              0x080039f5   Thumb Code     2  usb_core.o(i.NOP_Process)
    NVIC_Init                                0x080039f9   Thumb Code    94  misc.o(i.NVIC_Init)
    NVIC_PriorityGroupConfig                 0x08003a5d   Thumb Code    10  misc.o(i.NVIC_PriorityGroupConfig)
    NVIC_SetVectorTable                      0x08003a71   Thumb Code    12  misc.o(i.NVIC_SetVectorTable)
    Out0_Process                             0x08003b59   Thumb Code    62  usb_core.o(i.Out0_Process)
    PMAToUserBufferCopy                      0x08003ba1   Thumb Code    26  usb_mem.o(i.PMAToUserBufferCopy)
    PendSV_Handler                           0x08003bc1   Thumb Code     2  stm32_it.o(i.PendSV_Handler)
    Post0_Process                            0x08003bc5   Thumb Code    52  usb_core.o(i.Post0_Process)
    PowerOn                                  0x08003c09   Thumb Code    36  usb_pwr.o(i.PowerOn)
    RCC_AHBPeriphClockCmd                    0x08003c35   Thumb Code    18  stm32l1xx_rcc.o(i.RCC_AHBPeriphClockCmd)
    RCC_APB1PeriphClockCmd                   0x08003c4d   Thumb Code    18  stm32l1xx_rcc.o(i.RCC_APB1PeriphClockCmd)
    RCC_APB2PeriphClockCmd                   0x08003c65   Thumb Code    18  stm32l1xx_rcc.o(i.RCC_APB2PeriphClockCmd)
    RCC_GetClocksFreq                        0x08003c7d   Thumb Code   150  stm32l1xx_rcc.o(i.RCC_GetClocksFreq)
    Resume                                   0x08003d25   Thumb Code   140  usb_pwr.o(i.Resume)
    Resume_Init                              0x08003db9   Thumb Code    26  usb_pwr.o(i.Resume_Init)
    SOF_Callback                             0x08003dd9   Thumb Code    30  usb_endp.o(i.SOF_Callback)
    STM_EVAL_COMInit                         0x08003e01   Thumb Code   176  stm32l152_eval.o(i.STM_EVAL_COMInit)
    SVC_Handler                              0x08003eb9   Thumb Code     2  stm32_it.o(i.SVC_Handler)
    SYSCFG_USBPuCmd                          0x08003ebd   Thumb Code    22  stm32l1xx_syscfg.o(i.SYSCFG_USBPuCmd)
    SetBTABLE                                0x08003ed9   Thumb Code    10  usb_regs.o(i.SetBTABLE)
    SetDeviceAddress                         0x08003ee9   Thumb Code    58  usb_core.o(i.SetDeviceAddress)
    SetEPRxAddr                              0x08003f31   Thumb Code    24  usb_regs.o(i.SetEPRxAddr)
    SetEPRxCount                             0x08003f51   Thumb Code    54  usb_regs.o(i.SetEPRxCount)
    SetEPRxStatus                            0x08003f91   Thumb Code    44  usb_regs.o(i.SetEPRxStatus)
    SetEPRxValid                             0x08003fc1   Thumb Code    32  usb_regs.o(i.SetEPRxValid)
    SetEPTxAddr                              0x08003fe5   Thumb Code    22  usb_regs.o(i.SetEPTxAddr)
    SetEPTxCount                             0x08004005   Thumb Code    20  usb_regs.o(i.SetEPTxCount)
    SetEPTxStatus                            0x08004021   Thumb Code    44  usb_regs.o(i.SetEPTxStatus)
    SetEPTxValid                             0x08004051   Thumb Code    32  usb_regs.o(i.SetEPTxValid)
    SetEPType                                0x08004075   Thumb Code    24  usb_regs.o(i.SetEPType)
    Set_System                               0x08004091   Thumb Code    42  hw_config.o(i.Set_System)
    Set_USBClock                             0x080040c1   Thumb Code     8  hw_config.o(i.Set_USBClock)
    Setup0_Process                           0x080040c9   Thumb Code    92  usb_core.o(i.Setup0_Process)
    Standard_ClearFeature                    0x08004131   Thumb Code   232  usb_core.o(i.Standard_ClearFeature)
    Standard_GetConfiguration                0x0800422d   Thumb Code    30  usb_core.o(i.Standard_GetConfiguration)
    Standard_GetDescriptorData               0x08004255   Thumb Code    24  usb_core.o(i.Standard_GetDescriptorData)
    Standard_GetInterface                    0x08004271   Thumb Code    30  usb_core.o(i.Standard_GetInterface)
    Standard_GetStatus                       0x08004299   Thumb Code   130  usb_core.o(i.Standard_GetStatus)
    Standard_SetConfiguration                0x0800432d   Thumb Code    42  usb_core.o(i.Standard_SetConfiguration)
    Standard_SetDeviceFeature                0x08004365   Thumb Code    26  usb_core.o(i.Standard_SetDeviceFeature)
    Standard_SetEndPointFeature              0x08004389   Thumb Code   118  usb_core.o(i.Standard_SetEndPointFeature)
    Standard_SetInterface                    0x08004411   Thumb Code    60  usb_core.o(i.Standard_SetInterface)
    Suspend                                  0x08004459   Thumb Code   176  usb_pwr.o(i.Suspend)
    SysTick_Handler                          0x0800451d   Thumb Code     2  stm32_it.o(i.SysTick_Handler)
    SystemInit                               0x0800451f   Thumb Code     2  system_stm32l1xx.o(i.SystemInit)
    USART2_IRQHandler                        0x08004521   Thumb Code    44  stm32_it.o(i.USART2_IRQHandler)
    USART_Cmd                                0x08004551   Thumb Code    20  stm32l1xx_usart.o(i.USART_Cmd)
    USART_Config                             0x08004565   Thumb Code   122  hw_config.o(i.USART_Config)
    USART_Config_Default                     0x080045e9   Thumb Code    52  hw_config.o(i.USART_Config_Default)
    USART_GetFlagStatus                      0x08004625   Thumb Code    14  stm32l1xx_usart.o(i.USART_GetFlagStatus)
    USART_GetITStatus                        0x08004633   Thumb Code    62  stm32l1xx_usart.o(i.USART_GetITStatus)
    USART_ITConfig                           0x08004671   Thumb Code    48  stm32l1xx_usart.o(i.USART_ITConfig)
    USART_Init                               0x080046a1   Thumb Code   158  stm32l1xx_usart.o(i.USART_Init)
    USART_ReceiveData                        0x08004745   Thumb Code     8  stm32l1xx_usart.o(i.USART_ReceiveData)
    USART_SendData                           0x0800474d   Thumb Code     8  stm32l1xx_usart.o(i.USART_SendData)
    USART_To_USB_Send_Data                   0x08004755   Thumb Code    58  hw_config.o(i.USART_To_USB_Send_Data)
    USB_Cable_Config                         0x080047a1   Thumb Code     8  hw_config.o(i.USB_Cable_Config)
    USB_FS_WKUP_IRQHandler                   0x080047a9   Thumb Code     8  stm32_it.o(i.USB_FS_WKUP_IRQHandler)
    USB_Init                                 0x080047b1   Thumb Code    22  usb_init.o(i.USB_Init)
    USB_Interrupts_Config                    0x080047d9   Thumb Code    78  hw_config.o(i.USB_Interrupts_Config)
    USB_Istr                                 0x08004829   Thumb Code   310  usb_istr.o(i.USB_Istr)
    USB_LP_IRQHandler                        0x08004979   Thumb Code     4  stm32_it.o(i.USB_LP_IRQHandler)
    USB_SIL_Init                             0x0800497d   Thumb Code    24  usb_sil.o(i.USB_SIL_Init)
    USB_SIL_Read                             0x0800499d   Thumb Code    36  usb_sil.o(i.USB_SIL_Read)
    USB_To_USART_Send_Data                   0x080049c1   Thumb Code    44  hw_config.o(i.USB_To_USART_Send_Data)
    UsageFault_Handler                       0x080049f1   Thumb Code     2  stm32_it.o(i.UsageFault_Handler)
    UserToPMABufferCopy                      0x080049f5   Thumb Code    38  usb_mem.o(i.UserToPMABufferCopy)
    Virtual_Com_Port_Data_Setup              0x08004a21   Thumb Code    68  usb_prop.o(i.Virtual_Com_Port_Data_Setup)
    Virtual_Com_Port_GetConfigDescriptor     0x08004a75   Thumb Code     6  usb_prop.o(i.Virtual_Com_Port_GetConfigDescriptor)
    Virtual_Com_Port_GetDeviceDescriptor     0x08004a81   Thumb Code     6  usb_prop.o(i.Virtual_Com_Port_GetDeviceDescriptor)
    Virtual_Com_Port_GetLineCoding           0x08004a8d   Thumb Code    18  usb_prop.o(i.Virtual_Com_Port_GetLineCoding)
    Virtual_Com_Port_GetStringDescriptor     0x08004aa9   Thumb Code    24  usb_prop.o(i.Virtual_Com_Port_GetStringDescriptor)
    Virtual_Com_Port_Get_Interface_Setting   0x08004ac9   Thumb Code    14  usb_prop.o(i.Virtual_Com_Port_Get_Interface_Setting)
    Virtual_Com_Port_NoData_Setup            0x08004ad9   Thumb Code    30  usb_prop.o(i.Virtual_Com_Port_NoData_Setup)
    Virtual_Com_Port_Reset                   0x08004afd   Thumb Code   208  usb_prop.o(i.Virtual_Com_Port_Reset)
    Virtual_Com_Port_SetConfiguration        0x08004bdd   Thumb Code    16  usb_prop.o(i.Virtual_Com_Port_SetConfiguration)
    Virtual_Com_Port_SetDeviceAddress        0x08004bf5   Thumb Code     8  usb_prop.o(i.Virtual_Com_Port_SetDeviceAddress)
    Virtual_Com_Port_SetLineCoding           0x08004c01   Thumb Code    18  usb_prop.o(i.Virtual_Com_Port_SetLineCoding)
    Virtual_Com_Port_Status_In               0x08004c1d   Thumb Code    20  usb_prop.o(i.Virtual_Com_Port_Status_In)
    Virtual_Com_Port_Status_Out              0x08004c35   Thumb Code     2  usb_prop.o(i.Virtual_Com_Port_Status_Out)
    Virtual_Com_Port_init                    0x08004c39   Thumb Code    32  usb_prop.o(i.Virtual_Com_Port_init)
    __scatterload_copy                       0x08004c61   Thumb Code    14  handlers.o(i.__scatterload_copy)
    __scatterload_null                       0x08004c6f   Thumb Code     2  handlers.o(i.__scatterload_null)
    __scatterload_zeroinit                   0x08004c71   Thumb Code    14  handlers.o(i.__scatterload_zeroinit)
    main                                     0x08004c7f   Thumb Code    30  main.o(i.main)
    Virtual_Com_Port_DeviceDescriptor        0x08004c9c   Data          18  usb_desc.o(.constdata)
    Virtual_Com_Port_ConfigDescriptor        0x08004cae   Data          67  usb_desc.o(.constdata)
    Virtual_Com_Port_StringLangID            0x08004cf1   Data           4  usb_desc.o(.constdata)
    Virtual_Com_Port_StringVendor            0x08004cf5   Data          38  usb_desc.o(.constdata)
    Virtual_Com_Port_StringProduct           0x08004d1b   Data          50  usb_desc.o(.constdata)
    COM_TX_PIN_SOURCE                        0x08004d50   Data           2  stm32l152_eval.o(.constdata)
    COM_RX_PIN_SOURCE                        0x08004d52   Data           2  stm32l152_eval.o(.constdata)
    COM_TX_AF                                0x08004d54   Data           2  stm32l152_eval.o(.constdata)
    COM_RX_AF                                0x08004d56   Data           2  stm32l152_eval.o(.constdata)
    COM_TX_PIN                               0x08004d58   Data           4  stm32l152_eval.o(.constdata)
    COM_RX_PIN                               0x08004d5c   Data           4  stm32l152_eval.o(.constdata)
    BUTTON_PORT_SOURCE                       0x08004d60   Data           6  stm32l152_eval.o(.constdata)
    BUTTON_PIN_SOURCE                        0x08004d66   Data           6  stm32l152_eval.o(.constdata)
    BUTTON_IRQn                              0x08004d6c   Data           6  stm32l152_eval.o(.constdata)
    GPIO_PIN                                 0x08004d72   Data           8  stm32l152_eval.o(.constdata)
    COM_USART_CLK                            0x08004d7c   Data           8  stm32l152_eval.o(.constdata)
    COM_TX_PORT_CLK                          0x08004d84   Data           8  stm32l152_eval.o(.constdata)
    COM_RX_PORT_CLK                          0x08004d8c   Data           8  stm32l152_eval.o(.constdata)
    GPIO_CLK                                 0x08004d94   Data          16  stm32l152_eval.o(.constdata)
    BUTTON_PIN                               0x08004da4   Data          12  stm32l152_eval.o(.constdata)
    BUTTON_CLK                               0x08004db0   Data          24  stm32l152_eval.o(.constdata)
    BUTTON_EXTI_LINE                         0x08004dc8   Data          12  stm32l152_eval.o(.constdata)
    Region$$Table$$Base                      0x08004dd4   Number         0  anon$$obj.o(Region$$Table)
    Region$$Table$$Limit                     0x08004df4   Number         0  anon$$obj.o(Region$$Table)
    USB_Tx_State                             0x20000000   Data           1  hw_config.o(.data)
    USART_Rx_ptr_in                          0x20000004   Data           4  hw_config.o(.data)
    USART_Rx_ptr_out                         0x20000008   Data           4  hw_config.o(.data)
    USART_Rx_length                          0x2000000c   Data           4  hw_config.o(.data)
    EXTI_InitStructure                       0x20000010   Data           8  hw_config.o(.data)
    Virtual_Com_Port_StringSerial            0x20000018   Data          26  usb_desc.o(.data)
    bIntPackSOF                              0x20000038   Data           1  usb_istr.o(.data)
    wIstr                                    0x2000003a   Data           2  usb_istr.o(.data)
    esof_counter                             0x2000003c   Data           4  usb_istr.o(.data)
    wCNTR                                    0x20000040   Data           4  usb_istr.o(.data)
    pEpInt_IN                                0x20000044   Data          28  usb_istr.o(.data)
    pEpInt_OUT                               0x20000060   Data          28  usb_istr.o(.data)
    Request                                  0x2000007c   Data           1  usb_prop.o(.data)
    linecoding                               0x20000080   Data           8  usb_prop.o(.data)
    Device_Descriptor                        0x20000088   Data           8  usb_prop.o(.data)
    Config_Descriptor                        0x20000090   Data           8  usb_prop.o(.data)
    Device_Property                          0x20000098   Data          48  usb_prop.o(.data)
    String_Descriptor                        0x200000c8   Data          32  usb_prop.o(.data)
    Device_Table                             0x200000e8   Data           2  usb_prop.o(.data)
    User_Standard_Requests                   0x200000ec   Data          36  usb_prop.o(.data)
    bDeviceState                             0x20000110   Data           4  usb_pwr.o(.data)
    fSuspendEnabled                          0x20000114   Data           1  usb_pwr.o(.data)
    ResumeS                                  0x20000118   Data           2  usb_pwr.o(.data)
    remotewakeupon                           0x2000011c   Data           4  usb_pwr.o(.data)
    Data_Mul_MaxPacketSize                   0x20000120   Data           1  usb_core.o(.data)
    StatusInfo                               0x20000122   Data           2  usb_core.o(.data)
    EPindex                                  0x20000124   Data           1  usb_init.o(.data)
    pInformation                             0x20000128   Data           4  usb_init.o(.data)
    pProperty                                0x2000012c   Data           4  usb_init.o(.data)
    pUser_Standard_Requests                  0x20000130   Data           4  usb_init.o(.data)
    wInterrupt_Mask                          0x20000134   Data           2  usb_init.o(.data)
    SaveRState                               0x20000136   Data           2  usb_int.o(.data)
    SaveTState                               0x20000138   Data           2  usb_int.o(.data)
    COM_USART                                0x20000154   Data           8  stm32l152_eval.o(.data)
    COM_TX_PORT                              0x2000015c   Data           8  stm32l152_eval.o(.data)
    COM_RX_PORT                              0x20000164   Data           8  stm32l152_eval.o(.data)
    GPIO_PORT                                0x2000016c   Data          16  stm32l152_eval.o(.data)
    BUTTON_PORT                              0x2000017c   Data          24  stm32l152_eval.o(.data)
    USART_InitStructure                      0x20000194   Data          16  hw_config.o(.bss)
    USART_Rx_Buffer                          0x200001a4   Data        2048  hw_config.o(.bss)
    USB_Rx_Buffer                            0x200009a4   Data          64  usb_endp.o(.bss)
    EP                                       0x200009e4   Data          32  usb_pwr.o(.bss)
    Device_Info                              0x20000a04   Data          28  usb_init.o(.bss)
    __initial_sp                             0x20000e20   Data           0  startup_stm32l1xx_md.o(STACK)



==============================================================================

Memory Map of the image

  Image Entry point : 0x080030f5

  Load Region LR_IROM1 (Base: 0x08003000, Size: 0x00001f88, Max: 0x0001d000, ABSOLUTE, COMPRESSED[0x00001e98])

    Execution Region ER_IROM1 (Base: 0x08003000, Size: 0x00001df4, Max: 0x0001d000, ABSOLUTE)

    Base Addr    Size         Type   Attr      Idx    E Section Name        Object

    0x08003000   0x000000f4   Data   RO          687    RESET               startup_stm32l1xx_md.o
    0x080030f4   0x00000000   Code   RO         3003  * .ARM.Collect$$$$00000000  mc_w.l(entry.o)
    0x080030f4   0x00000004   Code   RO         3006    .ARM.Collect$$$$00000001  mc_w.l(entry2.o)
    0x080030f8   0x00000004   Code   RO         3009    .ARM.Collect$$$$00000004  mc_w.l(entry5.o)
    0x080030fc   0x00000000   Code   RO         3011    .ARM.Collect$$$$00000008  mc_w.l(entry7b.o)
    0x080030fc   0x00000000   Code   RO         3013    .ARM.Collect$$$$0000000A  mc_w.l(entry8b.o)
    0x080030fc   0x00000008   Code   RO         3014    .ARM.Collect$$$$0000000B  mc_w.l(entry9a.o)
    0x08003104   0x00000000   Code   RO         3016    .ARM.Collect$$$$0000000D  mc_w.l(entry10a.o)
    0x08003104   0x00000000   Code   RO         3018    .ARM.Collect$$$$0000000F  mc_w.l(entry11a.o)
    0x08003104   0x00000004   Code   RO         3007    .ARM.Collect$$$$00002712  mc_w.l(entry2.o)
    0x08003108   0x00000024   Code   RO          688    .text               startup_stm32l1xx_md.o
    0x0800312c   0x00000024   Code   RO         3020    .text               mc_w.l(init.o)
    0x08003150   0x00000056   Code   RO         3030    .text               mc_w.l(__dczerorl2.o)
    0x080031a6   0x00000002   Code   RO          569    i.BusFault_Handler  stm32_it.o
    0x080031a8   0x0000000a   Code   RO          919    i.ByteSwap          usb_regs.o
    0x080031b2   0x00000002   PAD
    0x080031b4   0x0000015c   Code   RO          856    i.CTR_LP            usb_int.o
    0x08003310   0x00000028   Code   RO          920    i.ClearDTOG_RX      usb_regs.o
    0x08003338   0x00000028   Code   RO          921    i.ClearDTOG_TX      usb_regs.o
    0x08003360   0x00000020   Code   RO          926    i.Clear_Status_Out  usb_regs.o
    0x08003380   0x000000b4   Code   RO          694    i.DataStageIn       usb_core.o
    0x08003434   0x000000a4   Code   RO          695    i.DataStageOut      usb_core.o
    0x080034d8   0x0000019c   Code   RO          696    i.Data_Setup0       usb_core.o
    0x08003674   0x00000002   Code   RO          570    i.DebugMon_Handler  stm32_it.o
    0x08003676   0x00000002   PAD
    0x08003678   0x00000064   Code   RO          337    i.EP1_IN_Callback   usb_endp.o
    0x080036dc   0x00000020   Code   RO          338    i.EP3_OUT_Callback  usb_endp.o
    0x080036fc   0x0000000c   Code   RO         1508    i.EXTI_ClearITPendingBit  stm32l1xx_exti.o
    0x08003708   0x00000070   Code   RO         1513    i.EXTI_Init         stm32l1xx_exti.o
    0x08003778   0x0000009e   Code   RO         1828    i.GPIO_Init         stm32l1xx_gpio.o
    0x08003816   0x00000020   Code   RO         1829    i.GPIO_PinAFConfig  stm32l1xx_gpio.o
    0x08003836   0x00000002   PAD
    0x08003838   0x00000020   Code   RO          938    i.GetEPRxAddr       usb_regs.o
    0x08003858   0x00000020   Code   RO          939    i.GetEPRxCount      usb_regs.o
    0x08003878   0x0000001c   Code   RO          941    i.GetEPTxAddr       usb_regs.o
    0x08003894   0x00000030   Code   RO          137    i.Get_SerialNum     hw_config.o
    0x080038c4   0x00000078   Code   RO          138    i.Handle_USBAsynchXfer  hw_config.o
    0x0800393c   0x00000002   Code   RO          571    i.HardFault_Handler  stm32_it.o
    0x0800393e   0x00000002   PAD
    0x08003940   0x0000005c   Code   RO          697    i.In0_Process       usb_core.o
    0x0800399c   0x00000038   Code   RO          139    i.IntToUnicode      hw_config.o
    0x080039d4   0x0000001c   Code   RO          140    i.Leave_LowPowerMode  hw_config.o
    0x080039f0   0x00000002   Code   RO          572    i.MemManage_Handler  stm32_it.o
    0x080039f2   0x00000002   Code   RO          573    i.NMI_Handler       stm32_it.o
    0x080039f4   0x00000002   Code   RO          698    i.NOP_Process       usb_core.o
    0x080039f6   0x00000002   PAD
    0x080039f8   0x00000064   Code   RO            3    i.NVIC_Init         misc.o
    0x08003a5c   0x00000014   Code   RO            4    i.NVIC_PriorityGroupConfig  misc.o
    0x08003a70   0x00000014   Code   RO            5    i.NVIC_SetVectorTable  misc.o
    0x08003a84   0x000000d4   Code   RO          699    i.NoData_Setup0     usb_core.o
    0x08003b58   0x00000048   Code   RO          700    i.Out0_Process      usb_core.o
    0x08003ba0   0x00000020   Code   RO          893    i.PMAToUserBufferCopy  usb_mem.o
    0x08003bc0   0x00000002   Code   RO          574    i.PendSV_Handler    stm32_it.o
    0x08003bc2   0x00000002   PAD
    0x08003bc4   0x00000044   Code   RO          701    i.Post0_Process     usb_core.o
    0x08003c08   0x0000002c   Code   RO          517    i.PowerOn           usb_pwr.o
    0x08003c34   0x00000018   Code   RO         2137    i.RCC_AHBPeriphClockCmd  stm32l1xx_rcc.o
    0x08003c4c   0x00000018   Code   RO         2140    i.RCC_APB1PeriphClockCmd  stm32l1xx_rcc.o
    0x08003c64   0x00000018   Code   RO         2143    i.RCC_APB2PeriphClockCmd  stm32l1xx_rcc.o
    0x08003c7c   0x000000a8   Code   RO         2152    i.RCC_GetClocksFreq  stm32l1xx_rcc.o
    0x08003d24   0x00000094   Code   RO          518    i.Resume            usb_pwr.o
    0x08003db8   0x00000020   Code   RO          519    i.Resume_Init       usb_pwr.o
    0x08003dd8   0x00000028   Code   RO          339    i.SOF_Callback      usb_endp.o
    0x08003e00   0x000000b8   Code   RO         2906    i.STM_EVAL_COMInit  stm32l152_eval.o
    0x08003eb8   0x00000002   Code   RO          575    i.SVC_Handler       stm32_it.o
    0x08003eba   0x00000002   PAD
    0x08003ebc   0x0000001c   Code   RO         2545    i.SYSCFG_USBPuCmd   stm32l1xx_syscfg.o
    0x08003ed8   0x00000010   Code   RO          949    i.SetBTABLE         usb_regs.o
    0x08003ee8   0x00000048   Code   RO          702    i.SetDeviceAddress  usb_core.o
    0x08003f30   0x00000020   Code   RO          963    i.SetEPRxAddr       usb_regs.o
    0x08003f50   0x00000040   Code   RO          964    i.SetEPRxCount      usb_regs.o
    0x08003f90   0x00000030   Code   RO          965    i.SetEPRxStatus     usb_regs.o
    0x08003fc0   0x00000024   Code   RO          966    i.SetEPRxValid      usb_regs.o
    0x08003fe4   0x00000020   Code   RO          967    i.SetEPTxAddr       usb_regs.o
    0x08004004   0x0000001c   Code   RO          968    i.SetEPTxCount      usb_regs.o
    0x08004020   0x00000030   Code   RO          969    i.SetEPTxStatus     usb_regs.o
    0x08004050   0x00000024   Code   RO          970    i.SetEPTxValid      usb_regs.o
    0x08004074   0x0000001c   Code   RO          971    i.SetEPType         usb_regs.o
    0x08004090   0x00000030   Code   RO          141    i.Set_System        hw_config.o
    0x080040c0   0x00000008   Code   RO          142    i.Set_USBClock      hw_config.o
    0x080040c8   0x00000068   Code   RO          703    i.Setup0_Process    usb_core.o
    0x08004130   0x000000fc   Code   RO          704    i.Standard_ClearFeature  usb_core.o
    0x0800422c   0x00000028   Code   RO          705    i.Standard_GetConfiguration  usb_core.o
    0x08004254   0x0000001c   Code   RO          706    i.Standard_GetDescriptorData  usb_core.o
    0x08004270   0x00000028   Code   RO          707    i.Standard_GetInterface  usb_core.o
    0x08004298   0x00000094   Code   RO          708    i.Standard_GetStatus  usb_core.o
    0x0800432c   0x00000038   Code   RO          709    i.Standard_SetConfiguration  usb_core.o
    0x08004364   0x00000024   Code   RO          710    i.Standard_SetDeviceFeature  usb_core.o
    0x08004388   0x00000088   Code   RO          711    i.Standard_SetEndPointFeature  usb_core.o
    0x08004410   0x00000048   Code   RO          712    i.Standard_SetInterface  usb_core.o
    0x08004458   0x000000c4   Code   RO          520    i.Suspend           usb_pwr.o
    0x0800451c   0x00000002   Code   RO          576    i.SysTick_Handler   stm32_it.o
    0x0800451e   0x00000002   Code   RO          656    i.SystemInit        system_stm32l1xx.o
    0x08004520   0x00000030   Code   RO          577    i.USART2_IRQHandler  stm32_it.o
    0x08004550   0x00000014   Code   RO         1323    i.USART_Cmd         stm32l1xx_usart.o
    0x08004564   0x00000084   Code   RO          143    i.USART_Config      hw_config.o
    0x080045e8   0x0000003c   Code   RO          144    i.USART_Config_Default  hw_config.o
    0x08004624   0x0000000e   Code   RO         1326    i.USART_GetFlagStatus  stm32l1xx_usart.o
    0x08004632   0x0000003e   Code   RO         1327    i.USART_GetITStatus  stm32l1xx_usart.o
    0x08004670   0x00000030   Code   RO         1329    i.USART_ITConfig    stm32l1xx_usart.o
    0x080046a0   0x000000a4   Code   RO         1330    i.USART_Init        stm32l1xx_usart.o
    0x08004744   0x00000008   Code   RO         1337    i.USART_ReceiveData  stm32l1xx_usart.o
    0x0800474c   0x00000008   Code   RO         1340    i.USART_SendData    stm32l1xx_usart.o
    0x08004754   0x0000004c   Code   RO          145    i.USART_To_USB_Send_Data  hw_config.o
    0x080047a0   0x00000008   Code   RO          146    i.USB_Cable_Config  hw_config.o
    0x080047a8   0x00000008   Code   RO          578    i.USB_FS_WKUP_IRQHandler  stm32_it.o
    0x080047b0   0x00000028   Code   RO          821    i.USB_Init          usb_init.o
    0x080047d8   0x0000004e   Code   RO          147    i.USB_Interrupts_Config  hw_config.o
    0x08004826   0x00000002   PAD
    0x08004828   0x00000150   Code   RO          377    i.USB_Istr          usb_istr.o
    0x08004978   0x00000004   Code   RO          579    i.USB_LP_IRQHandler  stm32_it.o
    0x0800497c   0x00000020   Code   RO         1287    i.USB_SIL_Init      usb_sil.o
    0x0800499c   0x00000024   Code   RO         1288    i.USB_SIL_Read      usb_sil.o
    0x080049c0   0x00000030   Code   RO          148    i.USB_To_USART_Send_Data  hw_config.o
    0x080049f0   0x00000002   Code   RO          580    i.UsageFault_Handler  stm32_it.o
    0x080049f2   0x00000002   PAD
    0x080049f4   0x0000002c   Code   RO          894    i.UserToPMABufferCopy  usb_mem.o
    0x08004a20   0x00000054   Code   RO          405    i.Virtual_Com_Port_Data_Setup  usb_prop.o
    0x08004a74   0x0000000c   Code   RO          406    i.Virtual_Com_Port_GetConfigDescriptor  usb_prop.o
    0x08004a80   0x0000000c   Code   RO          407    i.Virtual_Com_Port_GetDeviceDescriptor  usb_prop.o
    0x08004a8c   0x0000001c   Code   RO          408    i.Virtual_Com_Port_GetLineCoding  usb_prop.o
    0x08004aa8   0x00000020   Code   RO          409    i.Virtual_Com_Port_GetStringDescriptor  usb_prop.o
    0x08004ac8   0x0000000e   Code   RO          410    i.Virtual_Com_Port_Get_Interface_Setting  usb_prop.o
    0x08004ad6   0x00000002   PAD
    0x08004ad8   0x00000024   Code   RO          411    i.Virtual_Com_Port_NoData_Setup  usb_prop.o
    0x08004afc   0x000000e0   Code   RO          412    i.Virtual_Com_Port_Reset  usb_prop.o
    0x08004bdc   0x00000018   Code   RO          413    i.Virtual_Com_Port_SetConfiguration  usb_prop.o
    0x08004bf4   0x0000000c   Code   RO          414    i.Virtual_Com_Port_SetDeviceAddress  usb_prop.o
    0x08004c00   0x0000001c   Code   RO          415    i.Virtual_Com_Port_SetLineCoding  usb_prop.o
    0x08004c1c   0x00000018   Code   RO          416    i.Virtual_Com_Port_Status_In  usb_prop.o
    0x08004c34   0x00000002   Code   RO          417    i.Virtual_Com_Port_Status_Out  usb_prop.o
    0x08004c36   0x00000002   PAD
    0x08004c38   0x00000028   Code   RO          418    i.Virtual_Com_Port_init  usb_prop.o
    0x08004c60   0x0000000e   Code   RO         3024    i.__scatterload_copy  mc_w.l(handlers.o)
    0x08004c6e   0x00000002   Code   RO         3025    i.__scatterload_null  mc_w.l(handlers.o)
    0x08004c70   0x0000000e   Code   RO         3026    i.__scatterload_zeroinit  mc_w.l(handlers.o)
    0x08004c7e   0x0000001e   Code   RO          292    i.main              main.o
    0x08004c9c   0x00000012   Data   RO          312    .constdata          usb_desc.o
    0x08004cae   0x00000043   Data   RO          313    .constdata          usb_desc.o
    0x08004cf1   0x00000004   Data   RO          314    .constdata          usb_desc.o
    0x08004cf5   0x00000026   Data   RO          315    .constdata          usb_desc.o
    0x08004d1b   0x00000032   Data   RO          316    .constdata          usb_desc.o
    0x08004d4d   0x00000003   PAD
    0x08004d50   0x00000084   Data   RO         2917    .constdata          stm32l152_eval.o
    0x08004dd4   0x00000020   Data   RO         3022    Region$$Table       anon$$obj.o


    Execution Region RW_IRAM1 (Base: 0x20000000, Size: 0x00000e20, Max: 0x00004000, ABSOLUTE, COMPRESSED[0x000000a4])

    Base Addr    Size         Type   Attr      Idx    E Section Name        Object

    0x20000000   0x00000018   Data   RW          150    .data               hw_config.o
    0x20000018   0x0000001a   Data   RW          317    .data               usb_desc.o
    0x20000032   0x00000002   PAD
    0x20000034   0x00000004   Data   RW          341    .data               usb_endp.o
    0x20000038   0x0000000c   Data   RW          378    .data               usb_istr.o
    0x20000044   0x0000001c   Data   RW          379    .data               usb_istr.o
    0x20000060   0x0000001c   Data   RW          380    .data               usb_istr.o
    0x2000007c   0x0000006c   Data   RW          419    .data               usb_prop.o
    0x200000e8   0x00000002   Data   RW          420    .data               usb_prop.o
    0x200000ea   0x00000002   PAD
    0x200000ec   0x00000024   Data   RW          421    .data               usb_prop.o
    0x20000110   0x00000004   Data   RW          522    .data               usb_pwr.o
    0x20000114   0x00000001   Data   RW          523    .data               usb_pwr.o
    0x20000115   0x00000003   PAD
    0x20000118   0x00000008   Data   RW          524    .data               usb_pwr.o
    0x20000120   0x00000004   Data   RW          713    .data               usb_core.o
    0x20000124   0x00000001   Data   RW          823    .data               usb_init.o
    0x20000125   0x00000003   PAD
    0x20000128   0x0000000c   Data   RW          824    .data               usb_init.o
    0x20000134   0x00000002   Data   RW          826    .data               usb_init.o
    0x20000136   0x00000004   Data   RW          857    .data               usb_int.o
    0x2000013a   0x00000019   Data   RW         2175    .data               stm32l1xx_rcc.o
    0x20000153   0x00000001   PAD
    0x20000154   0x00000040   Data   RW         2918    .data               stm32l152_eval.o
    0x20000194   0x00000810   Zero   RW          149    .bss                hw_config.o
    0x200009a4   0x00000040   Zero   RW          340    .bss                usb_endp.o
    0x200009e4   0x00000020   Zero   RW          521    .bss                usb_pwr.o
    0x20000a04   0x0000001c   Zero   RW          822    .bss                usb_init.o
    0x20000a20   0x00000400   Zero   RW          685    STACK               startup_stm32l1xx_md.o


==============================================================================

Image component sizes


      Code (inc. data)   RO Data    RW Data    ZI Data      Debug   Object Name

       710         72          0         24       2064      19440   hw_config.o
        30          0          0          0          0        491   main.o
       140         24          0          0          0     216609   misc.o
        36          8        244          0       1024        944   startup_stm32l1xx_md.o
        78          4          0          0          0       5751   stm32_it.o
       184          8        132         64          0       2800   stm32l152_eval.o
       124         10          0          0          0       1825   stm32l1xx_exti.o
       190          0          0          0          0       1959   stm32l1xx_gpio.o
       240         36          0         25          0       4850   stm32l1xx_rcc.o
        28          6          0          0          0        618   stm32l1xx_syscfg.o
       324          6          0          0          0       5773   stm32l1xx_usart.o
         2          0          0          0          0        477   system_stm32l1xx.o
      2186        284          0          4          0      15947   usb_core.o
         0          0        177         26          0       1175   usb_desc.o
       172         32          0          4         64       2676   usb_endp.o
        40         18          0         15         28       4466   usb_init.o
       348         30          0          4          0       1908   usb_int.o
       336         26          0         68          0       1751   usb_istr.o
        76         12          0          0          0       1876   usb_mem.o
       572        102          0        146          0      11957   usb_prop.o
       420         48          0         13         32       4004   usb_pwr.o
       582        100          0          0          0      10749   usb_regs.o
        68          8          0          0          0       1714   usb_sil.o

    ----------------------------------------------------------------------
      6908        834        588        404       3212     319760   Object Totals
         0          0         32          0          0          0   (incl. Generated)
        22          0          3         11          0          0   (incl. Padding)

    ----------------------------------------------------------------------

      Code (inc. data)   RO Data    RW Data    ZI Data      Debug   Library Member Name

        86          0          0          0          0          0   __dczerorl2.o
         0          0          0          0          0          0   entry.o
         0          0          0          0          0          0   entry10a.o
         0          0          0          0          0          0   entry11a.o
         8          4          0          0          0          0   entry2.o
         4          0          0          0          0          0   entry5.o
         0          0          0          0          0          0   entry7b.o
         0          0          0          0          0          0   entry8b.o
         8          4          0          0          0          0   entry9a.o
        30          0          0          0          0          0   handlers.o
        36          8          0          0          0         68   init.o

    ----------------------------------------------------------------------
       172         16          0          0          0         68   Library Totals
         0          0          0          0          0          0   (incl. Padding)

    ----------------------------------------------------------------------

      Code (inc. data)   RO Data    RW Data    ZI Data      Debug   Library Name

       172         16          0          0          0         68   mc_w.l

    ----------------------------------------------------------------------
       172         16          0          0          0         68   Library Totals

    ----------------------------------------------------------------------

==============================================================================


      Code (inc. data)   RO Data    RW Data    ZI Data      Debug   

      7080        850        588        404       3212     314652   Grand Totals
      7080        850        588        164       3212     314652   ELF Image Totals (compressed)
      7080        850        588        164          0          0   ROM Totals

==============================================================================

    Total RO  Size (Code + RO Data)                 7668 (   7.49kB)
    Total RW  Size (RW Data + ZI Data)              3616 (   3.53kB)
    Total ROM Size (Code + RO Data + RW Data)       7832 (   7.65kB)

==============================================================================

