Product: MDK-ARM Professional 5.10
Component: ARM Compiler 5.04 update 1 (build 49)
Tool: armlink [5040049]

==============================================================================

Section Cross References

    hw_config.o(i.CDC_Receive_DATA) refers to usb_regs.o(i.SetEPRxValid) for SetEPRxValid
    hw_config.o(i.CDC_Receive_DATA) refers to main.o(.data) for packet_receive
    hw_config.o(i.CDC_Send_DATA) refers to usb_mem.o(i.UserToPMABufferCopy) for UserToPMABufferCopy
    hw_config.o(i.CDC_Send_DATA) refers to usb_regs.o(i.SetEPTxCount) for SetEPTxCount
    hw_config.o(i.CDC_Send_DATA) refers to usb_regs.o(i.SetEPTxValid) for SetEPTxValid
    hw_config.o(i.CDC_Send_DATA) refers to main.o(.data) for packet_sent
    hw_config.o(i.Enter_LowPowerMode) refers to usb_pwr.o(.data) for bDeviceState
    hw_config.o(i.Get_SerialNum) refers to hw_config.o(i.IntToUnicode) for IntToUnicode
    hw_config.o(i.Get_SerialNum) refers to usb_desc.o(.data) for Virtual_Com_Port_StringSerial
    hw_config.o(i.Leave_LowPowerMode) refers to system_stm32l1xx.o(i.SystemInit) for SystemInit
    hw_config.o(i.Leave_LowPowerMode) refers to usb_init.o(.bss) for Device_Info
    hw_config.o(i.Leave_LowPowerMode) refers to usb_pwr.o(.data) for bDeviceState
    hw_config.o(i.Set_System) refers to stm32l1xx_rcc.o(i.RCC_APB2PeriphClockCmd) for RCC_APB2PeriphClockCmd
    hw_config.o(i.Set_System) refers to stm32l1xx_exti.o(i.EXTI_ClearITPendingBit) for EXTI_ClearITPendingBit
    hw_config.o(i.Set_System) refers to stm32l1xx_exti.o(i.EXTI_Init) for EXTI_Init
    hw_config.o(i.Set_System) refers to hw_config.o(.data) for .data
    hw_config.o(i.Set_USBClock) refers to stm32l1xx_rcc.o(i.RCC_APB1PeriphClockCmd) for RCC_APB1PeriphClockCmd
    hw_config.o(i.USB_Cable_Config) refers to stm32l1xx_syscfg.o(i.SYSCFG_USBPuCmd) for SYSCFG_USBPuCmd
    hw_config.o(i.USB_Interrupts_Config) refers to misc.o(i.NVIC_PriorityGroupConfig) for NVIC_PriorityGroupConfig
    hw_config.o(i.USB_Interrupts_Config) refers to misc.o(i.NVIC_Init) for NVIC_Init
    main.o(i.main) refers to hw_config.o(i.Set_System) for Set_System
    main.o(i.main) refers to hw_config.o(i.Set_USBClock) for Set_USBClock
    main.o(i.main) refers to hw_config.o(i.USB_Interrupts_Config) for USB_Interrupts_Config
    main.o(i.main) refers to usb_init.o(i.USB_Init) for USB_Init
    main.o(i.main) refers to hw_config.o(i.CDC_Receive_DATA) for CDC_Receive_DATA
    main.o(i.main) refers to hw_config.o(i.CDC_Send_DATA) for CDC_Send_DATA
    main.o(i.main) refers to usb_pwr.o(.data) for bDeviceState
    main.o(i.main) refers to main.o(.data) for .data
    main.o(i.main) refers to usb_endp.o(.data) for Receive_length
    main.o(i.main) refers to hw_config.o(.bss) for Receive_Buffer
    usb_endp.o(i.EP1_IN_Callback) refers to main.o(.data) for packet_sent
    usb_endp.o(i.EP3_OUT_Callback) refers to usb_regs.o(i.GetEPRxCount) for GetEPRxCount
    usb_endp.o(i.EP3_OUT_Callback) refers to usb_mem.o(i.PMAToUserBufferCopy) for PMAToUserBufferCopy
    usb_endp.o(i.EP3_OUT_Callback) refers to main.o(.data) for packet_receive
    usb_endp.o(i.EP3_OUT_Callback) refers to usb_endp.o(.data) for .data
    usb_endp.o(i.EP3_OUT_Callback) refers to hw_config.o(.bss) for Receive_Buffer
    usb_istr.o(i.USB_Istr) refers to usb_int.o(i.CTR_LP) for CTR_LP
    usb_istr.o(i.USB_Istr) refers to usb_pwr.o(i.Resume) for Resume
    usb_istr.o(i.USB_Istr) refers to usb_pwr.o(i.Suspend) for Suspend
    usb_istr.o(i.USB_Istr) refers to usb_istr.o(.data) for .data
    usb_istr.o(i.USB_Istr) refers to usb_init.o(.data) for wInterrupt_Mask
    usb_istr.o(i.USB_Istr) refers to usb_prop.o(.data) for Device_Property
    usb_istr.o(i.USB_Istr) refers to usb_pwr.o(.data) for fSuspendEnabled
    usb_istr.o(.data) refers to usb_endp.o(i.EP1_IN_Callback) for EP1_IN_Callback
    usb_istr.o(.data) refers to usb_core.o(i.NOP_Process) for NOP_Process
    usb_istr.o(.data) refers to usb_core.o(i.NOP_Process) for NOP_Process
    usb_istr.o(.data) refers to usb_endp.o(i.EP3_OUT_Callback) for EP3_OUT_Callback
    usb_prop.o(i.Virtual_Com_Port_Data_Setup) refers to usb_init.o(.data) for pInformation
    usb_prop.o(i.Virtual_Com_Port_Data_Setup) refers to usb_prop.o(i.Virtual_Com_Port_GetLineCoding) for Virtual_Com_Port_GetLineCoding
    usb_prop.o(i.Virtual_Com_Port_Data_Setup) refers to usb_prop.o(i.Virtual_Com_Port_SetLineCoding) for Virtual_Com_Port_SetLineCoding
    usb_prop.o(i.Virtual_Com_Port_Data_Setup) refers to usb_prop.o(.data) for .data
    usb_prop.o(i.Virtual_Com_Port_GetConfigDescriptor) refers to usb_core.o(i.Standard_GetDescriptorData) for Standard_GetDescriptorData
    usb_prop.o(i.Virtual_Com_Port_GetConfigDescriptor) refers to usb_prop.o(.data) for .data
    usb_prop.o(i.Virtual_Com_Port_GetDeviceDescriptor) refers to usb_core.o(i.Standard_GetDescriptorData) for Standard_GetDescriptorData
    usb_prop.o(i.Virtual_Com_Port_GetDeviceDescriptor) refers to usb_prop.o(.data) for .data
[...]
    Removing stm32l1xx_fsmc.o(i.FSMC_NORSRAMInit), (200 bytes).
    Removing stm32l1xx_fsmc.o(i.FSMC_NORSRAMStructInit), (98 bytes).
    Removing stm32l1xx_gpio.o(.rev16_text), (4 bytes).
    Removing stm32l1xx_gpio.o(.revsh_text), (4 bytes).
    Removing stm32l1xx_gpio.o(i.GPIO_DeInit), (204 bytes).
    Removing stm32l1xx_gpio.o(i.GPIO_Init), (158 bytes).
    Removing stm32l1xx_gpio.o(i.GPIO_PinAFConfig), (32 bytes).
    Removing stm32l1xx_gpio.o(i.GPIO_PinLockConfig), (24 bytes).
    Removing stm32l1xx_gpio.o(i.GPIO_ReadInputData), (4 bytes).
    Removing stm32l1xx_gpio.o(i.GPIO_ReadInputDataBit), (14 bytes).
    Removing stm32l1xx_gpio.o(i.GPIO_ReadOutputData), (4 bytes).
    Removing stm32l1xx_gpio.o(i.GPIO_ReadOutputDataBit), (14 bytes).
    Removing stm32l1xx_gpio.o(i.GPIO_ResetBits), (4 bytes).
    Removing stm32l1xx_gpio.o(i.GPIO_SetBits), (4 bytes).
    Removing stm32l1xx_gpio.o(i.GPIO_StructInit), (18 bytes).
    Removing stm32l1xx_gpio.o(i.GPIO_ToggleBits), (8 bytes).
    Removing stm32l1xx_gpio.o(i.GPIO_Write), (4 bytes).
    Removing stm32l1xx_gpio.o(i.GPIO_WriteBit), (10 bytes).
    Removing stm32l1xx_i2c.o(.rev16_text), (4 bytes).
    Removing stm32l1xx_i2c.o(.revsh_text), (4 bytes).
    Removing stm32l1xx_i2c.o(i.I2C_ARPCmd), (20 bytes).
    Removing stm32l1xx_i2c.o(i.I2C_AcknowledgeConfig), (20 bytes).
    Removing stm32l1xx_i2c.o(i.I2C_CalculatePEC), (20 bytes).
    Removing stm32l1xx_i2c.o(i.I2C_CheckEvent), (24 bytes).
    Removing stm32l1xx_i2c.o(i.I2C_ClearFlag), (6 bytes).
    Removing stm32l1xx_i2c.o(i.I2C_ClearITPendingBit), (6 bytes).
    Removing stm32l1xx_i2c.o(i.I2C_Cmd), (20 bytes).
    Removing stm32l1xx_i2c.o(i.I2C_DMACmd), (20 bytes).
    Removing stm32l1xx_i2c.o(i.I2C_DMALastTransferCmd), (20 bytes).
    Removing stm32l1xx_i2c.o(i.I2C_DeInit), (44 bytes).
    Removing stm32l1xx_i2c.o(i.I2C_DualAddressCmd), (20 bytes).
    Removing stm32l1xx_i2c.o(i.I2C_FastModeDutyCycleConfig), (22 bytes).
    Removing stm32l1xx_i2c.o(i.I2C_GeneralCallCmd), (20 bytes).
    Removing stm32l1xx_i2c.o(i.I2C_GenerateSTART), (20 bytes).
    Removing stm32l1xx_i2c.o(i.I2C_GenerateSTOP), (20 bytes).
    Removing stm32l1xx_i2c.o(i.I2C_GetFlagStatus), (42 bytes).
    Removing stm32l1xx_i2c.o(i.I2C_GetITStatus), (36 bytes).
    Removing stm32l1xx_i2c.o(i.I2C_GetLastEvent), (14 bytes).
    Removing stm32l1xx_i2c.o(i.I2C_GetPEC), (6 bytes).
    Removing stm32l1xx_i2c.o(i.I2C_ITConfig), (16 bytes).
    Removing stm32l1xx_i2c.o(i.I2C_Init), (184 bytes).
    Removing stm32l1xx_i2c.o(i.I2C_NACKPositionConfig), (22 bytes).
    Removing stm32l1xx_i2c.o(i.I2C_OwnAddress2Config), (16 bytes).
    Removing stm32l1xx_i2c.o(i.I2C_PECPositionConfig), (22 bytes).
    Removing stm32l1xx_i2c.o(i.I2C_ReadRegister), (10 bytes).
    Removing stm32l1xx_i2c.o(i.I2C_ReceiveData), (6 bytes).
    Removing stm32l1xx_i2c.o(i.I2C_SMBusAlertConfig), (22 bytes).
    Removing stm32l1xx_i2c.o(i.I2C_Send7bitAddress), (16 bytes).
    Removing stm32l1xx_i2c.o(i.I2C_SendData), (4 bytes).
    Removing stm32l1xx_i2c.o(i.I2C_SoftwareResetCmd), (20 bytes).
    Removing stm32l1xx_i2c.o(i.I2C_StretchClockCmd), (20 bytes).
    Removing stm32l1xx_i2c.o(i.I2C_StructInit), (28 bytes).
    Removing stm32l1xx_i2c.o(i.I2C_TransmitPEC), (20 bytes).
    Removing stm32l1xx_iwdg.o(.rev16_text), (4 bytes).
    Removing stm32l1xx_iwdg.o(.revsh_text), (4 bytes).
    Removing stm32l1xx_iwdg.o(i.IWDG_Enable), (16 bytes).
    Removing stm32l1xx_iwdg.o(i.IWDG_GetFlagStatus), (20 bytes).
    Removing stm32l1xx_iwdg.o(i.IWDG_ReloadCounter), (16 bytes).
    Removing stm32l1xx_iwdg.o(i.IWDG_SetPrescaler), (12 bytes).
    Removing stm32l1xx_iwdg.o(i.IWDG_SetReload), (12 bytes).
    Removing stm32l1xx_iwdg.o(i.IWDG_WriteAccessCmd), (12 bytes).
    Removing stm32l1xx_lcd.o(.rev16_text), (4 bytes).
    Removing stm32l1xx_lcd.o(.revsh_text), (4 bytes).
    Removing stm32l1xx_lcd.o(i.LCD_BlinkConfig), (24 bytes).
    Removing stm32l1xx_lcd.o(i.LCD_ClearFlag), (12 bytes).
    Removing stm32l1xx_lcd.o(i.LCD_ClearITPendingBit), (12 bytes).
    Removing stm32l1xx_lcd.o(i.LCD_Cmd), (12 bytes).
    Removing stm32l1xx_lcd.o(i.LCD_ContrastConfig), (24 bytes).
    Removing stm32l1xx_lcd.o(i.LCD_DeInit), (24 bytes).
    Removing stm32l1xx_lcd.o(i.LCD_DeadTimeConfig), (24 bytes).
    Removing stm32l1xx_lcd.o(i.LCD_GetFlagStatus), (20 bytes).
    Removing stm32l1xx_lcd.o(i.LCD_GetITStatus), (36 bytes).
    Removing stm32l1xx_lcd.o(i.LCD_HighDriveCmd), (12 bytes).
    Removing stm32l1xx_lcd.o(i.LCD_ITConfig), (24 bytes).
    Removing stm32l1xx_lcd.o(i.LCD_Init), (64 bytes).
    Removing stm32l1xx_lcd.o(i.LCD_MuxSegmentCmd), (12 bytes).
    Removing stm32l1xx_lcd.o(i.LCD_PulseOnDurationConfig), (24 bytes).
    Removing stm32l1xx_lcd.o(i.LCD_StructInit), (14 bytes).
    Removing stm32l1xx_lcd.o(i.LCD_UpdateDisplayRequest), (16 bytes).
    Removing stm32l1xx_lcd.o(i.LCD_WaitForSynchro), (16 bytes).
    Removing stm32l1xx_lcd.o(i.LCD_Write), (16 bytes).
    Removing stm32l1xx_opamp.o(.rev16_text), (4 bytes).
    Removing stm32l1xx_opamp.o(.revsh_text), (4 bytes).
    Removing stm32l1xx_opamp.o(i.OPAMP_Cmd), (24 bytes).
    Removing stm32l1xx_opamp.o(i.OPAMP_DeInit), (40 bytes).
    Removing stm32l1xx_opamp.o(i.OPAMP_GetFlagStatus), (40 bytes).
    Removing stm32l1xx_opamp.o(i.OPAMP_LowPowerCmd), (28 bytes).
    Removing stm32l1xx_opamp.o(i.OPAMP_OffsetTrimConfig), (116 bytes).
    Removing stm32l1xx_opamp.o(i.OPAMP_OffsetTrimLowPowerConfig), (116 bytes).
    Removing stm32l1xx_opamp.o(i.OPAMP_OffsetTrimmingModeSelect), (24 bytes).
    Removing stm32l1xx_opamp.o(i.OPAMP_PowerRangeSelect), (24 bytes).
    Removing stm32l1xx_opamp.o(i.OPAMP_SwitchCmd), (24 bytes).
    Removing stm32l1xx_pwr.o(.rev16_text), (4 bytes).
    Removing stm32l1xx_pwr.o(.revsh_text), (4 bytes).
    Removing stm32l1xx_pwr.o(i.PWR_ClearFlag), (16 bytes).
    Removing stm32l1xx_pwr.o(i.PWR_DeInit), (24 bytes).
    Removing stm32l1xx_pwr.o(i.PWR_EnterLowPowerRunMode), (44 bytes).
    Removing stm32l1xx_pwr.o(i.PWR_EnterSTANDBYMode), (40 bytes).
    Removing stm32l1xx_pwr.o(i.PWR_EnterSTOPMode), (52 bytes).
    Removing stm32l1xx_pwr.o(i.PWR_EnterSleepMode), (44 bytes).
    Removing stm32l1xx_pwr.o(i.PWR_FastWakeUpCmd), (12 bytes).
    Removing stm32l1xx_pwr.o(i.PWR_GetFlagStatus), (20 bytes).
    Removing stm32l1xx_pwr.o(i.PWR_PVDCmd), (12 bytes).
    Removing stm32l1xx_pwr.o(i.PWR_PVDLevelConfig), (20 bytes).
    Removing stm32l1xx_pwr.o(i.PWR_RTCAccessCmd), (12 bytes).
    Removing stm32l1xx_pwr.o(i.PWR_UltraLowPowerCmd), (12 bytes).
    Removing stm32l1xx_pwr.o(i.PWR_VoltageScalingConfig), (24 bytes).
    Removing stm32l1xx_pwr.o(i.PWR_WakeUpPinCmd), (16 bytes).
    Removing stm32l1xx_rcc.o(.rev16_text), (4 bytes).
    Removing stm32l1xx_rcc.o(.revsh_text), (4 bytes).
    Removing stm32l1xx_rcc.o(i.RCC_AHBPeriphClockCmd), (24 bytes).
    Removing stm32l1xx_rcc.o(i.RCC_AHBPeriphClockLPModeCmd), (24 bytes).
    Removing stm32l1xx_rcc.o(i.RCC_AHBPeriphResetCmd), (24 bytes).
    Removing stm32l1xx_rcc.o(i.RCC_APB1PeriphClockLPModeCmd), (24 bytes).
    Removing stm32l1xx_rcc.o(i.RCC_APB1PeriphResetCmd), (24 bytes).
    Removing stm32l1xx_rcc.o(i.RCC_APB2PeriphClockLPModeCmd), (24 bytes).
    Removing stm32l1xx_rcc.o(i.RCC_APB2PeriphResetCmd), (24 bytes).
    Removing stm32l1xx_rcc.o(i.RCC_AdjustHSICalibrationValue), (20 bytes).
    Removing stm32l1xx_rcc.o(i.RCC_AdjustMSICalibrationValue), (12 bytes).
    Removing stm32l1xx_rcc.o(i.RCC_ClearFlag), (16 bytes).
    Removing stm32l1xx_rcc.o(i.RCC_ClearITPendingBit), (12 bytes).
    Removing stm32l1xx_rcc.o(i.RCC_ClockSecuritySystemCmd), (12 bytes).
    Removing stm32l1xx_rcc.o(i.RCC_DeInit), (68 bytes).
    Removing stm32l1xx_rcc.o(i.RCC_GetClocksFreq), (168 bytes).
    Removing stm32l1xx_rcc.o(i.RCC_GetFlagStatus), (40 bytes).
    Removing stm32l1xx_rcc.o(i.RCC_GetITStatus), (20 bytes).
    Removing stm32l1xx_rcc.o(i.RCC_GetSYSCLKSource), (16 bytes).
    Removing stm32l1xx_rcc.o(i.RCC_HCLKConfig), (20 bytes).
    Removing stm32l1xx_rcc.o(i.RCC_HSEConfig), (16 bytes).
    Removing stm32l1xx_rcc.o(i.RCC_HSICmd), (12 bytes).
    Removing stm32l1xx_rcc.o(i.RCC_ITConfig), (24 bytes).
    Removing stm32l1xx_rcc.o(i.RCC_LSEClockSecuritySystemCmd), (12 bytes).
    Removing stm32l1xx_rcc.o(i.RCC_LSEConfig), (16 bytes).
    Removing stm32l1xx_rcc.o(i.RCC_LSICmd), (12 bytes).
    Removing stm32l1xx_rcc.o(i.RCC_MCOConfig), (12 bytes).
    Removing stm32l1xx_rcc.o(i.RCC_MSICmd), (12 bytes).
    Removing stm32l1xx_rcc.o(i.RCC_MSIRangeConfig), (20 bytes).
    Removing stm32l1xx_rcc.o(i.RCC_PCLK1Config), (20 bytes).
    Removing stm32l1xx_rcc.o(i.RCC_PCLK2Config), (20 bytes).
    Removing stm32l1xx_rcc.o(i.RCC_PLLCmd), (12 bytes).
    Removing stm32l1xx_rcc.o(i.RCC_PLLConfig), (16 bytes).
    Removing stm32l1xx_rcc.o(i.RCC_RTCCLKCmd), (12 bytes).
    Removing stm32l1xx_rcc.o(i.RCC_RTCCLKConfig), (52 bytes).
    Removing stm32l1xx_rcc.o(i.RCC_RTCResetCmd), (12 bytes).
    Removing stm32l1xx_rcc.o(i.RCC_SYSCLKConfig), (20 bytes).
    Removing stm32l1xx_rcc.o(i.RCC_WaitForHSEStartUp), (44 bytes).
    Removing stm32l1xx_rcc.o(.data), (25 bytes).
    Removing stm32l1xx_rtc.o(.rev16_text), (4 bytes).
    Removing stm32l1xx_rtc.o(.revsh_text), (4 bytes).
    Removing stm32l1xx_rtc.o(i.RTC_AlarmCmd), (84 bytes).
    Removing stm32l1xx_rtc.o(i.RTC_AlarmStructInit), (20 bytes).
    Removing stm32l1xx_rtc.o(i.RTC_AlarmSubSecondConfig), (44 bytes).
    Removing stm32l1xx_rtc.o(i.RTC_Bcd2ToByte), (18 bytes).
    Removing stm32l1xx_rtc.o(i.RTC_BypassShadowCmd), (44 bytes).
    Removing stm32l1xx_rtc.o(i.RTC_ByteToBcd2), (24 bytes).
    Removing stm32l1xx_rtc.o(i.RTC_CalibOutputCmd), (44 bytes).
    Removing stm32l1xx_rtc.o(i.RTC_CalibOutputConfig), (40 bytes).
    Removing stm32l1xx_rtc.o(i.RTC_ClearFlag), (28 bytes).
    Removing stm32l1xx_rtc.o(i.RTC_ClearITPendingBit), (28 bytes).
    Removing stm32l1xx_rtc.o(i.RTC_CoarseCalibCmd), (60 bytes).
    Removing stm32l1xx_rtc.o(i.RTC_CoarseCalibConfig), (52 bytes).
    Removing stm32l1xx_rtc.o(i.RTC_DateStructInit), (14 bytes).
    Removing stm32l1xx_rtc.o(i.RTC_DayLightSavingConfig), (44 bytes).
    Removing stm32l1xx_rtc.o(i.RTC_DeInit), (176 bytes).
    Removing stm32l1xx_rtc.o(i.RTC_EnterInitMode), (60 bytes).
    Removing stm32l1xx_rtc.o(i.RTC_ExitInitMode), (16 bytes).
    Removing stm32l1xx_rtc.o(i.RTC_GetAlarm), (108 bytes).
    Removing stm32l1xx_rtc.o(i.RTC_GetAlarmSubSecond), (28 bytes).
    Removing stm32l1xx_rtc.o(i.RTC_GetDate), (72 bytes).
    Removing stm32l1xx_rtc.o(i.RTC_GetFlagStatus), (28 bytes).
    Removing stm32l1xx_rtc.o(i.RTC_GetITStatus), (64 bytes).
    Removing stm32l1xx_rtc.o(i.RTC_GetStoreOperation), (16 bytes).
    Removing stm32l1xx_rtc.o(i.RTC_GetSubSecond), (16 bytes).
    Removing stm32l1xx_rtc.o(i.RTC_GetTime), (76 bytes).
    Removing stm32l1xx_rtc.o(i.RTC_GetTimeStamp), (136 bytes).
    Removing stm32l1xx_rtc.o(i.RTC_GetTimeStampSubSecond), (12 bytes).
    Removing stm32l1xx_rtc.o(i.RTC_GetWakeUpCounter), (12 bytes).
    Removing stm32l1xx_rtc.o(i.RTC_ITConfig), (64 bytes).
    Removing stm32l1xx_rtc.o(i.RTC_Init), (80 bytes).
    Removing stm32l1xx_rtc.o(i.RTC_OutputConfig), (44 bytes).
    Removing stm32l1xx_rtc.o(i.RTC_OutputTypeConfig), (24 bytes).
    Removing stm32l1xx_rtc.o(i.RTC_ReadBackupRegister), (20 bytes).
    Removing stm32l1xx_rtc.o(i.RTC_RefClockCmd), (60 bytes).
    Removing stm32l1xx_rtc.o(i.RTC_SetAlarm), (164 bytes).
    Removing stm32l1xx_rtc.o(i.RTC_SetDate), (156 bytes).
    Removing stm32l1xx_rtc.o(i.RTC_SetTime), (160 bytes).
    Removing stm32l1xx_rtc.o(i.RTC_SetWakeUpCounter), (28 bytes).
    Removing stm32l1xx_rtc.o(i.RTC_SmoothCalibConfig), (72 bytes).
    Removing stm32l1xx_rtc.o(i.RTC_StructInit), (14 bytes).
    Removing stm32l1xx_rtc.o(i.RTC_SynchroShiftConfig), (88 bytes).
    Removing stm32l1xx_rtc.o(i.RTC_TamperCmd), (24 bytes).
    Removing stm32l1xx_rtc.o(i.RTC_TamperFilterConfig), (24 bytes).
    Removing stm32l1xx_rtc.o(i.RTC_TamperPinsPrechargeDuration), (24 bytes).
    Removing stm32l1xx_rtc.o(i.RTC_TamperPullUpCmd), (28 bytes).
    Removing stm32l1xx_rtc.o(i.RTC_TamperSamplingFreqConfig), (24 bytes).
    Removing stm32l1xx_rtc.o(i.RTC_TamperTriggerConfig), (28 bytes).
    Removing stm32l1xx_rtc.o(i.RTC_TimeStampCmd), (48 bytes).
    Removing stm32l1xx_rtc.o(i.RTC_TimeStampOnTamperDetectionCmd), (28 bytes).
    Removing stm32l1xx_rtc.o(i.RTC_TimeStructInit), (12 bytes).
    Removing stm32l1xx_rtc.o(i.RTC_WaitForSynchro), (72 bytes).
    Removing stm32l1xx_rtc.o(i.RTC_WakeUpClockConfig), (40 bytes).
    Removing stm32l1xx_rtc.o(i.RTC_WakeUpCmd), (88 bytes).
    Removing stm32l1xx_rtc.o(i.RTC_WriteBackupRegister), (20 bytes).
    Removing stm32l1xx_rtc.o(i.RTC_WriteProtectionCmd), (24 bytes).
    Removing stm32l1xx_sdio.o(.rev16_text), (4 bytes).
    Removing stm32l1xx_sdio.o(.revsh_text), (4 bytes).
    Removing stm32l1xx_sdio.o(i.SDIO_CEATAITCmd), (16 bytes).
    Removing stm32l1xx_sdio.o(i.SDIO_ClearFlag), (12 bytes).
    Removing stm32l1xx_sdio.o(i.SDIO_ClearITPendingBit), (12 bytes).
    Removing stm32l1xx_sdio.o(i.SDIO_ClockCmd), (12 bytes).
    Removing stm32l1xx_sdio.o(i.SDIO_CmdStructInit), (14 bytes).
    Removing stm32l1xx_sdio.o(i.SDIO_CommandCompletionCmd), (12 bytes).
    Removing stm32l1xx_sdio.o(i.SDIO_DMACmd), (12 bytes).
    Removing stm32l1xx_sdio.o(i.SDIO_DataConfig), (48 bytes).
    Removing stm32l1xx_sdio.o(i.SDIO_DataStructInit), (20 bytes).
    Removing stm32l1xx_sdio.o(i.SDIO_DeInit), (24 bytes).
    Removing stm32l1xx_sdio.o(i.SDIO_GetCommandResponse), (12 bytes).
    Removing stm32l1xx_sdio.o(i.SDIO_GetDataCounter), (12 bytes).
    Removing stm32l1xx_sdio.o(i.SDIO_GetFIFOCount), (12 bytes).
    Removing stm32l1xx_sdio.o(i.SDIO_GetFlagStatus), (20 bytes).
    Removing stm32l1xx_sdio.o(i.SDIO_GetITStatus), (20 bytes).
    Removing stm32l1xx_sdio.o(i.SDIO_GetPowerState), (16 bytes).
    Removing stm32l1xx_sdio.o(i.SDIO_GetResponse), (16 bytes).
    Removing stm32l1xx_sdio.o(i.SDIO_ITConfig), (24 bytes).
    Removing stm32l1xx_sdio.o(i.SDIO_Init), (44 bytes).
    Removing stm32l1xx_sdio.o(i.SDIO_ReadData), (12 bytes).
    Removing stm32l1xx_sdio.o(i.SDIO_SendCEATACmd), (12 bytes).
    Removing stm32l1xx_sdio.o(i.SDIO_SendCommand), (40 bytes).
    Removing stm32l1xx_sdio.o(i.SDIO_SendSDIOSuspendCmd), (12 bytes).
    Removing stm32l1xx_sdio.o(i.SDIO_SetPowerState), (12 bytes).
    Removing stm32l1xx_sdio.o(i.SDIO_SetSDIOOperation), (12 bytes).
    Removing stm32l1xx_sdio.o(i.SDIO_SetSDIOReadWaitMode), (12 bytes).
    Removing stm32l1xx_sdio.o(i.SDIO_StartSDIOReadWait), (12 bytes).
    Removing stm32l1xx_sdio.o(i.SDIO_StopSDIOReadWait), (12 bytes).
    Removing stm32l1xx_sdio.o(i.SDIO_StructInit), (16 bytes).
    Removing stm32l1xx_sdio.o(i.SDIO_WriteData), (12 bytes).
    Removing stm32l1xx_spi.o(.rev16_text), (4 bytes).
    Removing stm32l1xx_spi.o(.revsh_text), (4 bytes).
    Removing stm32l1xx_spi.o(i.I2S_Cmd), (20 bytes).
    Removing stm32l1xx_spi.o(i.I2S_Init), (152 bytes).
    Removing stm32l1xx_spi.o(i.I2S_StructInit), (18 bytes).
    Removing stm32l1xx_spi.o(i.SPI_BiDirectionalLineConfig), (22 bytes).
    Removing stm32l1xx_spi.o(i.SPI_CalculateCRC), (20 bytes).
    Removing stm32l1xx_spi.o(i.SPI_Cmd), (20 bytes).
    Removing stm32l1xx_spi.o(i.SPI_DataSizeConfig), (16 bytes).
    Removing stm32l1xx_spi.o(i.SPI_GetCRC), (12 bytes).
    Removing stm32l1xx_spi.o(i.SPI_GetCRCPolynomial), (4 bytes).
    Removing stm32l1xx_spi.o(i.SPI_I2S_ClearFlag), (6 bytes).
    Removing stm32l1xx_spi.o(i.SPI_I2S_ClearITPendingBit), (14 bytes).
    Removing stm32l1xx_spi.o(i.SPI_I2S_DMACmd), (16 bytes).
    Removing stm32l1xx_spi.o(i.SPI_I2S_DeInit), (84 bytes).
    Removing stm32l1xx_spi.o(i.SPI_I2S_GetFlagStatus), (14 bytes).
    Removing stm32l1xx_spi.o(i.SPI_I2S_GetITStatus), (42 bytes).
    Removing stm32l1xx_spi.o(i.SPI_I2S_ITConfig), (24 bytes).
    Removing stm32l1xx_spi.o(i.SPI_I2S_ReceiveData), (4 bytes).
    Removing stm32l1xx_spi.o(i.SPI_I2S_SendData), (4 bytes).
    Removing stm32l1xx_spi.o(i.SPI_Init), (56 bytes).
    Removing stm32l1xx_spi.o(i.SPI_NSSInternalSoftwareConfig), (24 bytes).
    Removing stm32l1xx_spi.o(i.SPI_SSOutputCmd), (20 bytes).
    Removing stm32l1xx_spi.o(i.SPI_StructInit), (24 bytes).
    Removing stm32l1xx_spi.o(i.SPI_TransmitCRC), (10 bytes).
    Removing stm32l1xx_syscfg.o(.rev16_text), (4 bytes).
    Removing stm32l1xx_syscfg.o(.revsh_text), (4 bytes).
    Removing stm32l1xx_syscfg.o(i.SYSCFG_DeInit), (22 bytes).
    Removing stm32l1xx_syscfg.o(i.SYSCFG_EXTILineConfig), (40 bytes).
    Removing stm32l1xx_syscfg.o(i.SYSCFG_GetBootMode), (16 bytes).
    Removing stm32l1xx_syscfg.o(i.SYSCFG_MemoryRemapConfig), (12 bytes).
    Removing stm32l1xx_syscfg.o(i.SYSCFG_RIChannelSpeedConfig), (24 bytes).
    Removing stm32l1xx_syscfg.o(i.SYSCFG_RIDeInit), (36 bytes).
    Removing stm32l1xx_syscfg.o(i.SYSCFG_RIHysteresisConfig), (88 bytes).
    Removing stm32l1xx_syscfg.o(i.SYSCFG_RIIOSwitchConfig), (52 bytes).
    Removing stm32l1xx_syscfg.o(i.SYSCFG_RIResistorConfig), (24 bytes).
    Removing stm32l1xx_syscfg.o(i.SYSCFG_RISwitchControlModeCmd), (28 bytes).
    Removing stm32l1xx_syscfg.o(i.SYSCFG_RITIMInputCaptureConfig), (64 bytes).
    Removing stm32l1xx_syscfg.o(i.SYSCFG_RITIMSelect), (20 bytes).
    Removing stm32l1xx_tim.o(.rev16_text), (4 bytes).
    Removing stm32l1xx_tim.o(.revsh_text), (4 bytes).
    Removing stm32l1xx_tim.o(i.TI1_Config), (46 bytes).
    Removing stm32l1xx_tim.o(i.TI2_Config), (54 bytes).
    Removing stm32l1xx_tim.o(i.TIM_ARRPreloadConfig), (20 bytes).
    Removing stm32l1xx_tim.o(i.TIM_CCxCmd), (22 bytes).
    Removing stm32l1xx_tim.o(i.TIM_ClearFlag), (6 bytes).
    Removing stm32l1xx_tim.o(i.TIM_ClearITPendingBit), (6 bytes).
    Removing stm32l1xx_tim.o(i.TIM_ClearOC1Ref), (12 bytes).
    Removing stm32l1xx_tim.o(i.TIM_ClearOC2Ref), (20 bytes).
    Removing stm32l1xx_tim.o(i.TIM_ClearOC3Ref), (12 bytes).
    Removing stm32l1xx_tim.o(i.TIM_ClearOC4Ref), (20 bytes).
    Removing stm32l1xx_tim.o(i.TIM_Cmd), (20 bytes).
    Removing stm32l1xx_tim.o(i.TIM_CounterModeConfig), (12 bytes).
    Removing stm32l1xx_tim.o(i.TIM_DMACmd), (16 bytes).
    Removing stm32l1xx_tim.o(i.TIM_DMAConfig), (8 bytes).
    Removing stm32l1xx_tim.o(i.TIM_DeInit), (228 bytes).
    Removing stm32l1xx_tim.o(i.TIM_ETRClockMode1Config), (18 bytes).
    Removing stm32l1xx_tim.o(i.TIM_ETRClockMode2Config), (18 bytes).
    Removing stm32l1xx_tim.o(i.TIM_ETRConfig), (24 bytes).
    Removing stm32l1xx_tim.o(i.TIM_EncoderInterfaceConfig), (50 bytes).
    Removing stm32l1xx_tim.o(i.TIM_ForcedOC1Config), (12 bytes).
    Removing stm32l1xx_tim.o(i.TIM_ForcedOC2Config), (20 bytes).
    Removing stm32l1xx_tim.o(i.TIM_ForcedOC3Config), (12 bytes).
    Removing stm32l1xx_tim.o(i.TIM_ForcedOC4Config), (20 bytes).
    Removing stm32l1xx_tim.o(i.TIM_GenerateEvent), (4 bytes).
    Removing stm32l1xx_tim.o(i.TIM_GetCapture1), (4 bytes).
    Removing stm32l1xx_tim.o(i.TIM_GetCapture2), (4 bytes).
    Removing stm32l1xx_tim.o(i.TIM_GetCapture3), (4 bytes).
    Removing stm32l1xx_tim.o(i.TIM_GetCapture4), (4 bytes).
    Removing stm32l1xx_tim.o(i.TIM_GetCounter), (4 bytes).
    Removing stm32l1xx_tim.o(i.TIM_GetFlagStatus), (14 bytes).
    Removing stm32l1xx_tim.o(i.TIM_GetITStatus), (24 bytes).
    Removing stm32l1xx_tim.o(i.TIM_GetPrescaler), (4 bytes).
    Removing stm32l1xx_tim.o(i.TIM_ICInit), (172 bytes).
    Removing stm32l1xx_tim.o(i.TIM_ICStructInit), (16 bytes).
    Removing stm32l1xx_tim.o(i.TIM_ITConfig), (16 bytes).
    Removing stm32l1xx_tim.o(i.TIM_ITRxExternalClockConfig), (18 bytes).
    Removing stm32l1xx_tim.o(i.TIM_InternalClockConfig), (10 bytes).
    Removing stm32l1xx_tim.o(i.TIM_OC1FastConfig), (12 bytes).
    Removing stm32l1xx_tim.o(i.TIM_OC1Init), (44 bytes).
    Removing stm32l1xx_tim.o(i.TIM_OC1PolarityConfig), (12 bytes).
    Removing stm32l1xx_tim.o(i.TIM_OC1PreloadConfig), (12 bytes).
    Removing stm32l1xx_tim.o(i.TIM_OC2FastConfig), (20 bytes).
    Removing stm32l1xx_tim.o(i.TIM_OC2Init), (60 bytes).
    Removing stm32l1xx_tim.o(i.TIM_OC2PolarityConfig), (20 bytes).
    Removing stm32l1xx_tim.o(i.TIM_OC2PreloadConfig), (20 bytes).
    Removing stm32l1xx_tim.o(i.TIM_OC3FastConfig), (12 bytes).
    Removing stm32l1xx_tim.o(i.TIM_OC3Init), (56 bytes).
    Removing stm32l1xx_tim.o(i.TIM_OC3PolarityConfig), (20 bytes).
    Removing stm32l1xx_tim.o(i.TIM_OC3PreloadConfig), (12 bytes).
    Removing stm32l1xx_tim.o(i.TIM_OC4FastConfig), (20 bytes).
    Removing stm32l1xx_tim.o(i.TIM_OC4Init), (60 bytes).
    Removing stm32l1xx_tim.o(i.TIM_OC4PolarityConfig), (20 bytes).
    Removing stm32l1xx_tim.o(i.TIM_OC4PreloadConfig), (20 bytes).
    Removing stm32l1xx_tim.o(i.TIM_OCStructInit), (12 bytes).
    Removing stm32l1xx_tim.o(i.TIM_PWMIConfig), (108 bytes).
    Removing stm32l1xx_tim.o(i.TIM_PrescalerConfig), (6 bytes).
    Removing stm32l1xx_tim.o(i.TIM_RemapConfig), (18 bytes).
    Removing stm32l1xx_tim.o(i.TIM_SelectCCDMA), (20 bytes).
    Removing stm32l1xx_tim.o(i.TIM_SelectHallSensor), (20 bytes).
    Removing stm32l1xx_tim.o(i.TIM_SelectInputTrigger), (12 bytes).
    Removing stm32l1xx_tim.o(i.TIM_SelectMasterSlaveMode), (16 bytes).
    Removing stm32l1xx_tim.o(i.TIM_SelectOCREFClear), (16 bytes).
    Removing stm32l1xx_tim.o(i.TIM_SelectOCxM), (70 bytes).
    Removing stm32l1xx_tim.o(i.TIM_SelectOnePulseMode), (16 bytes).
    Removing stm32l1xx_tim.o(i.TIM_SelectOutputTrigger), (16 bytes).
    Removing stm32l1xx_tim.o(i.TIM_SelectSlaveMode), (16 bytes).
    Removing stm32l1xx_tim.o(i.TIM_SetAutoreload), (4 bytes).
    Removing stm32l1xx_tim.o(i.TIM_SetClockDivision), (16 bytes).
    Removing stm32l1xx_tim.o(i.TIM_SetCompare1), (4 bytes).
    Removing stm32l1xx_tim.o(i.TIM_SetCompare2), (4 bytes).
    Removing stm32l1xx_tim.o(i.TIM_SetCompare3), (4 bytes).
    Removing stm32l1xx_tim.o(i.TIM_SetCompare4), (4 bytes).
    Removing stm32l1xx_tim.o(i.TIM_SetCounter), (4 bytes).
    Removing stm32l1xx_tim.o(i.TIM_SetIC1Prescaler), (16 bytes).
    Removing stm32l1xx_tim.o(i.TIM_SetIC2Prescaler), (24 bytes).
    Removing stm32l1xx_tim.o(i.TIM_SetIC3Prescaler), (16 bytes).
    Removing stm32l1xx_tim.o(i.TIM_SetIC4Prescaler), (24 bytes).
    Removing stm32l1xx_tim.o(i.TIM_TIxExternalClockConfig), (46 bytes).
    Removing stm32l1xx_tim.o(i.TIM_TimeBaseInit), (92 bytes).
    Removing stm32l1xx_tim.o(i.TIM_TimeBaseStructInit), (16 bytes).
    Removing stm32l1xx_tim.o(i.TIM_UpdateDisableConfig), (20 bytes).
    Removing stm32l1xx_tim.o(i.TIM_UpdateRequestConfig), (20 bytes).
    Removing stm32l1xx_usart.o(.rev16_text), (4 bytes).
    Removing stm32l1xx_usart.o(.revsh_text), (4 bytes).
    Removing stm32l1xx_usart.o(i.USART_ClearFlag), (6 bytes).
    Removing stm32l1xx_usart.o(i.USART_ClearITPendingBit), (12 bytes).
    Removing stm32l1xx_usart.o(i.USART_ClockInit), (28 bytes).
    Removing stm32l1xx_usart.o(i.USART_ClockStructInit), (12 bytes).
    Removing stm32l1xx_usart.o(i.USART_Cmd), (20 bytes).
    Removing stm32l1xx_usart.o(i.USART_DMACmd), (16 bytes).
    Removing stm32l1xx_usart.o(i.USART_DeInit), (116 bytes).
    Removing stm32l1xx_usart.o(i.USART_GetFlagStatus), (14 bytes).
    Removing stm32l1xx_usart.o(i.USART_GetITStatus), (62 bytes).
    Removing stm32l1xx_usart.o(i.USART_HalfDuplexCmd), (20 bytes).
    Removing stm32l1xx_usart.o(i.USART_ITConfig), (48 bytes).
    Removing stm32l1xx_usart.o(i.USART_Init), (164 bytes).
    Removing stm32l1xx_usart.o(i.USART_IrDACmd), (20 bytes).
    Removing stm32l1xx_usart.o(i.USART_IrDAConfig), (16 bytes).
    Removing stm32l1xx_usart.o(i.USART_LINBreakDetectLengthConfig), (16 bytes).
    Removing stm32l1xx_usart.o(i.USART_LINCmd), (20 bytes).
    Removing stm32l1xx_usart.o(i.USART_OneBitMethodCmd), (20 bytes).
    Removing stm32l1xx_usart.o(i.USART_OverSampling8Cmd), (20 bytes).
    Removing stm32l1xx_usart.o(i.USART_ReceiveData), (8 bytes).
    Removing stm32l1xx_usart.o(i.USART_ReceiverWakeUpCmd), (20 bytes).
    Removing stm32l1xx_usart.o(i.USART_SendBreak), (10 bytes).
    Removing stm32l1xx_usart.o(i.USART_SendData), (8 bytes).
    Removing stm32l1xx_usart.o(i.USART_SetAddress), (16 bytes).
    Removing stm32l1xx_usart.o(i.USART_SetGuardTime), (16 bytes).
    Removing stm32l1xx_usart.o(i.USART_SetPrescaler), (16 bytes).
    Removing stm32l1xx_usart.o(i.USART_SmartCardCmd), (20 bytes).
    Removing stm32l1xx_usart.o(i.USART_SmartCardNACKCmd), (20 bytes).
    Removing stm32l1xx_usart.o(i.USART_StructInit), (22 bytes).
    Removing stm32l1xx_usart.o(i.USART_WakeUpConfig), (16 bytes).
    Removing stm32l1xx_wwdg.o(.rev16_text), (4 bytes).
    Removing stm32l1xx_wwdg.o(.revsh_text), (4 bytes).
    Removing stm32l1xx_wwdg.o(i.WWDG_ClearFlag), (12 bytes).
    Removing stm32l1xx_wwdg.o(i.WWDG_DeInit), (24 bytes).
    Removing stm32l1xx_wwdg.o(i.WWDG_Enable), (16 bytes).
    Removing stm32l1xx_wwdg.o(i.WWDG_EnableIT), (16 bytes).
    Removing stm32l1xx_wwdg.o(i.WWDG_GetFlagStatus), (20 bytes).
    Removing stm32l1xx_wwdg.o(i.WWDG_SetCounter), (16 bytes).
    Removing stm32l1xx_wwdg.o(i.WWDG_SetPrescaler), (20 bytes).
    Removing stm32l1xx_wwdg.o(i.WWDG_SetWindowValue), (28 bytes).
    Removing misc.o(.rev16_text), (4 bytes).
    Removing misc.o(.revsh_text), (4 bytes).
    Removing misc.o(i.NVIC_SetVectorTable), (20 bytes).
    Removing misc.o(i.NVIC_SystemLPConfig), (24 bytes).
    Removing misc.o(i.SysTick_CLKSourceConfig), (24 bytes).
    Removing usb_core.o(.rev16_text), (4 bytes).
    Removing usb_core.o(.revsh_text), (4 bytes).
    Removing usb_init.o(.rev16_text), (4 bytes).
    Removing usb_init.o(.revsh_text), (4 bytes).
    Removing usb_init.o(.data), (2 bytes).
    Removing usb_int.o(.rev16_text), (4 bytes).
    Removing usb_int.o(.revsh_text), (4 bytes).
    Removing usb_int.o(i.CTR_HP), (128 bytes).
    Removing usb_mem.o(.rev16_text), (4 bytes).
    Removing usb_mem.o(.revsh_text), (4 bytes).
    Removing usb_regs.o(.rev16_text), (4 bytes).
    Removing usb_regs.o(.revsh_text), (4 bytes).
    Removing usb_regs.o(i.ClearEPDoubleBuff), (32 bytes).
    Removing usb_regs.o(i.ClearEP_CTR_RX), (28 bytes).
    Removing usb_regs.o(i.ClearEP_CTR_TX), (28 bytes).
    Removing usb_regs.o(i.ClearEP_KIND), (32 bytes).
    Removing usb_regs.o(i.FreeUserBuffer), (52 bytes).
    Removing usb_regs.o(i.GetBTABLE), (12 bytes).
    Removing usb_regs.o(i.GetCNTR), (12 bytes).
    Removing usb_regs.o(i.GetDADDR), (12 bytes).
    Removing usb_regs.o(i.GetENDPOINT), (20 bytes).
    Removing usb_regs.o(i.GetEPAddress), (20 bytes).
    Removing usb_regs.o(i.GetEPDblBuf0Addr), (28 bytes).
    Removing usb_regs.o(i.GetEPDblBuf0Count), (32 bytes).
    Removing usb_regs.o(i.GetEPDblBuf1Addr), (32 bytes).
    Removing usb_regs.o(i.GetEPDblBuf1Count), (32 bytes).
    Removing usb_regs.o(i.GetEPDblBufDir), (60 bytes).
    Removing usb_regs.o(i.GetEPRxStatus), (24 bytes).
    Removing usb_regs.o(i.GetEPTxCount), (32 bytes).
    Removing usb_regs.o(i.GetEPTxStatus), (24 bytes).
    Removing usb_regs.o(i.GetEPType), (24 bytes).
    Removing usb_regs.o(i.GetFNR), (12 bytes).
    Removing usb_regs.o(i.GetISTR), (12 bytes).
    Removing usb_regs.o(i.GetRxStallStatus), (28 bytes).
    Removing usb_regs.o(i.GetTxStallStatus), (28 bytes).
    Removing usb_regs.o(i.SetCNTR), (12 bytes).
    Removing usb_regs.o(i.SetDADDR), (12 bytes).
    Removing usb_regs.o(i.SetDouBleBuffEPStall), (44 bytes).
    Removing usb_regs.o(i.SetENDPOINT), (16 bytes).
    Removing usb_regs.o(i.SetEPAddress), (36 bytes).
    Removing usb_regs.o(i.SetEPCountRxReg), (38 bytes).
    Removing usb_regs.o(i.SetEPDblBuf0Addr), (32 bytes).
    Removing usb_regs.o(i.SetEPDblBuf0Count), (92 bytes).
    Removing usb_regs.o(i.SetEPDblBuf1Addr), (32 bytes).
    Removing usb_regs.o(i.SetEPDblBuf1Count), (92 bytes).
    Removing usb_regs.o(i.SetEPDblBuffAddr), (52 bytes).
    Removing usb_regs.o(i.SetEPDblBuffCount), (164 bytes).
    Removing usb_regs.o(i.SetEPDoubleBuff), (32 bytes).
    Removing usb_regs.o(i.SetEP_KIND), (32 bytes).
    Removing usb_regs.o(i.SetISTR), (12 bytes).
    Removing usb_regs.o(i.Set_Status_Out), (32 bytes).
    Removing usb_regs.o(i.ToWord), (6 bytes).
    Removing usb_regs.o(i.ToggleDTOG_RX), (32 bytes).
    Removing usb_regs.o(i.ToggleDTOG_TX), (32 bytes).
    Removing usb_sil.o(.rev16_text), (4 bytes).
    Removing usb_sil.o(.revsh_text), (4 bytes).
    Removing usb_sil.o(i.USB_SIL_Read), (36 bytes).
    Removing usb_sil.o(i.USB_SIL_Write), (38 bytes).

678 unused section(s) (total 20607 bytes) removed from the image.

==============================================================================

Image Symbol Table

    Local Symbols

    Symbol Name                              Value     Ov Type        Size  Object(Section)

    ../clib/../cmprslib/zerorunl2.c          0x00000000   Number         0  __dczerorl2.o ABSOLUTE
    ../clib/microlib/init/entry.s            0x00000000   Number         0  entry2.o ABSOLUTE
    ../clib/microlib/init/entry.s            0x00000000   Number         0  entry11b.o ABSOLUTE
    ../clib/microlib/init/entry.s            0x00000000   Number         0  entry.o ABSOLUTE
    ../clib/microlib/init/entry.s            0x00000000   Number         0  entry9a.o ABSOLUTE
    ../clib/microlib/init/entry.s            0x00000000   Number         0  entry5.o ABSOLUTE
    ../clib/microlib/init/entry.s            0x00000000   Number         0  entry7a.o ABSOLUTE
    ../clib/microlib/init/entry.s            0x00000000   Number         0  entry7b.o ABSOLUTE
    ../clib/microlib/init/entry.s            0x00000000   Number         0  entry8a.o ABSOLUTE
    ../clib/microlib/init/entry.s            0x00000000   Number         0  entry8b.o ABSOLUTE
    ../clib/microlib/init/entry.s            0x00000000   Number         0  entry9b.o ABSOLUTE
    ../clib/microlib/init/entry.s            0x00000000   Number         0  entry10a.o ABSOLUTE
    ../clib/microlib/init/entry.s            0x00000000   Number         0  entry10b.o ABSOLUTE
    ../clib/microlib/init/entry.s            0x00000000   Number         0  entry11a.o ABSOLUTE
    ..\..\..\Libraries\CMSIS\Device\ST\STM32L1xx\Source\Templates\arm\startup_stm32l1xx_md.s 0x00000000   Number         0  startup_stm32l1xx_md.o ABSOLUTE
    ..\..\..\Libraries\STM32L1xx_StdPeriph_Driver\src\misc.c 0x00000000   Number         0  misc.o ABSOLUTE
    ..\..\..\Libraries\STM32L1xx_StdPeriph_Driver\src\stm32l1xx_adc.c 0x00000000   Number         0  stm32l1xx_adc.o ABSOLUTE
    ..\..\..\Libraries\STM32L1xx_StdPeriph_Driver\src\stm32l1xx_aes.c 0x00000000   Number         0  stm32l1xx_aes.o ABSOLUTE
    ..\..\..\Libraries\STM32L1xx_StdPeriph_Driver\src\stm32l1xx_aes_util.c 0x00000000   Number         0  stm32l1xx_aes_util.o ABSOLUTE
    ..\..\..\Libraries\STM32L1xx_StdPeriph_Driver\src\stm32l1xx_comp.c 0x00000000   Number         0  stm32l1xx_comp.o ABSOLUTE
    ..\..\..\Libraries\STM32L1xx_StdPeriph_Driver\src\stm32l1xx_crc.c 0x00000000   Number         0  stm32l1xx_crc.o ABSOLUTE
    ..\..\..\Libraries\STM32L1xx_StdPeriph_Driver\src\stm32l1xx_dac.c 0x00000000   Number         0  stm32l1xx_dac.o ABSOLUTE
    ..\..\..\Libraries\STM32L1xx_StdPeriph_Driver\src\stm32l1xx_dbgmcu.c 0x00000000   Number         0  stm32l1xx_dbgmcu.o ABSOLUTE
    ..\..\..\Libraries\STM32L1xx_StdPeriph_Driver\src\stm32l1xx_dma.c 0x00000000   Number         0  stm32l1xx_dma.o ABSOLUTE
    ..\..\..\Libraries\STM32L1xx_StdPeriph_Driver\src\stm32l1xx_exti.c 0x00000000   Number         0  stm32l1xx_exti.o ABSOLUTE
    ..\..\..\Libraries\STM32L1xx_StdPeriph_Driver\src\stm32l1xx_flash.c 0x00000000   Number         0  stm32l1xx_flash.o ABSOLUTE
    ..\..\..\Libraries\STM32L1xx_StdPeriph_Driver\src\stm32l1xx_flash_ramfunc.c 0x00000000   Number         0  stm32l1xx_flash_ramfunc.o ABSOLUTE
    ..\..\..\Libraries\STM32L1xx_StdPeriph_Driver\src\stm32l1xx_fsmc.c 0x00000000   Number         0  stm32l1xx_fsmc.o ABSOLUTE
    ..\..\..\Libraries\STM32L1xx_StdPeriph_Driver\src\stm32l1xx_gpio.c 0x00000000   Number         0  stm32l1xx_gpio.o ABSOLUTE
    ..\..\..\Libraries\STM32L1xx_StdPeriph_Driver\src\stm32l1xx_i2c.c 0x00000000   Number         0  stm32l1xx_i2c.o ABSOLUTE
    ..\..\..\Libraries\STM32L1xx_StdPeriph_Driver\src\stm32l1xx_iwdg.c 0x00000000   Number         0  stm32l1xx_iwdg.o ABSOLUTE
    ..\..\..\Libraries\STM32L1xx_StdPeriph_Driver\src\stm32l1xx_lcd.c 0x00000000   Number         0  stm32l1xx_lcd.o ABSOLUTE
    ..\..\..\Libraries\STM32L1xx_StdPeriph_Driver\src\stm32l1xx_opamp.c 0x00000000   Number         0  stm32l1xx_opamp.o ABSOLUTE
    ..\..\..\Libraries\STM32L1xx_StdPeriph_Driver\src\stm32l1xx_pwr.c 0x00000000   Number         0  stm32l1xx_pwr.o ABSOLUTE
    ..\..\..\Libraries\STM32L1xx_StdPeriph_Driver\src\stm32l1xx_rcc.c 0x00000000   Number         0  stm32l1xx_rcc.o ABSOLUTE
    ..\..\..\Libraries\STM32L1xx_StdPeriph_Driver\src\stm32l1xx_rtc.c 0x00000000   Number         0  stm32l1xx_rtc.o ABSOLUTE
    ..\..\..\Libraries\STM32L1xx_StdPeriph_Driver\src\stm32l1xx_sdio.c 0x00000000   Number         0  stm32l1xx_sdio.o ABSOLUTE
    ..\..\..\Libraries\STM32L1xx_StdPeriph_Driver\src\stm32l1xx_spi.c 0x00000000   Number         0  stm32l1xx_spi.o ABSOLUTE
    ..\..\..\Libraries\STM32L1xx_StdPeriph_Driver\src\stm32l1xx_syscfg.c 0x00000000   Number         0  stm32l1xx_syscfg.o ABSOLUTE
    ..\..\..\Libraries\STM32L1xx_StdPeriph_Driver\src\stm32l1xx_tim.c 0x00000000   Number         0  stm32l1xx_tim.o ABSOLUTE
    ..\..\..\Libraries\STM32L1xx_StdPeriph_Driver\src\stm32l1xx_usart.c 0x00000000   Number         0  stm32l1xx_usart.o ABSOLUTE
    ..\..\..\Libraries\STM32L1xx_StdPeriph_Driver\src\stm32l1xx_wwdg.c 0x00000000   Number         0  stm32l1xx_wwdg.o ABSOLUTE
    ..\..\..\Libraries\STM32_USB-FS-Device_Driver\src\usb_core.c 0x00000000   Number         0  usb_core.o ABSOLUTE
    ..\..\..\Libraries\STM32_USB-FS-Device_Driver\src\usb_init.c 0x00000000   Number         0  usb_init.o ABSOLUTE
    ..\..\..\Libraries\STM32_USB-FS-Device_Driver\src\usb_int.c 0x00000000   Number         0  usb_int.o ABSOLUTE
    ..\..\..\Libraries\STM32_USB-FS-Device_Driver\src\usb_mem.c 0x00000000   Number         0  usb_mem.o ABSOLUTE
    ..\..\..\Libraries\STM32_USB-FS-Device_Driver\src\usb_regs.c 0x00000000   Number         0  usb_regs.o ABSOLUTE
    ..\..\..\Libraries\STM32_USB-FS-Device_Driver\src\usb_sil.c 0x00000000   Number         0  usb_sil.o ABSOLUTE
    ..\\..\\..\\Libraries\\STM32L1xx_StdPeriph_Driver\\src\\misc.c 0x00000000   Number         0  misc.o ABSOLUTE
    ..\\..\\..\\Libraries\\STM32L1xx_StdPeriph_Driver\\src\\stm32l1xx_adc.c 0x00000000   Number         0  stm32l1xx_adc.o ABSOLUTE
    ..\\..\\..\\Libraries\\STM32L1xx_StdPeriph_Driver\\src\\stm32l1xx_aes.c 0x00000000   Number         0  stm32l1xx_aes.o ABSOLUTE
    ..\\..\\..\\Libraries\\STM32L1xx_StdPeriph_Driver\\src\\stm32l1xx_aes_util.c 0x00000000   Number         0  stm32l1xx_aes_util.o ABSOLUTE
    ..\\..\\..\\Libraries\\STM32L1xx_StdPeriph_Driver\\src\\stm32l1xx_comp.c 0x00000000   Number         0  stm32l1xx_comp.o ABSOLUTE
    ..\\..\\..\\Libraries\\STM32L1xx_StdPeriph_Driver\\src\\stm32l1xx_crc.c 0x00000000   Number         0  stm32l1xx_crc.o ABSOLUTE
    ..\\..\\..\\Libraries\\STM32L1xx_StdPeriph_Driver\\src\\stm32l1xx_dac.c 0x00000000   Number         0  stm32l1xx_dac.o ABSOLUTE
    ..\\..\\..\\Libraries\\STM32L1xx_StdPeriph_Driver\\src\\stm32l1xx_dbgmcu.c 0x00000000   Number         0  stm32l1xx_dbgmcu.o ABSOLUTE
    ..\\..\\..\\Libraries\\STM32L1xx_StdPeriph_Driver\\src\\stm32l1xx_dma.c 0x00000000   Number         0  stm32l1xx_dma.o ABSOLUTE
    ..\\..\\..\\Libraries\\STM32L1xx_StdPeriph_Driver\\src\\stm32l1xx_exti.c 0x00000000   Number         0  stm32l1xx_exti.o ABSOLUTE
    ..\\..\\..\\Libraries\\STM32L1xx_StdPeriph_Driver\\src\\stm32l1xx_flash.c 0x00000000   Number         0  stm32l1xx_flash.o ABSOLUTE
    ..\\..\\..\\Libraries\\STM32L1xx_StdPeriph_Driver\\src\\stm32l1xx_flash_ramfunc.c 0x00000000   Number         0  stm32l1xx_flash_ramfunc.o ABSOLUTE
    ..\\..\\..\\Libraries\\STM32L1xx_StdPeriph_Driver\\src\\stm32l1xx_fsmc.c 0x00000000   Number         0  stm32l1xx_fsmc.o ABSOLUTE
    ..\\..\\..\\Libraries\\STM32L1xx_StdPeriph_Driver\\src\\stm32l1xx_gpio.c 0x00000000   Number         0  stm32l1xx_gpio.o ABSOLUTE
    ..\\..\\..\\Libraries\\STM32L1xx_StdPeriph_Driver\\src\\stm32l1xx_i2c.c 0x00000000   Number         0  stm32l1xx_i2c.o ABSOLUTE
    ..\\..\\..\\Libraries\\STM32L1xx_StdPeriph_Driver\\src\\stm32l1xx_iwdg.c 0x00000000   Number         0  stm32l1xx_iwdg.o ABSOLUTE
    ..\\..\\..\\Libraries\\STM32L1xx_StdPeriph_Driver\\src\\stm32l1xx_lcd.c 0x00000000   Number         0  stm32l1xx_lcd.o ABSOLUTE
    ..\\..\\..\\Libraries\\STM32L1xx_StdPeriph_Driver\\src\\stm32l1xx_opamp.c 0x00000000   Number         0  stm32l1xx_opamp.o ABSOLUTE
    ..\\..\\..\\Libraries\\STM32L1xx_StdPeriph_Driver\\src\\stm32l1xx_pwr.c 0x00000000   Number         0  stm32l1xx_pwr.o ABSOLUTE
    ..\\..\\..\\Libraries\\STM32L1xx_StdPeriph_Driver\\src\\stm32l1xx_rcc.c 0x00000000   Number         0  stm32l1xx_rcc.o ABSOLUTE
    ..\\..\\..\\Libraries\\STM32L1xx_StdPeriph_Driver\\src\\stm32l1xx_rtc.c 0x00000000   Number         0  stm32l1xx_rtc.o ABSOLUTE
    ..\\..\\..\\Libraries\\STM32L1xx_StdPeriph_Driver\\src\\stm32l1xx_sdio.c 0x00000000   Number         0  stm32l1xx_sdio.o ABSOLUTE
    ..\\..\\..\\Libraries\\STM32L1xx_StdPeriph_Driver\\src\\stm32l1xx_spi.c 0x00000000   Number         0  stm32l1xx_spi.o ABSOLUTE
    ..\\..\\..\\Libraries\\STM32L1xx_StdPeriph_Driver\\src\\stm32l1xx_syscfg.c 0x00000000   Number         0  stm32l1xx_syscfg.o ABSOLUTE
    ..\\..\\..\\Libraries\\STM32L1xx_StdPeriph_Driver\\src\\stm32l1xx_tim.c 0x00000000   Number         0  stm32l1xx_tim.o ABSOLUTE
    ..\\..\\..\\Libraries\\STM32L1xx_StdPeriph_Driver\\src\\stm32l1xx_usart.c 0x00000000   Number         0  stm32l1xx_usart.o ABSOLUTE
    ..\\..\\..\\Libraries\\STM32L1xx_StdPeriph_Driver\\src\\stm32l1xx_wwdg.c 0x00000000   Number         0  stm32l1xx_wwdg.o ABSOLUTE
    ..\\..\\..\\Libraries\\STM32_USB-FS-Device_Driver\\src\\usb_core.c 0x00000000   Number         0  usb_core.o ABSOLUTE
    ..\\..\\..\\Libraries\\STM32_USB-FS-Device_Driver\\src\\usb_init.c 0x00000000   Number         0  usb_init.o ABSOLUTE
    ..\\..\\..\\Libraries\\STM32_USB-FS-Device_Driver\\src\\usb_int.c 0x00000000   Number         0  usb_int.o ABSOLUTE
    ..\\..\\..\\Libraries\\STM32_USB-FS-Device_Driver\\src\\usb_mem.c 0x00000000   Number         0  usb_mem.o ABSOLUTE
    ..\\..\\..\\Libraries\\STM32_USB-FS-Device_Driver\\src\\usb_regs.c 0x00000000   Number         0  usb_regs.o ABSOLUTE
    ..\\..\\..\\Libraries\\STM32_USB-FS-Device_Driver\\src\\usb_sil.c 0x00000000   Number         0  usb_sil.o ABSOLUTE
    ..\\src\\hw_config.c                     0x00000000   Number         0  hw_config.o ABSOLUTE
    ..\\src\\main.c                          0x00000000   Number         0  main.o ABSOLUTE
    ..\\src\\stm32_it.c                      0x00000000   Number         0  stm32_it.o ABSOLUTE
    ..\\src\\system_stm32l1xx.c              0x00000000   Number         0  system_stm32l1xx.o ABSOLUTE
    ..\\src\\usb_desc.c                      0x00000000   Number         0  usb_desc.o ABSOLUTE
    ..\\src\\usb_endp.c                      0x00000000   Number         0  usb_endp.o ABSOLUTE
    ..\\src\\usb_istr.c                      0x00000000   Number         0  usb_istr.o ABSOLUTE
    ..\\src\\usb_prop.c                      0x00000000   Number         0  usb_prop.o ABSOLUTE
    ..\\src\\usb_pwr.c                       0x00000000   Number         0  usb_pwr.o ABSOLUTE
    ..\src\hw_config.c                       0x00000000   Number         0  hw_config.o ABSOLUTE
    ..\src\main.c                            0x00000000   Number         0  main.o ABSOLUTE
    ..\src\stm32_it.c                        0x00000000   Number         0  stm32_it.o ABSOLUTE
    ..\src\system_stm32l1xx.c                0x00000000   Number         0  system_stm32l1xx.o ABSOLUTE
    ..\src\usb_desc.c                        0x00000000   Number         0  usb_desc.o ABSOLUTE
    ..\src\usb_endp.c                        0x00000000   Number         0  usb_endp.o ABSOLUTE
    ..\src\usb_istr.c                        0x00000000   Number         0  usb_istr.o ABSOLUTE
    ..\src\usb_prop.c                        0x00000000   Number         0  usb_prop.o ABSOLUTE
    ..\src\usb_pwr.c                         0x00000000   Number         0  usb_pwr.o ABSOLUTE
    dc.s                                     0x00000000   Number         0  dc.o ABSOLUTE
    handlers.s                               0x00000000   Number         0  handlers.o ABSOLUTE
    init.s                                   0x00000000   Number         0  init.o ABSOLUTE
    RESET                                    0x08000000   Section      244  startup_stm32l1xx_md.o(RESET)
    .ARM.Collect$$$$00000000                 0x080000f4   Section        0  entry.o(.ARM.Collect$$$$00000000)
    .ARM.Collect$$$$00000001                 0x080000f4   Section        4  entry2.o(.ARM.Collect$$$$00000001)
    .ARM.Collect$$$$00000004                 0x080000f8   Section        4  entry5.o(.ARM.Collect$$$$00000004)
    .ARM.Collect$$$$00000008                 0x080000fc   Section        0  entry7b.o(.ARM.Collect$$$$00000008)
    .ARM.Collect$$$$0000000A                 0x080000fc   Section        0  entry8b.o(.ARM.Collect$$$$0000000A)
    .ARM.Collect$$$$0000000B                 0x080000fc   Section        8  entry9a.o(.ARM.Collect$$$$0000000B)
    .ARM.Collect$$$$0000000D                 0x08000104   Section        0  entry10a.o(.ARM.Collect$$$$0000000D)
    .ARM.Collect$$$$0000000F                 0x08000104   Section        0  entry11a.o(.ARM.Collect$$$$0000000F)
    .ARM.Collect$$$$00002712                 0x08000104   Section        4  entry2.o(.ARM.Collect$$$$00002712)
    __lit__00000000                          0x08000104   Data           4  entry2.o(.ARM.Collect$$$$00002712)
    .text                                    0x08000108   Section       36  startup_stm32l1xx_md.o(.text)
    .text                                    0x0800012c   Section       36  init.o(.text)
    .text                                    0x08000150   Section        0  __dczerorl2.o(.text)
    i.BusFault_Handler                       0x080001a6   Section        0  stm32_it.o(i.BusFault_Handler)
    i.ByteSwap                               0x080001a8   Section        0  usb_regs.o(i.ByteSwap)
    i.CDC_Receive_DATA                       0x080001b4   Section        0  hw_config.o(i.CDC_Receive_DATA)
    i.CDC_Send_DATA                          0x080001cc   Section        0  hw_config.o(i.CDC_Send_DATA)
    i.CTR_LP                                 0x080001fc   Section        0  usb_int.o(i.CTR_LP)
    i.ClearDTOG_RX                           0x08000358   Section        0  usb_regs.o(i.ClearDTOG_RX)
    i.ClearDTOG_TX                           0x08000380   Section        0  usb_regs.o(i.ClearDTOG_TX)
    i.Clear_Status_Out                       0x080003a8   Section        0  usb_regs.o(i.Clear_Status_Out)
    i.DataStageIn                            0x080003c8   Section        0  usb_core.o(i.DataStageIn)
    DataStageIn                              0x080003c9   Thumb Code   156  usb_core.o(i.DataStageIn)
    i.DataStageOut                           0x0800047c   Section        0  usb_core.o(i.DataStageOut)
    DataStageOut                             0x0800047d   Thumb Code   142  usb_core.o(i.DataStageOut)
    i.Data_Setup0                            0x08000520   Section        0  usb_core.o(i.Data_Setup0)
    Data_Setup0                              0x08000521   Thumb Code   376  usb_core.o(i.Data_Setup0)
    i.DebugMon_Handler                       0x080006bc   Section        0  stm32_it.o(i.DebugMon_Handler)
    i.EP1_IN_Callback                        0x080006c0   Section        0  usb_endp.o(i.EP1_IN_Callback)
    i.EP3_OUT_Callback                       0x080006cc   Section        0  usb_endp.o(i.EP3_OUT_Callback)
    i.EXTI_ClearITPendingBit                 0x080006fc   Section        0  stm32l1xx_exti.o(i.EXTI_ClearITPendingBit)
    i.EXTI_Init                              0x08000708   Section        0  stm32l1xx_exti.o(i.EXTI_Init)
    i.GetEPRxAddr                            0x08000778   Section        0  usb_regs.o(i.GetEPRxAddr)
    i.GetEPRxCount                           0x08000798   Section        0  usb_regs.o(i.GetEPRxCount)
    i.GetEPTxAddr                            0x080007b8   Section        0  usb_regs.o(i.GetEPTxAddr)
    i.Get_SerialNum                          0x080007d4   Section        0  hw_config.o(i.Get_SerialNum)
    i.HardFault_Handler                      0x08000804   Section        0  stm32_it.o(i.HardFault_Handler)
    i.In0_Process                            0x08000808   Section        0  usb_core.o(i.In0_Process)
    i.IntToUnicode                           0x08000864   Section        0  hw_config.o(i.IntToUnicode)
    IntToUnicode                             0x08000865   Thumb Code    56  hw_config.o(i.IntToUnicode)
    i.Leave_LowPowerMode                     0x0800089c   Section        0  hw_config.o(i.Leave_LowPowerMode)
    i.MemManage_Handler                      0x080008b8   Section        0  stm32_it.o(i.MemManage_Handler)
    i.NMI_Handler                            0x080008ba   Section        0  stm32_it.o(i.NMI_Handler)
    i.NOP_Process                            0x080008bc   Section        0  usb_core.o(i.NOP_Process)
    i.NVIC_Init                              0x080008c0   Section        0  misc.o(i.NVIC_Init)
    i.NVIC_PriorityGroupConfig               0x08000924   Section        0  misc.o(i.NVIC_PriorityGroupConfig)
    i.NoData_Setup0                          0x08000938   Section        0  usb_core.o(i.NoData_Setup0)
    NoData_Setup0                            0x08000939   Thumb Code   190  usb_core.o(i.NoData_Setup0)
    i.Out0_Process                           0x08000a0c   Section        0  usb_core.o(i.Out0_Process)
    i.PMAToUserBufferCopy                    0x08000a54   Section        0  usb_mem.o(i.PMAToUserBufferCopy)
    i.PendSV_Handler                         0x08000a74   Section        0  stm32_it.o(i.PendSV_Handler)
    i.Post0_Process                          0x08000a78   Section        0  usb_core.o(i.Post0_Process)
    i.PowerOn                                0x08000abc   Section        0  usb_pwr.o(i.PowerOn)
    i.RCC_APB1PeriphClockCmd                 0x08000ae8   Section        0  stm32l1xx_rcc.o(i.RCC_APB1PeriphClockCmd)
    i.RCC_APB2PeriphClockCmd                 0x08000b00   Section        0  stm32l1xx_rcc.o(i.RCC_APB2PeriphClockCmd)
    i.Resume                                 0x08000b18   Section        0  usb_pwr.o(i.Resume)
    i.Resume_Init                            0x08000bac   Section        0  usb_pwr.o(i.Resume_Init)
    i.SVC_Handler                            0x08000bcc   Section        0  stm32_it.o(i.SVC_Handler)
    i.SYSCFG_USBPuCmd                        0x08000bd0   Section        0  stm32l1xx_syscfg.o(i.SYSCFG_USBPuCmd)
    i.SetBTABLE                              0x08000bec   Section        0  usb_regs.o(i.SetBTABLE)
    i.SetDeviceAddress                       0x08000bfc   Section        0  usb_core.o(i.SetDeviceAddress)
    i.SetEPRxAddr                            0x08000c44   Section        0  usb_regs.o(i.SetEPRxAddr)
    i.SetEPRxCount                           0x08000c64   Section        0  usb_regs.o(i.SetEPRxCount)
    i.SetEPRxStatus                          0x08000ca4   Section        0  usb_regs.o(i.SetEPRxStatus)
    i.SetEPRxValid                           0x08000cd4   Section        0  usb_regs.o(i.SetEPRxValid)
    i.SetEPTxAddr                            0x08000cf8   Section        0  usb_regs.o(i.SetEPTxAddr)
    i.SetEPTxCount                           0x08000d18   Section        0  usb_regs.o(i.SetEPTxCount)
    i.SetEPTxStatus                          0x08000d34   Section        0  usb_regs.o(i.SetEPTxStatus)
    i.SetEPTxValid                           0x08000d64   Section        0  usb_regs.o(i.SetEPTxValid)
    i.SetEPType                              0x08000d88   Section        0  usb_regs.o(i.SetEPType)
    i.SetSysClock                            0x08000da4   Section        0  system_stm32l1xx.o(i.SetSysClock)
    SetSysClock                              0x08000da5   Thumb Code   184  system_stm32l1xx.o(i.SetSysClock)
    i.Set_System                             0x08000e68   Section        0  hw_config.o(i.Set_System)
    i.Set_USBClock                           0x08000e98   Section        0  hw_config.o(i.Set_USBClock)
    i.Setup0_Process                         0x08000ea0   Section        0  usb_core.o(i.Setup0_Process)
    i.Standard_ClearFeature                  0x08000f08   Section        0  usb_core.o(i.Standard_ClearFeature)
    i.Standard_GetConfiguration              0x08001004   Section        0  usb_core.o(i.Standard_GetConfiguration)
    i.Standard_GetDescriptorData             0x0800102c   Section        0  usb_core.o(i.Standard_GetDescriptorData)
    i.Standard_GetInterface                  0x08001048   Section        0  usb_core.o(i.Standard_GetInterface)
    i.Standard_GetStatus                     0x08001070   Section        0  usb_core.o(i.Standard_GetStatus)
    i.Standard_SetConfiguration              0x08001104   Section        0  usb_core.o(i.Standard_SetConfiguration)
    i.Standard_SetDeviceFeature              0x0800113c   Section        0  usb_core.o(i.Standard_SetDeviceFeature)
    i.Standard_SetEndPointFeature            0x08001160   Section        0  usb_core.o(i.Standard_SetEndPointFeature)
    i.Standard_SetInterface                  0x080011e8   Section        0  usb_core.o(i.Standard_SetInterface)
    i.Suspend                                0x08001230   Section        0  usb_pwr.o(i.Suspend)
    i.SysTick_Handler                        0x080012f4   Section        0  stm32_it.o(i.SysTick_Handler)
    i.SystemInit                             0x080012f8   Section        0  system_stm32l1xx.o(i.SystemInit)
    i.USB_Cable_Config                       0x0800134c   Section        0  hw_config.o(i.USB_Cable_Config)
    i.USB_FS_WKUP_IRQHandler                 0x08001354   Section        0  stm32_it.o(i.USB_FS_WKUP_IRQHandler)
    i.USB_Init                               0x0800135c   Section        0  usb_init.o(i.USB_Init)
    i.USB_Interrupts_Config                  0x08001384   Section        0  hw_config.o(i.USB_Interrupts_Config)
    i.USB_Istr                               0x080013c4   Section        0  usb_istr.o(i.USB_Istr)
    i.USB_LP_IRQHandler                      0x0800150c   Section        0  stm32_it.o(i.USB_LP_IRQHandler)
    i.USB_SIL_Init                           0x08001510   Section        0  usb_sil.o(i.USB_SIL_Init)
    i.UsageFault_Handler                     0x08001530   Section        0  stm32_it.o(i.UsageFault_Handler)
    i.UserToPMABufferCopy                    0x08001534   Section        0  usb_mem.o(i.UserToPMABufferCopy)
    i.Virtual_Com_Port_Data_Setup            0x08001560   Section        0  usb_prop.o(i.Virtual_Com_Port_Data_Setup)
    i.Virtual_Com_Port_GetConfigDescriptor   0x080015b4   Section        0  usb_prop.o(i.Virtual_Com_Port_GetConfigDescriptor)
    i.Virtual_Com_Port_GetDeviceDescriptor   0x080015c0   Section        0  usb_prop.o(i.Virtual_Com_Port_GetDeviceDescriptor)
    i.Virtual_Com_Port_GetLineCoding         0x080015cc   Section        0  usb_prop.o(i.Virtual_Com_Port_GetLineCoding)
    i.Virtual_Com_Port_GetStringDescriptor   0x080015e8   Section        0  usb_prop.o(i.Virtual_Com_Port_GetStringDescriptor)
    i.Virtual_Com_Port_Get_Interface_Setting 0x08001608   Section        0  usb_prop.o(i.Virtual_Com_Port_Get_Interface_Setting)
    i.Virtual_Com_Port_NoData_Setup          0x08001618   Section        0  usb_prop.o(i.Virtual_Com_Port_NoData_Setup)
    i.Virtual_Com_Port_Reset                 0x0800163c   Section        0  usb_prop.o(i.Virtual_Com_Port_Reset)
    i.Virtual_Com_Port_SetConfiguration      0x0800171c   Section        0  usb_prop.o(i.Virtual_Com_Port_SetConfiguration)
    i.Virtual_Com_Port_SetDeviceAddress      0x08001734   Section        0  usb_prop.o(i.Virtual_Com_Port_SetDeviceAddress)
    i.Virtual_Com_Port_SetLineCoding         0x08001740   Section        0  usb_prop.o(i.Virtual_Com_Port_SetLineCoding)
    i.Virtual_Com_Port_Status_In             0x0800175c   Section        0  usb_prop.o(i.Virtual_Com_Port_Status_In)
    i.Virtual_Com_Port_Status_Out            0x08001770   Section        0  usb_prop.o(i.Virtual_Com_Port_Status_Out)
    i.Virtual_Com_Port_init                  0x08001774   Section        0  usb_prop.o(i.Virtual_Com_Port_init)
    i.__scatterload_copy                     0x08001798   Section       14  handlers.o(i.__scatterload_copy)
    i.__scatterload_null                     0x080017a6   Section        2  handlers.o(i.__scatterload_null)
    i.__scatterload_zeroinit                 0x080017a8   Section       14  handlers.o(i.__scatterload_zeroinit)
    i.main                                   0x080017b8   Section        0  main.o(i.main)
    .constdata                               0x08001804   Section       18  usb_desc.o(.constdata)
    .constdata                               0x08001816   Section       67  usb_desc.o(.constdata)
    .constdata                               0x08001859   Section        4  usb_desc.o(.constdata)
    .constdata                               0x0800185d   Section       38  usb_desc.o(.constdata)
    .constdata                               0x08001883   Section       50  usb_desc.o(.constdata)
    .data                                    0x20000000   Section        8  hw_config.o(.data)
    .data                                    0x20000008   Section        4  main.o(.data)
    .data                                    0x2000000c   Section        4  main.o(.data)
    .data                                    0x20000010   Section       26  usb_desc.o(.data)
    .data                                    0x2000002c   Section        4  usb_endp.o(.data)
    .data                                    0x20000030   Section       12  usb_istr.o(.data)
    .data                                    0x2000003c   Section       28  usb_istr.o(.data)
    .data                                    0x20000058   Section       28  usb_istr.o(.data)
    .data                                    0x20000074   Section      108  usb_prop.o(.data)
    .data                                    0x200000e0   Section        2  usb_prop.o(.data)
    .data                                    0x200000e4   Section       36  usb_prop.o(.data)
    .data                                    0x20000108   Section        4  usb_pwr.o(.data)
    .data                                    0x2000010c   Section        1  usb_pwr.o(.data)
    .data                                    0x20000110   Section        8  usb_pwr.o(.data)
    .data                                    0x20000118   Section        4  usb_core.o(.data)
    .data                                    0x2000011c   Section        1  usb_init.o(.data)
    .data                                    0x20000120   Section       12  usb_init.o(.data)
    .data                                    0x2000012c   Section        2  usb_init.o(.data)
    .data                                    0x2000012e   Section        4  usb_int.o(.data)
    .bss                                     0x20000134   Section       64  hw_config.o(.bss)
    .bss                                     0x20000174   Section       32  usb_pwr.o(.bss)
    .bss                                     0x20000194   Section       28  usb_init.o(.bss)
    STACK                                    0x200001b0   Section     1024  startup_stm32l1xx_md.o(STACK)

    Global Symbols

    Symbol Name                              Value     Ov Type        Size  Object(Section)

    BuildAttributes$$THM_ISAv4$P$D$K$B$S$PE$A:L22UL41UL21$X:L11$S22US41US21$IEEE1$IW$USESV6$~STKCKD$USESV7$~SHL$OSPACE$EBA8$MICROLIB$REQ8$PRES8$EABIv2 0x00000000   Number         0  anon$$obj.o ABSOLUTE
    __ARM_use_no_argv                        0x00000000   Number         0  main.o ABSOLUTE
    __cpp_initialize__aeabi_                  - Undefined Weak Reference
    __cxa_finalize                            - Undefined Weak Reference
    _clock_init                               - Undefined Weak Reference
    _microlib_exit                            - Undefined Weak Reference
    __Vectors_Size                           0x000000f4   Number         0  startup_stm32l1xx_md.o ABSOLUTE
    __Vectors                                0x08000000   Data           4  startup_stm32l1xx_md.o(RESET)
    __Vectors_End                            0x080000f4   Data           0  startup_stm32l1xx_md.o(RESET)
    __main                                   0x080000f5   Thumb Code     0  entry.o(.ARM.Collect$$$$00000000)
    _main_stk                                0x080000f5   Thumb Code     0  entry2.o(.ARM.Collect$$$$00000001)
    _main_scatterload                        0x080000f9   Thumb Code     0  entry5.o(.ARM.Collect$$$$00000004)
    __main_after_scatterload                 0x080000fd   Thumb Code     0  entry5.o(.ARM.Collect$$$$00000004)
    _main_clock                              0x080000fd   Thumb Code     0  entry7b.o(.ARM.Collect$$$$00000008)
    _main_cpp_init                           0x080000fd   Thumb Code     0  entry8b.o(.ARM.Collect$$$$0000000A)
    _main_init                               0x080000fd   Thumb Code     0  entry9a.o(.ARM.Collect$$$$0000000B)
    __rt_final_cpp                           0x08000105   Thumb Code     0  entry10a.o(.ARM.Collect$$$$0000000D)
    __rt_final_exit                          0x08000105   Thumb Code     0  entry11a.o(.ARM.Collect$$$$0000000F)
    Reset_Handler                            0x08000109   Thumb Code     8  startup_stm32l1xx_md.o(.text)
    ADC1_IRQHandler                          0x08000123   Thumb Code     0  startup_stm32l1xx_md.o(.text)
    COMP_IRQHandler                          0x08000123   Thumb Code     0  startup_stm32l1xx_md.o(.text)
    DAC_IRQHandler                           0x08000123   Thumb Code     0  startup_stm32l1xx_md.o(.text)
    DMA1_Channel1_IRQHandler                 0x08000123   Thumb Code     0  startup_stm32l1xx_md.o(.text)
    DMA1_Channel2_IRQHandler                 0x08000123   Thumb Code     0  startup_stm32l1xx_md.o(.text)
    DMA1_Channel3_IRQHandler                 0x08000123   Thumb Code     0  startup_stm32l1xx_md.o(.text)
    DMA1_Channel4_IRQHandler                 0x08000123   Thumb Code     0  startup_stm32l1xx_md.o(.text)
    DMA1_Channel5_IRQHandler                 0x08000123   Thumb Code     0  startup_stm32l1xx_md.o(.text)
    DMA1_Channel6_IRQHandler                 0x08000123   Thumb Code     0  startup_stm32l1xx_md.o(.text)
    DMA1_Channel7_IRQHandler                 0x08000123   Thumb Code     0  startup_stm32l1xx_md.o(.text)
    EXTI0_IRQHandler                         0x08000123   Thumb Code     0  startup_stm32l1xx_md.o(.text)
    EXTI15_10_IRQHandler                     0x08000123   Thumb Code     0  startup_stm32l1xx_md.o(.text)
    EXTI1_IRQHandler                         0x08000123   Thumb Code     0  startup_stm32l1xx_md.o(.text)
    EXTI2_IRQHandler                         0x08000123   Thumb Code     0  startup_stm32l1xx_md.o(.text)
    EXTI3_IRQHandler                         0x08000123   Thumb Code     0  startup_stm32l1xx_md.o(.text)
    EXTI4_IRQHandler                         0x08000123   Thumb Code     0  startup_stm32l1xx_md.o(.text)
    EXTI9_5_IRQHandler                       0x08000123   Thumb Code     0  startup_stm32l1xx_md.o(.text)
    FLASH_IRQHandler                         0x08000123   Thumb Code     0  startup_stm32l1xx_md.o(.text)
    I2C1_ER_IRQHandler                       0x08000123   Thumb Code     0  startup_stm32l1xx_md.o(.text)
    I2C1_EV_IRQHandler                       0x08000123   Thumb Code     0  startup_stm32l1xx_md.o(.text)
    I2C2_ER_IRQHandler                       0x08000123   Thumb Code     0  startup_stm32l1xx_md.o(.text)
    I2C2_EV_IRQHandler                       0x08000123   Thumb Code     0  startup_stm32l1xx_md.o(.text)
    LCD_IRQHandler                           0x08000123   Thumb Code     0  startup_stm32l1xx_md.o(.text)
    PVD_IRQHandler                           0x08000123   Thumb Code     0  startup_stm32l1xx_md.o(.text)
    RCC_IRQHandler                           0x08000123   Thumb Code     0  startup_stm32l1xx_md.o(.text)
    RTC_Alarm_IRQHandler                     0x08000123   Thumb Code     0  startup_stm32l1xx_md.o(.text)
    RTC_WKUP_IRQHandler                      0x08000123   Thumb Code     0  startup_stm32l1xx_md.o(.text)
    SPI1_IRQHandler                          0x08000123   Thumb Code     0  startup_stm32l1xx_md.o(.text)
    SPI2_IRQHandler                          0x08000123   Thumb Code     0  startup_stm32l1xx_md.o(.text)
    TAMPER_STAMP_IRQHandler                  0x08000123   Thumb Code     0  startup_stm32l1xx_md.o(.text)
    TIM10_IRQHandler                         0x08000123   Thumb Code     0  startup_stm32l1xx_md.o(.text)
    TIM11_IRQHandler                         0x08000123   Thumb Code     0  startup_stm32l1xx_md.o(.text)
    TIM2_IRQHandler                          0x08000123   Thumb Code     0  startup_stm32l1xx_md.o(.text)
    TIM3_IRQHandler                          0x08000123   Thumb Code     0  startup_stm32l1xx_md.o(.text)
    TIM4_IRQHandler                          0x08000123   Thumb Code     0  startup_stm32l1xx_md.o(.text)
    TIM6_IRQHandler                          0x08000123   Thumb Code     0  startup_stm32l1xx_md.o(.text)
    TIM7_IRQHandler                          0x08000123   Thumb Code     0  startup_stm32l1xx_md.o(.text)
    TIM9_IRQHandler                          0x08000123   Thumb Code     0  startup_stm32l1xx_md.o(.text)
    USART1_IRQHandler                        0x08000123   Thumb Code     0  startup_stm32l1xx_md.o(.text)
    USART2_IRQHandler                        0x08000123   Thumb Code     0  startup_stm32l1xx_md.o(.text)
    USART3_IRQHandler                        0x08000123   Thumb Code     0  startup_stm32l1xx_md.o(.text)
    USB_HP_IRQHandler                        0x08000123   Thumb Code     0  startup_stm32l1xx_md.o(.text)
    WWDG_IRQHandler                          0x08000123   Thumb Code     0  startup_stm32l1xx_md.o(.text)
    __scatterload                            0x0800012d   Thumb Code    28  init.o(.text)
    __scatterload_rt2                        0x0800012d   Thumb Code     0  init.o(.text)
    __decompress                             0x08000151   Thumb Code     0  __dczerorl2.o(.text)
    __decompress1                            0x08000151   Thumb Code    86  __dczerorl2.o(.text)
    BusFault_Handler                         0x080001a7   Thumb Code     2  stm32_it.o(i.BusFault_Handler)
    ByteSwap                                 0x080001a9   Thumb Code    10  usb_regs.o(i.ByteSwap)
    CDC_Receive_DATA                         0x080001b5   Thumb Code    18  hw_config.o(i.CDC_Receive_DATA)
    CDC_Send_DATA                            0x080001cd   Thumb Code    44  hw_config.o(i.CDC_Send_DATA)
    CTR_LP                                   0x080001fd   Thumb Code   318  usb_int.o(i.CTR_LP)
    ClearDTOG_RX                             0x08000359   Thumb Code    36  usb_regs.o(i.ClearDTOG_RX)
    ClearDTOG_TX                             0x08000381   Thumb Code    36  usb_regs.o(i.ClearDTOG_TX)
    Clear_Status_Out                         0x080003a9   Thumb Code    28  usb_regs.o(i.Clear_Status_Out)
    DebugMon_Handler                         0x080006bd   Thumb Code     2  stm32_it.o(i.DebugMon_Handler)
    EP1_IN_Callback                          0x080006c1   Thumb Code     8  usb_endp.o(i.EP1_IN_Callback)
    EP3_OUT_Callback                         0x080006cd   Thumb Code    34  usb_endp.o(i.EP3_OUT_Callback)
    EXTI_ClearITPendingBit                   0x080006fd   Thumb Code     6  stm32l1xx_exti.o(i.EXTI_ClearITPendingBit)
    EXTI_Init                                0x08000709   Thumb Code   108  stm32l1xx_exti.o(i.EXTI_Init)
    GetEPRxAddr                              0x08000779   Thumb Code    22  usb_regs.o(i.GetEPRxAddr)
    GetEPRxCount                             0x08000799   Thumb Code    24  usb_regs.o(i.GetEPRxCount)
    GetEPTxAddr                              0x080007b9   Thumb Code    20  usb_regs.o(i.GetEPTxAddr)
    Get_SerialNum                            0x080007d5   Thumb Code    40  hw_config.o(i.Get_SerialNum)
    HardFault_Handler                        0x08000805   Thumb Code     2  stm32_it.o(i.HardFault_Handler)
    In0_Process                              0x08000809   Thumb Code    80  usb_core.o(i.In0_Process)
    Leave_LowPowerMode                       0x0800089d   Thumb Code    20  hw_config.o(i.Leave_LowPowerMode)
    MemManage_Handler                        0x080008b9   Thumb Code     2  stm32_it.o(i.MemManage_Handler)
    NMI_Handler                              0x080008bb   Thumb Code     2  stm32_it.o(i.NMI_Handler)
    NOP_Process                              0x080008bd   Thumb Code     2  usb_core.o(i.NOP_Process)
    NVIC_Init                                0x080008c1   Thumb Code    96  misc.o(i.NVIC_Init)
    NVIC_PriorityGroupConfig                 0x08000925   Thumb Code    10  misc.o(i.NVIC_PriorityGroupConfig)
    Out0_Process                             0x08000a0d   Thumb Code    62  usb_core.o(i.Out0_Process)
    PMAToUserBufferCopy                      0x08000a55   Thumb Code    26  usb_mem.o(i.PMAToUserBufferCopy)
    PendSV_Handler                           0x08000a75   Thumb Code     2  stm32_it.o(i.PendSV_Handler)
    Post0_Process                            0x08000a79   Thumb Code    52  usb_core.o(i.Post0_Process)
    PowerOn                                  0x08000abd   Thumb Code    36  usb_pwr.o(i.PowerOn)
    RCC_APB1PeriphClockCmd                   0x08000ae9   Thumb Code    18  stm32l1xx_rcc.o(i.RCC_APB1PeriphClockCmd)
    RCC_APB2PeriphClockCmd                   0x08000b01   Thumb Code    18  stm32l1xx_rcc.o(i.RCC_APB2PeriphClockCmd)
    Resume                                   0x08000b19   Thumb Code   140  usb_pwr.o(i.Resume)
    Resume_Init                              0x08000bad   Thumb Code    26  usb_pwr.o(i.Resume_Init)
    SVC_Handler                              0x08000bcd   Thumb Code     2  stm32_it.o(i.SVC_Handler)
    SYSCFG_USBPuCmd                          0x08000bd1   Thumb Code    22  stm32l1xx_syscfg.o(i.SYSCFG_USBPuCmd)
    SetBTABLE                                0x08000bed   Thumb Code    10  usb_regs.o(i.SetBTABLE)
    SetDeviceAddress                         0x08000bfd   Thumb Code    58  usb_core.o(i.SetDeviceAddress)
    SetEPRxAddr                              0x08000c45   Thumb Code    24  usb_regs.o(i.SetEPRxAddr)
    SetEPRxCount                             0x08000c65   Thumb Code    54  usb_regs.o(i.SetEPRxCount)
    SetEPRxStatus                            0x08000ca5   Thumb Code    44  usb_regs.o(i.SetEPRxStatus)
    SetEPRxValid                             0x08000cd5   Thumb Code    32  usb_regs.o(i.SetEPRxValid)
    SetEPTxAddr                              0x08000cf9   Thumb Code    22  usb_regs.o(i.SetEPTxAddr)
    SetEPTxCount                             0x08000d19   Thumb Code    20  usb_regs.o(i.SetEPTxCount)
    SetEPTxStatus                            0x08000d35   Thumb Code    44  usb_regs.o(i.SetEPTxStatus)
    SetEPTxValid                             0x08000d65   Thumb Code    32  usb_regs.o(i.SetEPTxValid)
    SetEPType                                0x08000d89   Thumb Code    24  usb_regs.o(i.SetEPType)
    Set_System                               0x08000e69   Thumb Code    42  hw_config.o(i.Set_System)
    Set_USBClock                             0x08000e99   Thumb Code     8  hw_config.o(i.Set_USBClock)
    Setup0_Process                           0x08000ea1   Thumb Code    92  usb_core.o(i.Setup0_Process)
    Standard_ClearFeature                    0x08000f09   Thumb Code   232  usb_core.o(i.Standard_ClearFeature)
    Standard_GetConfiguration                0x08001005   Thumb Code    30  usb_core.o(i.Standard_GetConfiguration)
    Standard_GetDescriptorData               0x0800102d   Thumb Code    24  usb_core.o(i.Standard_GetDescriptorData)
    Standard_GetInterface                    0x08001049   Thumb Code    30  usb_core.o(i.Standard_GetInterface)
    Standard_GetStatus                       0x08001071   Thumb Code   130  usb_core.o(i.Standard_GetStatus)
    Standard_SetConfiguration                0x08001105   Thumb Code    42  usb_core.o(i.Standard_SetConfiguration)
    Standard_SetDeviceFeature                0x0800113d   Thumb Code    26  usb_core.o(i.Standard_SetDeviceFeature)
    Standard_SetEndPointFeature              0x08001161   Thumb Code   118  usb_core.o(i.Standard_SetEndPointFeature)
    Standard_SetInterface                    0x080011e9   Thumb Code    60  usb_core.o(i.Standard_SetInterface)
    Suspend                                  0x08001231   Thumb Code   176  usb_pwr.o(i.Suspend)
    SysTick_Handler                          0x080012f5   Thumb Code     2  stm32_it.o(i.SysTick_Handler)
    SystemInit                               0x080012f9   Thumb Code    68  system_stm32l1xx.o(i.SystemInit)
    USB_Cable_Config                         0x0800134d   Thumb Code     8  hw_config.o(i.USB_Cable_Config)
    USB_FS_WKUP_IRQHandler                   0x08001355   Thumb Code     8  stm32_it.o(i.USB_FS_WKUP_IRQHandler)
    USB_Init                                 0x0800135d   Thumb Code    22  usb_init.o(i.USB_Init)
    USB_Interrupts_Config                    0x08001385   Thumb Code    62  hw_config.o(i.USB_Interrupts_Config)
    USB_Istr                                 0x080013c5   Thumb Code   302  usb_istr.o(i.USB_Istr)
    USB_LP_IRQHandler                        0x0800150d   Thumb Code     4  stm32_it.o(i.USB_LP_IRQHandler)
    USB_SIL_Init                             0x08001511   Thumb Code    24  usb_sil.o(i.USB_SIL_Init)
    UsageFault_Handler                       0x08001531   Thumb Code     2  stm32_it.o(i.UsageFault_Handler)
    UserToPMABufferCopy                      0x08001535   Thumb Code    38  usb_mem.o(i.UserToPMABufferCopy)
    Virtual_Com_Port_Data_Setup              0x08001561   Thumb Code    68  usb_prop.o(i.Virtual_Com_Port_Data_Setup)
    Virtual_Com_Port_GetConfigDescriptor     0x080015b5   Thumb Code     6  usb_prop.o(i.Virtual_Com_Port_GetConfigDescriptor)
    Virtual_Com_Port_GetDeviceDescriptor     0x080015c1   Thumb Code     6  usb_prop.o(i.Virtual_Com_Port_GetDeviceDescriptor)
    Virtual_Com_Port_GetLineCoding           0x080015cd   Thumb Code    18  usb_prop.o(i.Virtual_Com_Port_GetLineCoding)
    Virtual_Com_Port_GetStringDescriptor     0x080015e9   Thumb Code    24  usb_prop.o(i.Virtual_Com_Port_GetStringDescriptor)
    Virtual_Com_Port_Get_Interface_Setting   0x08001609   Thumb Code    14  usb_prop.o(i.Virtual_Com_Port_Get_Interface_Setting)
    Virtual_Com_Port_NoData_Setup            0x08001619   Thumb Code    30  usb_prop.o(i.Virtual_Com_Port_NoData_Setup)
    Virtual_Com_Port_Reset                   0x0800163d   Thumb Code   208  usb_prop.o(i.Virtual_Com_Port_Reset)
    Virtual_Com_Port_SetConfiguration        0x0800171d   Thumb Code    16  usb_prop.o(i.Virtual_Com_Port_SetConfiguration)
    Virtual_Com_Port_SetDeviceAddress        0x08001735   Thumb Code     8  usb_prop.o(i.Virtual_Com_Port_SetDeviceAddress)
    Virtual_Com_Port_SetLineCoding           0x08001741   Thumb Code    18  usb_prop.o(i.Virtual_Com_Port_SetLineCoding)
    Virtual_Com_Port_Status_In               0x0800175d   Thumb Code    14  usb_prop.o(i.Virtual_Com_Port_Status_In)
    Virtual_Com_Port_Status_Out              0x08001771   Thumb Code     2  usb_prop.o(i.Virtual_Com_Port_Status_Out)
    Virtual_Com_Port_init                    0x08001775   Thumb Code    28  usb_prop.o(i.Virtual_Com_Port_init)
    __scatterload_copy                       0x08001799   Thumb Code    14  handlers.o(i.__scatterload_copy)
    __scatterload_null                       0x080017a7   Thumb Code     2  handlers.o(i.__scatterload_null)
    __scatterload_zeroinit                   0x080017a9   Thumb Code    14  handlers.o(i.__scatterload_zeroinit)
    main                                     0x080017b9   Thumb Code    60  main.o(i.main)
    Virtual_Com_Port_DeviceDescriptor        0x08001804   Data          18  usb_desc.o(.constdata)
    Virtual_Com_Port_ConfigDescriptor        0x08001816   Data          67  usb_desc.o(.constdata)
    Virtual_Com_Port_StringLangID            0x08001859   Data           4  usb_desc.o(.constdata)
    Virtual_Com_Port_StringVendor            0x0800185d   Data          38  usb_desc.o(.constdata)
    Virtual_Com_Port_StringProduct           0x08001883   Data          50  usb_desc.o(.constdata)
    Region$$Table$$Base                      0x080018b8   Number         0  anon$$obj.o(Region$$Table)
    Region$$Table$$Limit                     0x080018d8   Number         0  anon$$obj.o(Region$$Table)
    EXTI_InitStructure                       0x20000000   Data           8  hw_config.o(.data)
    packet_sent                              0x20000008   Data           4  main.o(.data)
    packet_receive                           0x2000000c   Data           4  main.o(.data)
    Virtual_Com_Port_StringSerial            0x20000010   Data          26  usb_desc.o(.data)
    Receive_length                           0x2000002c   Data           4  usb_endp.o(.data)
    bIntPackSOF                              0x20000030   Data           1  usb_istr.o(.data)
    wIstr                                    0x20000032   Data           2  usb_istr.o(.data)
    esof_counter                             0x20000034   Data           4  usb_istr.o(.data)
    wCNTR                                    0x20000038   Data           4  usb_istr.o(.data)
    pEpInt_IN                                0x2000003c   Data          28  usb_istr.o(.data)
    pEpInt_OUT                               0x20000058   Data          28  usb_istr.o(.data)
    Request                                  0x20000074   Data           1  usb_prop.o(.data)
    linecoding                               0x20000078   Data           8  usb_prop.o(.data)
    Device_Descriptor                        0x20000080   Data           8  usb_prop.o(.data)
    Config_Descriptor                        0x20000088   Data           8  usb_prop.o(.data)
    Device_Property                          0x20000090   Data          48  usb_prop.o(.data)
    String_Descriptor                        0x200000c0   Data          32  usb_prop.o(.data)
    Device_Table                             0x200000e0   Data           2  usb_prop.o(.data)
    User_Standard_Requests                   0x200000e4   Data          36  usb_prop.o(.data)
    bDeviceState                             0x20000108   Data           4  usb_pwr.o(.data)
    fSuspendEnabled                          0x2000010c   Data           1  usb_pwr.o(.data)
    ResumeS                                  0x20000110   Data           2  usb_pwr.o(.data)
    remotewakeupon                           0x20000114   Data           4  usb_pwr.o(.data)
    Data_Mul_MaxPacketSize                   0x20000118   Data           1  usb_core.o(.data)
    StatusInfo                               0x2000011a   Data           2  usb_core.o(.data)
    EPindex                                  0x2000011c   Data           1  usb_init.o(.data)
    pInformation                             0x20000120   Data           4  usb_init.o(.data)
    pProperty                                0x20000124   Data           4  usb_init.o(.data)
    pUser_Standard_Requests                  0x20000128   Data           4  usb_init.o(.data)
    wInterrupt_Mask                          0x2000012c   Data           2  usb_init.o(.data)
    SaveRState                               0x2000012e   Data           2  usb_int.o(.data)
    SaveTState                               0x20000130   Data           2  usb_int.o(.data)
    Receive_Buffer                           0x20000134   Data          64  hw_config.o(.bss)
    EP                                       0x20000174   Data          32  usb_pwr.o(.bss)
    Device_Info                              0x20000194   Data          28  usb_init.o(.bss)
    __initial_sp                             0x200005b0   Data           0  startup_stm32l1xx_md.o(STACK)



==============================================================================

Memory Map of the image

  Image Entry point : 0x080000f5

  Load Region LR_IROM1 (Base: 0x08000000, Size: 0x00001a0c, Max: 0x00020000, ABSOLUTE, COMPRESSED[0x00001954])

    Execution Region ER_IROM1 (Base: 0x08000000, Size: 0x000018d8, Max: 0x00020000, ABSOLUTE)

    Base Addr    Size         Type   Attr      Idx    E Section Name        Object

    0x08000000   0x000000f4   Data   RO          624    RESET               startup_stm32l1xx_md.o
    0x080000f4   0x00000000   Code   RO         4909  * .ARM.Collect$$$$00000000  mc_w.l(entry.o)
    0x080000f4   0x00000004   Code   RO         4912    .ARM.Collect$$$$00000001  mc_w.l(entry2.o)
    0x080000f8   0x00000004   Code   RO         4915    .ARM.Collect$$$$00000004  mc_w.l(entry5.o)
    0x080000fc   0x00000000   Code   RO         4917    .ARM.Collect$$$$00000008  mc_w.l(entry7b.o)
    0x080000fc   0x00000000   Code   RO         4919    .ARM.Collect$$$$0000000A  mc_w.l(entry8b.o)
    0x080000fc   0x00000008   Code   RO         4920    .ARM.Collect$$$$0000000B  mc_w.l(entry9a.o)
    0x08000104   0x00000000   Code   RO         4922    .ARM.Collect$$$$0000000D  mc_w.l(entry10a.o)
    0x08000104   0x00000000   Code   RO         4924    .ARM.Collect$$$$0000000F  mc_w.l(entry11a.o)
    0x08000104   0x00000004   Code   RO         4913    .ARM.Collect$$$$00002712  mc_w.l(entry2.o)
    0x08000108   0x00000024   Code   RO          625    .text               startup_stm32l1xx_md.o
    0x0800012c   0x00000024   Code   RO         4926    .text               mc_w.l(init.o)
    0x08000150   0x00000056   Code   RO         4936    .text               mc_w.l(__dczerorl2.o)
    0x080001a6   0x00000002   Code   RO          507    i.BusFault_Handler  stm32_it.o
    0x080001a8   0x0000000a   Code   RO         4511    i.ByteSwap          usb_regs.o
    0x080001b2   0x00000002   PAD
    0x080001b4   0x00000018   Code   RO            3    i.CDC_Receive_DATA  hw_config.o
    0x080001cc   0x00000030   Code   RO            4    i.CDC_Send_DATA     hw_config.o
    0x080001fc   0x0000015c   Code   RO         4448    i.CTR_LP            usb_int.o
    0x08000358   0x00000028   Code   RO         4512    i.ClearDTOG_RX      usb_regs.o
    0x08000380   0x00000028   Code   RO         4513    i.ClearDTOG_TX      usb_regs.o
    0x080003a8   0x00000020   Code   RO         4518    i.Clear_Status_Out  usb_regs.o
    0x080003c8   0x000000b4   Code   RO         4286    i.DataStageIn       usb_core.o
    0x0800047c   0x000000a4   Code   RO         4287    i.DataStageOut      usb_core.o
    0x08000520   0x0000019c   Code   RO         4288    i.Data_Setup0       usb_core.o
    0x080006bc   0x00000002   Code   RO          508    i.DebugMon_Handler  stm32_it.o
    0x080006be   0x00000002   PAD
    0x080006c0   0x0000000c   Code   RO          282    i.EP1_IN_Callback   usb_endp.o
    0x080006cc   0x00000030   Code   RO          283    i.EP3_OUT_Callback  usb_endp.o
    0x080006fc   0x0000000c   Code   RO         1395    i.EXTI_ClearITPendingBit  stm32l1xx_exti.o
    0x08000708   0x00000070   Code   RO         1400    i.EXTI_Init         stm32l1xx_exti.o
    0x08000778   0x00000020   Code   RO         4530    i.GetEPRxAddr       usb_regs.o
    0x08000798   0x00000020   Code   RO         4531    i.GetEPRxCount      usb_regs.o
    0x080007b8   0x0000001c   Code   RO         4533    i.GetEPTxAddr       usb_regs.o
    0x080007d4   0x00000030   Code   RO            6    i.Get_SerialNum     hw_config.o
    0x08000804   0x00000002   Code   RO          509    i.HardFault_Handler  stm32_it.o
    0x08000806   0x00000002   PAD
    0x08000808   0x0000005c   Code   RO         4289    i.In0_Process       usb_core.o
    0x08000864   0x00000038   Code   RO            7    i.IntToUnicode      hw_config.o
    0x0800089c   0x0000001c   Code   RO            8    i.Leave_LowPowerMode  hw_config.o
    0x080008b8   0x00000002   Code   RO          510    i.MemManage_Handler  stm32_it.o
    0x080008ba   0x00000002   Code   RO          511    i.NMI_Handler       stm32_it.o
    0x080008bc   0x00000002   Code   RO         4290    i.NOP_Process       usb_core.o
    0x080008be   0x00000002   PAD
    0x080008c0   0x00000064   Code   RO         4242    i.NVIC_Init         misc.o
    0x08000924   0x00000014   Code   RO         4243    i.NVIC_PriorityGroupConfig  misc.o
    0x08000938   0x000000d4   Code   RO         4291    i.NoData_Setup0     usb_core.o
    0x08000a0c   0x00000048   Code   RO         4292    i.Out0_Process      usb_core.o
    0x08000a54   0x00000020   Code   RO         4485    i.PMAToUserBufferCopy  usb_mem.o
    0x08000a74   0x00000002   Code   RO          512    i.PendSV_Handler    stm32_it.o
    0x08000a76   0x00000002   PAD
    0x08000a78   0x00000044   Code   RO         4293    i.Post0_Process     usb_core.o
    0x08000abc   0x0000002c   Code   RO          455    i.PowerOn           usb_pwr.o
    0x08000ae8   0x00000018   Code   RO         2469    i.RCC_APB1PeriphClockCmd  stm32l1xx_rcc.o
    0x08000b00   0x00000018   Code   RO         2472    i.RCC_APB2PeriphClockCmd  stm32l1xx_rcc.o
    0x08000b18   0x00000094   Code   RO          456    i.Resume            usb_pwr.o
    0x08000bac   0x00000020   Code   RO          457    i.Resume_Init       usb_pwr.o
    0x08000bcc   0x00000002   Code   RO          513    i.SVC_Handler       stm32_it.o
    0x08000bce   0x00000002   PAD
    0x08000bd0   0x0000001c   Code   RO         3413    i.SYSCFG_USBPuCmd   stm32l1xx_syscfg.o
    0x08000bec   0x00000010   Code   RO         4541    i.SetBTABLE         usb_regs.o
    0x08000bfc   0x00000048   Code   RO         4294    i.SetDeviceAddress  usb_core.o
    0x08000c44   0x00000020   Code   RO         4555    i.SetEPRxAddr       usb_regs.o
    0x08000c64   0x00000040   Code   RO         4556    i.SetEPRxCount      usb_regs.o
    0x08000ca4   0x00000030   Code   RO         4557    i.SetEPRxStatus     usb_regs.o
    0x08000cd4   0x00000024   Code   RO         4558    i.SetEPRxValid      usb_regs.o
    0x08000cf8   0x00000020   Code   RO         4559    i.SetEPTxAddr       usb_regs.o
    0x08000d18   0x0000001c   Code   RO         4560    i.SetEPTxCount      usb_regs.o
    0x08000d34   0x00000030   Code   RO         4561    i.SetEPTxStatus     usb_regs.o
    0x08000d64   0x00000024   Code   RO         4562    i.SetEPTxValid      usb_regs.o
    0x08000d88   0x0000001c   Code   RO         4563    i.SetEPType         usb_regs.o
    0x08000da4   0x000000c4   Code   RO          587    i.SetSysClock       system_stm32l1xx.o
    0x08000e68   0x00000030   Code   RO            9    i.Set_System        hw_config.o
    0x08000e98   0x00000008   Code   RO           10    i.Set_USBClock      hw_config.o
    0x08000ea0   0x00000068   Code   RO         4295    i.Setup0_Process    usb_core.o
    0x08000f08   0x000000fc   Code   RO         4296    i.Standard_ClearFeature  usb_core.o
    0x08001004   0x00000028   Code   RO         4297    i.Standard_GetConfiguration  usb_core.o
    0x0800102c   0x0000001c   Code   RO         4298    i.Standard_GetDescriptorData  usb_core.o
    0x08001048   0x00000028   Code   RO         4299    i.Standard_GetInterface  usb_core.o
    0x08001070   0x00000094   Code   RO         4300    i.Standard_GetStatus  usb_core.o
    0x08001104   0x00000038   Code   RO         4301    i.Standard_SetConfiguration  usb_core.o
    0x0800113c   0x00000024   Code   RO         4302    i.Standard_SetDeviceFeature  usb_core.o
    0x08001160   0x00000088   Code   RO         4303    i.Standard_SetEndPointFeature  usb_core.o
    0x080011e8   0x00000048   Code   RO         4304    i.Standard_SetInterface  usb_core.o
    0x08001230   0x000000c4   Code   RO          458    i.Suspend           usb_pwr.o
    0x080012f4   0x00000002   Code   RO          514    i.SysTick_Handler   stm32_it.o
    0x080012f6   0x00000002   PAD
    0x080012f8   0x00000054   Code   RO          589    i.SystemInit        system_stm32l1xx.o
    0x0800134c   0x00000008   Code   RO           11    i.USB_Cable_Config  hw_config.o
    0x08001354   0x00000008   Code   RO          515    i.USB_FS_WKUP_IRQHandler  stm32_it.o
    0x0800135c   0x00000028   Code   RO         4413    i.USB_Init          usb_init.o
    0x08001384   0x0000003e   Code   RO           12    i.USB_Interrupts_Config  hw_config.o
    0x080013c2   0x00000002   PAD
    0x080013c4   0x00000148   Code   RO          315    i.USB_Istr          usb_istr.o
    0x0800150c   0x00000004   Code   RO          516    i.USB_LP_IRQHandler  stm32_it.o
    0x08001510   0x00000020   Code   RO         4879    i.USB_SIL_Init      usb_sil.o
    0x08001530   0x00000002   Code   RO          517    i.UsageFault_Handler  stm32_it.o
    0x08001532   0x00000002   PAD
    0x08001534   0x0000002c   Code   RO         4486    i.UserToPMABufferCopy  usb_mem.o
    0x08001560   0x00000054   Code   RO          343    i.Virtual_Com_Port_Data_Setup  usb_prop.o
    0x080015b4   0x0000000c   Code   RO          344    i.Virtual_Com_Port_GetConfigDescriptor  usb_prop.o
    0x080015c0   0x0000000c   Code   RO          345    i.Virtual_Com_Port_GetDeviceDescriptor  usb_prop.o
    0x080015cc   0x0000001c   Code   RO          346    i.Virtual_Com_Port_GetLineCoding  usb_prop.o
    0x080015e8   0x00000020   Code   RO          347    i.Virtual_Com_Port_GetStringDescriptor  usb_prop.o
    0x08001608   0x0000000e   Code   RO          348    i.Virtual_Com_Port_Get_Interface_Setting  usb_prop.o
    0x08001616   0x00000002   PAD
    0x08001618   0x00000024   Code   RO          349    i.Virtual_Com_Port_NoData_Setup  usb_prop.o
    0x0800163c   0x000000e0   Code   RO          350    i.Virtual_Com_Port_Reset  usb_prop.o
    0x0800171c   0x00000018   Code   RO          351    i.Virtual_Com_Port_SetConfiguration  usb_prop.o
    0x08001734   0x0000000c   Code   RO          352    i.Virtual_Com_Port_SetDeviceAddress  usb_prop.o
    0x08001740   0x0000001c   Code   RO          353    i.Virtual_Com_Port_SetLineCoding  usb_prop.o
    0x0800175c   0x00000014   Code   RO          354    i.Virtual_Com_Port_Status_In  usb_prop.o
    0x08001770   0x00000002   Code   RO          355    i.Virtual_Com_Port_Status_Out  usb_prop.o
    0x08001772   0x00000002   PAD
    0x08001774   0x00000024   Code   RO          356    i.Virtual_Com_Port_init  usb_prop.o
    0x08001798   0x0000000e   Code   RO         4930    i.__scatterload_copy  mc_w.l(handlers.o)
    0x080017a6   0x00000002   Code   RO         4931    i.__scatterload_null  mc_w.l(handlers.o)
    0x080017a8   0x0000000e   Code   RO         4932    i.__scatterload_zeroinit  mc_w.l(handlers.o)
    0x080017b6   0x00000002   PAD
    0x080017b8   0x0000004c   Code   RO          231    i.main              main.o
    0x08001804   0x00000012   Data   RO          257    .constdata          usb_desc.o
    0x08001816   0x00000043   Data   RO          258    .constdata          usb_desc.o
    0x08001859   0x00000004   Data   RO          259    .constdata          usb_desc.o
    0x0800185d   0x00000026   Data   RO          260    .constdata          usb_desc.o
    0x08001883   0x00000032   Data   RO          261    .constdata          usb_desc.o
    0x080018b5   0x00000003   PAD
    0x080018b8   0x00000020   Data   RO         4928    Region$$Table       anon$$obj.o


    Execution Region RW_IRAM1 (Base: 0x20000000, Size: 0x000005b0, Max: 0x00004000, ABSOLUTE, COMPRESSED[0x0000007c])

    Base Addr    Size         Type   Attr      Idx    E Section Name        Object

    0x20000000   0x00000008   Data   RW           15    .data               hw_config.o
    0x20000008   0x00000004   Data   RW          233    .data               main.o
    0x2000000c   0x00000004   Data   RW          234    .data               main.o
    0x20000010   0x0000001a   Data   RW          262    .data               usb_desc.o
    0x2000002a   0x00000002   PAD
    0x2000002c   0x00000004   Data   RW          284    .data               usb_endp.o
    0x20000030   0x0000000c   Data   RW          316    .data               usb_istr.o
    0x2000003c   0x0000001c   Data   RW          317    .data               usb_istr.o
    0x20000058   0x0000001c   Data   RW          318    .data               usb_istr.o
    0x20000074   0x0000006c   Data   RW          357    .data               usb_prop.o
    0x200000e0   0x00000002   Data   RW          358    .data               usb_prop.o
    0x200000e2   0x00000002   PAD
    0x200000e4   0x00000024   Data   RW          359    .data               usb_prop.o
    0x20000108   0x00000004   Data   RW          460    .data               usb_pwr.o
    0x2000010c   0x00000001   Data   RW          461    .data               usb_pwr.o
    0x2000010d   0x00000003   PAD
    0x20000110   0x00000008   Data   RW          462    .data               usb_pwr.o
    0x20000118   0x00000004   Data   RW         4305    .data               usb_core.o
    0x2000011c   0x00000001   Data   RW         4415    .data               usb_init.o
    0x2000011d   0x00000003   PAD
    0x20000120   0x0000000c   Data   RW         4416    .data               usb_init.o
    0x2000012c   0x00000002   Data   RW         4418    .data               usb_init.o
    0x2000012e   0x00000004   Data   RW         4449    .data               usb_int.o
    0x20000132   0x00000002   PAD
    0x20000134   0x00000040   Zero   RW           13    .bss                hw_config.o
    0x20000174   0x00000020   Zero   RW          459    .bss                usb_pwr.o
    0x20000194   0x0000001c   Zero   RW         4414    .bss                usb_init.o
    0x200001b0   0x00000400   Zero   RW          622    STACK               startup_stm32l1xx_md.o


==============================================================================

Image component sizes


      Code (inc. data)   RO Data    RW Data    ZI Data      Debug   Object Name

       330         32          0          8         64     193747   hw_config.o
        76         16          0          8          0       1499   main.o
       120         14          0          0          0       1799   misc.o
        36          8        244          0       1024        952   startup_stm32l1xx_md.o
        30          0          0          0          0       5271   stm32_it.o
       124         10          0          0          0       1845   stm32l1xx_exti.o
        48         12          0          0          0       1306   stm32l1xx_rcc.o
        28          6          0          0          0        626   stm32l1xx_syscfg.o
       280         28          0          0          0       1669   system_stm32l1xx.o
      2186        284          0          4          0      16099   usb_core.o
         0          0        177         26          0       1187   usb_desc.o
        60         18          0          4          0       1310   usb_endp.o
        40         18          0         15         28       4498   usb_init.o
       348         30          0          4          0       1928   usb_int.o
       328         26          0         68          0       1767   usb_istr.o
        76         12          0          0          0       1900   usb_mem.o
       564        104          0        146          0      12053   usb_prop.o
       420         48          0         13         32       4052   usb_pwr.o
       582        100          0          0          0      10861   usb_regs.o
        32          8          0          0          0        595   usb_sil.o

    ----------------------------------------------------------------------
      5730        774        456        308       1148     264964   Object Totals
         0          0         32          0          0          0   (incl. Generated)
        22          0          3         12          0          0   (incl. Padding)

    ----------------------------------------------------------------------

      Code (inc. data)   RO Data    RW Data    ZI Data      Debug   Library Member Name

        86          0          0          0          0          0   __dczerorl2.o
         0          0          0          0          0          0   entry.o
         0          0          0          0          0          0   entry10a.o
         0          0          0          0          0          0   entry11a.o
         8          4          0          0          0          0   entry2.o
         4          0          0          0          0          0   entry5.o
         0          0          0          0          0          0   entry7b.o
         0          0          0          0          0          0   entry8b.o
         8          4          0          0          0          0   entry9a.o
        30          0          0          0          0          0   handlers.o
        36          8          0          0          0         68   init.o

    ----------------------------------------------------------------------
       174         16          0          0          0         68   Library Totals
         2          0          0          0          0          0   (incl. Padding)

    ----------------------------------------------------------------------

      Code (inc. data)   RO Data    RW Data    ZI Data      Debug   Library Name

       172         16          0          0          0         68   mc_w.l

    ----------------------------------------------------------------------
       174         16          0          0          0         68   Library Totals

    ----------------------------------------------------------------------

==============================================================================


      Code (inc. data)   RO Data    RW Data    ZI Data      Debug   

      5904        790        456        308       1148     260740   Grand Totals
      5904        790        456        124       1148     260740   ELF Image Totals (compressed)
      5904        790        456        124          0          0   ROM Totals

==============================================================================

    Total RO  Size (Code + RO Data)                 6360 (   6.21kB)
    Total RW  Size (RW Data + ZI Data)              1456 (   1.42kB)
    Total ROM Size (Code + RO Data + RW Data)       6484 (   6.33kB)

==============================================================================

